../Core/Src/main.c:87:5:main	8	static
../Core/Src/main.c:141:6:SystemClock_Config	88	static
../Core/Src/main.c:179:13:MX_ADC_Init	24	static
../Core/Src/main.c:281:13:MX_DAC_Init	16	static
../Core/Src/main.c:321:13:MX_I2C2_Init	8	static
../Core/Src/main.c:369:13:MX_SPI1_Init	8	static
../Core/Src/main.c:409:13:MX_TIM1_Init	32	static
../Core/Src/main.c:455:13:MX_TIM2_Init	32	static
../Core/Src/main.c:500:13:MX_TIM3_Init	64	static
../Core/Src/main.c:559:13:MX_TIM6_Init	16	static
../Core/Src/main.c:597:13:MX_TIM7_Init	16	static
../Core/Src/main.c:635:13:MX_TIM14_Init	8	static
../Core/Src/main.c:666:13:MX_TIM15_Init	32	static
../Core/Src/main.c:710:13:MX_DMA_Init	16	static
../Core/Src/main.c:728:13:MX_GPIO_Init	56	static
../Core/Src/main.c:837:6:Error_Handler	8	static,ignoring_inline_asm
