../Core/Src/main.c:85:5:main	8	static
../Core/Src/main.c:138:6:SystemClock_Config	88	static
../Core/Src/main.c:176:13:MX_ADC_Init	24	static
../Core/Src/main.c:278:13:MX_I2C2_Init	8	static
../Core/Src/main.c:326:13:MX_TIM1_Init	32	static
../Core/Src/main.c:372:13:MX_TIM2_Init	32	static
../Core/Src/main.c:417:13:MX_TIM3_Init	64	static
../Core/Src/main.c:476:13:MX_TIM6_Init	16	static
../Core/Src/main.c:514:13:MX_TIM7_Init	16	static
../Core/Src/main.c:552:13:MX_TIM14_Init	8	static
../Core/Src/main.c:583:13:MX_TIM15_Init	32	static
../Core/Src/main.c:629:13:MX_TIM16_Init	8	static
../Core/Src/main.c:661:13:MX_TIM17_Init	8	static
../Core/Src/main.c:693:13:MX_USART4_UART_Init	8	static
../Core/Src/main.c:726:13:MX_DMA_Init	16	static
../Core/Src/main.c:744:13:MX_GPIO_Init	56	static
../Core/Src/main.c:828:6:Error_Handler	8	static,ignoring_inline_asm
