../myLib/mylib_lcd.c:159:6:SP100_LCD_ALL_SEG.part.0	32	static
../myLib/mylib_lcd.c:117:6:SP100_LCD_Command	24	static
../myLib/mylib_lcd.c:89:6:SP100_LCD_Init	8	static
../myLib/mylib_lcd.c:107:6:SP100_LCD_DeInit	8	static
../myLib/mylib_lcd.c:124:9:SP100_LCD_SEG_Read	32	static
../myLib/mylib_lcd.c:134:6:SP100_LCD_SEG_OFF	32	static
../myLib/mylib_lcd.c:221:6:SP100_LCD_Mode_SEG.part.0	8	static
../myLib/mylib_lcd.c:144:6:SP100_LCD_SEG_ON	32	static
../myLib/mylib_lcd.c:153:6:SP100_LCD_Backlight	0	static
../myLib/mylib_lcd.c:159:6:SP100_LCD_ALL_SEG	32	static
../myLib/mylib_lcd.c:185:6:SP100_LCD_AUTO_SEG	8	static
../myLib/mylib_lcd.c:203:6:SP100_LCD_DEF_SEG	8	static
../myLib/mylib_lcd.c:221:6:SP100_LCD_Mode_SEG	8	static
../myLib/mylib_lcd.c:245:6:SP100_LCD_Blower_SEG	8	static
../myLib/mylib_lcd.c:295:6:SP100_LCD_Out_Temp_SEG	8	static
../myLib/mylib_lcd.c:313:6:SP100_LCD_Set_Point_SEG	8	static
../myLib/mylib_lcd.c:375:6:SP100_LCD_State_Init_SEG	8	static
../myLib/mylib_lcd.c:434:6:SP100_LCD_AC_Handler	8	static
../myLib/mylib_lcd.c:452:6:SP100_LCD_R_DEF_Handler	8	static
../myLib/mylib_lcd.c:470:6:SP100_LCD_Mode_Handler	16	static
../myLib/mylib_lcd.c:518:6:SP100_LCD_Airmix_Handler	0	static
../myLib/mylib_lcd.c:524:6:SP100_LCD_Blower_Handler	24	static
../myLib/mylib_lcd.c:721:6:SP100_LCD_Set_Point_Segment	0	static
../myLib/mylib_lcd.c:727:6:SP100_LCD_Set_Point_Handler	0	static
../myLib/mylib_lcd.c:733:6:SP100_LCD_Out_Temp_Segment	0	static
../myLib/mylib_lcd.c:739:6:SP100_LCD_Out_Temp_Handler	0	static
