../CCU_Lib/sp100_lcd.c:89:6:SP100_LCD_Init	8	static
../CCU_Lib/sp100_lcd.c:107:6:SP100_LCD_DeInit	8	static
../CCU_Lib/sp100_lcd.c:117:6:SP100_LCD_Command	32	static
../CCU_Lib/sp100_lcd.c:124:9:SP100_LCD_SEG_Read	40	static
../CCU_Lib/sp100_lcd.c:134:6:SP100_LCD_SEG_OFF	40	static
../CCU_Lib/sp100_lcd.c:144:6:SP100_LCD_SEG_ON	40	static
../CCU_Lib/sp100_lcd.c:153:6:SP100_LCD_Backlight	16	static
../CCU_Lib/sp100_lcd.c:159:6:SP100_LCD_ALL_SEG	40	static
../CCU_Lib/sp100_lcd.c:185:6:SP100_LCD_AUTO_SEG	16	static
../CCU_Lib/sp100_lcd.c:203:6:SP100_LCD_DEF_SEG	16	static
../CCU_Lib/sp100_lcd.c:221:6:SP100_LCD_MD_SEG	16	static
../CCU_Lib/sp100_lcd.c:245:6:SP100_LCD_BL_SEG	16	static
../CCU_Lib/sp100_lcd.c:295:6:SP100_LCD_OT_SEG	16	static
../CCU_Lib/sp100_lcd.c:313:6:SP100_LCD_SP_SEG	16	static
../CCU_Lib/sp100_lcd.c:375:6:SP100_LCD_State_Init_SEG	16	static
../CCU_Lib/sp100_lcd.c:434:6:SP100_LCD_AC_Handler	16	static
../CCU_Lib/sp100_lcd.c:452:6:SP100_LCD_RD_Handler	16	static
../CCU_Lib/sp100_lcd.c:470:6:SP100_LCD_MD_Handler	16	static
../CCU_Lib/sp100_lcd.c:518:6:SP100_LCD_AM_Handler	16	static
../CCU_Lib/sp100_lcd.c:524:6:SP100_LCD_BL_Handler	16	static
../CCU_Lib/sp100_lcd.c:721:6:SP100_LCD_SP_Segment	16	static
../CCU_Lib/sp100_lcd.c:1154:6:SP100_LCD_SP_Handler	64	static
../CCU_Lib/sp100_lcd.c:1189:6:SP100_LCD_OT_Segment	16	static
../CCU_Lib/sp100_lcd.c:1478:6:SP100_LCD_OT_Handler	104	static
../CCU_Lib/sp100_lcd.c:1549:6:SP100_LCD_Snsr_Index_Handler	16	static
../CCU_Lib/sp100_lcd.c:1618:6:SP100_LCD_DIAG_Snsr_Handler	16	static
../CCU_Lib/sp100_lcd.c:1709:6:SP100_LCD_DIAG_Actr_Handler	16	static
../CCU_Lib/sp100_lcd.c:1800:6:SP100_LCD_DIAG_Actr_Busy	8	static
