nx7_lcd.c:19:6:NX7_LCD_Init	8	static
nx7_lcd.c:36:6:NX7_LCD_DeInit	8	static
nx7_lcd.c:45:6:NX7_LCD_Command	32	static
nx7_lcd.c:52:9:NX7_LCD_SEG_Read	32	static
nx7_lcd.c:62:6:NX7_LCD_SEG_OFF	32	static
nx7_lcd.c:71:6:NX7_LCD_SEG_ON	32	static
nx7_lcd.c:79:6:NX7_LCD_Backlight	16	static
nx7_lcd.c:85:6:NX7_LCD_ALL_SEG	40	static
nx7_lcd.c:111:6:NX7_LCD_OFF_SEG	16	static
nx7_lcd.c:129:6:NX7_LCD_AUTO_SEG	16	static
nx7_lcd.c:147:6:NX7_LCD_ECON_SEG	16	static
nx7_lcd.c:165:6:NX7_LCD_DEF_SEG	16	static
nx7_lcd.c:183:6:NX7_LCD_Intake_SEG	16	static
nx7_lcd.c:205:6:NX7_LCD_Mode_SEG	16	static
nx7_lcd.c:229:6:NX7_LCD_Blower_SEG	16	static
nx7_lcd.c:264:6:NX7_LCD_Out_Temp_SEG	16	static
nx7_lcd.c:282:6:NX7_LCD_Set_Point_SEG	16	static
nx7_lcd.c:347:6:NX7_LCD_State_Init_SEG	16	static
nx7_lcd.c:400:6:NX7_LCD_AC_Handler	16	static
nx7_lcd.c:418:6:NX7_LCD_R_DEF_Handler	16	static
nx7_lcd.c:436:6:NX7_LCD_Intake_Handler	16	static
nx7_lcd.c:458:6:NX7_LCD_Mode_Handler	16	static
nx7_lcd.c:506:6:NX7_LCD_Airmix_Handler	16	static
nx7_lcd.c:512:6:NX7_LCD_Blower_Handler	16	static
nx7_lcd.c:637:6:NX7_LCD_Set_Point_Segment	16	static
nx7_lcd.c:1072:6:NX7_LCD_Set_Point_Handler	56	static
nx7_lcd.c:1107:6:NX7_LCD_Out_Temp_Segment	16	static
nx7_lcd.c:1399:6:NX7_LCD_Out_Temp_Handler	64	static
nx7_lcd.c:1443:6:NX7_LCD_Sensor_Index_Handler	16	static
