../Core/Src/stm32f0xx_hal_msp.c:66:6:HAL_MspInit	8	static
../Core/Src/stm32f0xx_hal_msp.c:88:6:HAL_ADC_MspInit	48	static
../Core/Src/stm32f0xx_hal_msp.c:148:6:HAL_ADC_MspDeInit	8	static
../Core/Src/stm32f0xx_hal_msp.c:188:6:HAL_DAC_MspInit	40	static
../Core/Src/stm32f0xx_hal_msp.c:224:6:HAL_DAC_MspDeInit	8	static
../Core/Src/stm32f0xx_hal_msp.c:261:6:HAL_I2C_MspInit	40	static
../Core/Src/stm32f0xx_hal_msp.c:297:6:HAL_I2C_MspDeInit	8	static
../Core/Src/stm32f0xx_hal_msp.c:328:6:HAL_SPI_MspInit	40	static
../Core/Src/stm32f0xx_hal_msp.c:365:6:HAL_SPI_MspDeInit	8	static
../Core/Src/stm32f0xx_hal_msp.c:395:6:HAL_TIM_Base_MspInit	40	static
../Core/Src/stm32f0xx_hal_msp.c:492:6:HAL_TIM_MspPostInit	32	static
../Core/Src/stm32f0xx_hal_msp.c:524:6:HAL_TIM_Base_MspDeInit	8	static
