Component: ARM Compiler 5.06 update 7 (build 960) Tool: armlink [4d3601]

==============================================================================

Section Cross References

    startup_stm32f072xb.o(STACK) refers (Special) to heapauxi.o(.text) for __use_two_region_memory
    startup_stm32f072xb.o(HEAP) refers (Special) to heapauxi.o(.text) for __use_two_region_memory
    startup_stm32f072xb.o(RESET) refers (Special) to heapauxi.o(.text) for __use_two_region_memory
    startup_stm32f072xb.o(RESET) refers to startup_stm32f072xb.o(STACK) for __initial_sp
    startup_stm32f072xb.o(RESET) refers to startup_stm32f072xb.o(.text) for Reset_Handler
    startup_stm32f072xb.o(RESET) refers to stm32f0xx_it.o(i.NMI_Handler) for NMI_Handler
    startup_stm32f072xb.o(RESET) refers to stm32f0xx_it.o(i.HardFault_Handler) for HardFault_Handler
    startup_stm32f072xb.o(RESET) refers to stm32f0xx_it.o(i.SVC_Handler) for SVC_Handler
    startup_stm32f072xb.o(RESET) refers to stm32f0xx_it.o(i.PendSV_Handler) for PendSV_Handler
    startup_stm32f072xb.o(RESET) refers to stm32f0xx_it.o(i.SysTick_Handler) for SysTick_Handler
    startup_stm32f072xb.o(RESET) refers to stm32f0xx_it.o(i.EXTI0_1_IRQHandler) for EXTI0_1_IRQHandler
    startup_stm32f072xb.o(RESET) refers to stm32f0xx_it.o(i.EXTI4_15_IRQHandler) for EXTI4_15_IRQHandler
    startup_stm32f072xb.o(RESET) refers to stm32f0xx_it.o(i.DMA1_Channel1_IRQHandler) for DMA1_Channel1_IRQHandler
    startup_stm32f072xb.o(RESET) refers to stm32f0xx_it.o(i.ADC1_COMP_IRQHandler) for ADC1_COMP_IRQHandler
    startup_stm32f072xb.o(RESET) refers to stm32f0xx_it.o(i.TIM2_IRQHandler) for TIM2_IRQHandler
    startup_stm32f072xb.o(RESET) refers to stm32f0xx_it.o(i.TIM6_DAC_IRQHandler) for TIM6_DAC_IRQHandler
    startup_stm32f072xb.o(RESET) refers to stm32f0xx_it.o(i.TIM7_IRQHandler) for TIM7_IRQHandler
    startup_stm32f072xb.o(RESET) refers to stm32f0xx_it.o(i.TIM14_IRQHandler) for TIM14_IRQHandler
    startup_stm32f072xb.o(RESET) refers to stm32f0xx_it.o(i.TIM15_IRQHandler) for TIM15_IRQHandler
    startup_stm32f072xb.o(.text) refers (Special) to heapauxi.o(.text) for __use_two_region_memory
    startup_stm32f072xb.o(.text) refers to system_stm32f0xx.o(i.SystemInit) for SystemInit
    startup_stm32f072xb.o(.text) refers to __main.o(!!!main) for __main
    startup_stm32f072xb.o(.text) refers to startup_stm32f072xb.o(HEAP) for Heap_Mem
    startup_stm32f072xb.o(.text) refers to startup_stm32f072xb.o(STACK) for Stack_Mem
    mylib_adc_isr.o(i.HAL_ADC_ConvCpltCallback) refers to stm32f0xx_hal_gpio.o(i.HAL_GPIO_WritePin) for HAL_GPIO_WritePin
    mylib_adc_isr.o(i.HAL_ADC_ConvCpltCallback) refers to dflti.o(.text) for __aeabi_ui2d
    mylib_adc_isr.o(i.HAL_ADC_ConvCpltCallback) refers to dmul.o(.text) for __aeabi_dmul
    mylib_adc_isr.o(i.HAL_ADC_ConvCpltCallback) refers to ddiv.o(.text) for __aeabi_ddiv
    mylib_adc_isr.o(i.HAL_ADC_ConvCpltCallback) refers to d2f.o(.text) for __aeabi_d2f
    mylib_adc_isr.o(i.HAL_ADC_ConvCpltCallback) refers to mylib_global_variables.o(.data) for secCounter
    mylib_adc_isr.o(i.HAL_ADC_ConvCpltCallback) refers to mylib_global_variables.o(.data) for minCounter
    mylib_adc_isr.o(i.HAL_ADC_ConvCpltCallback) refers to mylib_adc_isr.o(.bss) for .bss
    mylib_adc_isr.o(i.HAL_ADC_ConvCpltCallback) refers to mylib_global_variables.o(.data) for SP100_Mode_FB
    mylib_adc_isr.o(i.HAL_ADC_ConvCpltCallback) refers to mylib_global_variables.o(.data) for SP100_Airmix_FB
    mylib_adc_isr.o(i.HAL_ADC_ConvCpltCallback) refers to mylib_global_variables.o(.data) for SP100_Blower_VOLT
    mylib_adc_isr.o(i.HAL_ADC_ConvCpltCallback) refers to mylib_global_variables.o(.data) for Airmix_MA_Pot_State
    mylib_adc_isr.o(i.HAL_ADC_ConvCpltCallback) refers to mylib_global_variables.o(.data) for Mode_MA_Pot_State
    mylib_adc_isr.o(i.HAL_ADC_ConvCpltCallback) refers to mylib_global_variables.o(.data) for SP100_AUTO_Blink_State
    mylib_adc_isr.o(i.SP100_ADC_DeInit) refers to stm32f0xx_hal_tim.o(i.HAL_TIM_Base_Stop) for HAL_TIM_Base_Stop
    mylib_adc_isr.o(i.SP100_ADC_DeInit) refers to stm32f0xx_hal_adc.o(i.HAL_ADC_Stop_DMA) for HAL_ADC_Stop_DMA
    mylib_adc_isr.o(i.SP100_ADC_DeInit) refers to main.o(.bss) for htim1
    mylib_adc_isr.o(i.SP100_ADC_Init) refers to stm32f0xx_hal_adc_ex.o(i.HAL_ADCEx_Calibration_Start) for HAL_ADCEx_Calibration_Start
    mylib_adc_isr.o(i.SP100_ADC_Init) refers to stm32f0xx_hal_adc.o(i.HAL_ADC_Start_DMA) for HAL_ADC_Start_DMA
    mylib_adc_isr.o(i.SP100_ADC_Init) refers to stm32f0xx_hal_tim.o(i.HAL_TIM_Base_Start) for HAL_TIM_Base_Start
    mylib_adc_isr.o(i.SP100_ADC_Init) refers to main.o(.bss) for hadc
    mylib_adc_isr.o(i.SP100_ADC_Init) refers to mylib_adc_isr.o(.bss) for .bss
    mylib_atc_ccu.o(i.SP100_CCU_Infinite_Loop) refers to sp100_intake.o(i.SP100_Intake_Recycle) for SP100_Intake_Recycle
    mylib_atc_ccu.o(i.SP100_CCU_Infinite_Loop) refers to stm32f0xx_hal_gpio.o(i.HAL_GPIO_WritePin) for HAL_GPIO_WritePin
[...]
    i.HAL_NVIC_EnableIRQ                     0x08002008   Section        0  stm32f0xx_hal_cortex.o(i.HAL_NVIC_EnableIRQ)
    i.HAL_NVIC_SetPriority                   0x08002020   Section        0  stm32f0xx_hal_cortex.o(i.HAL_NVIC_SetPriority)
    i.HAL_RCC_ClockConfig                    0x08002028   Section        0  stm32f0xx_hal_rcc.o(i.HAL_RCC_ClockConfig)
    i.HAL_RCC_GetSysClockFreq                0x0800213c   Section        0  stm32f0xx_hal_rcc.o(i.HAL_RCC_GetSysClockFreq)
    i.HAL_RCC_OscConfig                      0x080021d0   Section        0  stm32f0xx_hal_rcc.o(i.HAL_RCC_OscConfig)
    i.HAL_SPI_Init                           0x080025d4   Section        0  stm32f0xx_hal_spi.o(i.HAL_SPI_Init)
    i.HAL_SPI_MspInit                        0x080026c4   Section        0  stm32f0xx_hal_msp.o(i.HAL_SPI_MspInit)
    i.HAL_SPI_TransmitReceive                0x08002724   Section        0  stm32f0xx_hal_spi.o(i.HAL_SPI_TransmitReceive)
    i.HAL_SYSTICK_Config                     0x08002918   Section        0  stm32f0xx_hal_cortex.o(i.HAL_SYSTICK_Config)
    i.HAL_TIMEx_BreakCallback                0x08002948   Section        0  stm32f0xx_hal_tim_ex.o(i.HAL_TIMEx_BreakCallback)
    i.HAL_TIMEx_CommutCallback               0x0800294a   Section        0  stm32f0xx_hal_tim_ex.o(i.HAL_TIMEx_CommutCallback)
    i.HAL_TIMEx_MasterConfigSynchronization  0x0800294c   Section        0  stm32f0xx_hal_tim_ex.o(i.HAL_TIMEx_MasterConfigSynchronization)
    i.HAL_TIM_Base_Init                      0x080029ac   Section        0  stm32f0xx_hal_tim.o(i.HAL_TIM_Base_Init)
    i.HAL_TIM_Base_MspInit                   0x080029f4   Section        0  stm32f0xx_hal_msp.o(i.HAL_TIM_Base_MspInit)
    i.HAL_TIM_Base_Start                     0x08002af0   Section        0  stm32f0xx_hal_tim.o(i.HAL_TIM_Base_Start)
    i.HAL_TIM_Base_Start_IT                  0x08002b40   Section        0  stm32f0xx_hal_tim.o(i.HAL_TIM_Base_Start_IT)
    i.HAL_TIM_Base_Stop_IT                   0x08002b98   Section        0  stm32f0xx_hal_tim.o(i.HAL_TIM_Base_Stop_IT)
    i.HAL_TIM_ConfigClockSource              0x08002bcc   Section        0  stm32f0xx_hal_tim.o(i.HAL_TIM_ConfigClockSource)
    i.HAL_TIM_IC_CaptureCallback             0x08002ca8   Section        0  stm32f0xx_hal_tim.o(i.HAL_TIM_IC_CaptureCallback)
    i.HAL_TIM_IRQHandler                     0x08002caa   Section        0  stm32f0xx_hal_tim.o(i.HAL_TIM_IRQHandler)
    i.HAL_TIM_MspPostInit                    0x08002e0c   Section        0  stm32f0xx_hal_msp.o(i.HAL_TIM_MspPostInit)
    i.HAL_TIM_OC_DelayElapsedCallback        0x08002e5c   Section        0  stm32f0xx_hal_tim.o(i.HAL_TIM_OC_DelayElapsedCallback)
    i.HAL_TIM_PWM_ConfigChannel              0x08002e5e   Section        0  stm32f0xx_hal_tim.o(i.HAL_TIM_PWM_ConfigChannel)
    i.HAL_TIM_PWM_Init                       0x08002f2e   Section        0  stm32f0xx_hal_tim.o(i.HAL_TIM_PWM_Init)
    i.HAL_TIM_PWM_MspInit                    0x08002f76   Section        0  stm32f0xx_hal_tim.o(i.HAL_TIM_PWM_MspInit)
    i.HAL_TIM_PWM_PulseFinishedCallback      0x08002f78   Section        0  stm32f0xx_hal_tim.o(i.HAL_TIM_PWM_PulseFinishedCallback)
    i.HAL_TIM_PWM_Start                      0x08002f7c   Section        0  stm32f0xx_hal_tim.o(i.HAL_TIM_PWM_Start)
    i.HAL_TIM_PeriodElapsedCallback          0x0800302c   Section        0  stm32f0xx_hal_tim.o(i.HAL_TIM_PeriodElapsedCallback)
    i.HAL_TIM_TriggerCallback                0x0800302e   Section        0  stm32f0xx_hal_tim.o(i.HAL_TIM_TriggerCallback)
    i.HardFault_Handler                      0x08003030   Section        0  stm32f0xx_it.o(i.HardFault_Handler)
    i.I2C_Flush_TXDR                         0x08003032   Section        0  stm32f0xx_hal_i2c.o(i.I2C_Flush_TXDR)
    I2C_Flush_TXDR                           0x08003033   Thumb Code    34  stm32f0xx_hal_i2c.o(i.I2C_Flush_TXDR)
    i.I2C_IsAcknowledgeFailed                0x08003054   Section        0  stm32f0xx_hal_i2c.o(i.I2C_IsAcknowledgeFailed)
    I2C_IsAcknowledgeFailed                  0x08003055   Thumb Code   130  stm32f0xx_hal_i2c.o(i.I2C_IsAcknowledgeFailed)
    i.I2C_TransferConfig                     0x080030dc   Section        0  stm32f0xx_hal_i2c.o(i.I2C_TransferConfig)
    I2C_TransferConfig                       0x080030dd   Thumb Code    34  stm32f0xx_hal_i2c.o(i.I2C_TransferConfig)
    i.I2C_WaitOnFlagUntilTimeout             0x08003104   Section        0  stm32f0xx_hal_i2c.o(i.I2C_WaitOnFlagUntilTimeout)
    I2C_WaitOnFlagUntilTimeout               0x08003105   Thumb Code    78  stm32f0xx_hal_i2c.o(i.I2C_WaitOnFlagUntilTimeout)
    i.I2C_WaitOnRXNEFlagUntilTimeout         0x08003154   Section        0  stm32f0xx_hal_i2c.o(i.I2C_WaitOnRXNEFlagUntilTimeout)
    I2C_WaitOnRXNEFlagUntilTimeout           0x08003155   Thumb Code   122  stm32f0xx_hal_i2c.o(i.I2C_WaitOnRXNEFlagUntilTimeout)
    i.I2C_WaitOnSTOPFlagUntilTimeout         0x080031d4   Section        0  stm32f0xx_hal_i2c.o(i.I2C_WaitOnSTOPFlagUntilTimeout)
    I2C_WaitOnSTOPFlagUntilTimeout           0x080031d5   Thumb Code    76  stm32f0xx_hal_i2c.o(i.I2C_WaitOnSTOPFlagUntilTimeout)
    i.I2C_WaitOnTXISFlagUntilTimeout         0x08003220   Section        0  stm32f0xx_hal_i2c.o(i.I2C_WaitOnTXISFlagUntilTimeout)
    I2C_WaitOnTXISFlagUntilTimeout           0x08003221   Thumb Code    80  stm32f0xx_hal_i2c.o(i.I2C_WaitOnTXISFlagUntilTimeout)
    i.MX_ADC_Init                            0x08003270   Section        0  main.o(i.MX_ADC_Init)
    MX_ADC_Init                              0x08003271   Thumb Code   212  main.o(i.MX_ADC_Init)
    i.MX_DMA_Init                            0x0800334c   Section        0  main.o(i.MX_DMA_Init)
    MX_DMA_Init                              0x0800334d   Thumb Code    36  main.o(i.MX_DMA_Init)
    i.MX_GPIO_Init                           0x08003374   Section        0  main.o(i.MX_GPIO_Init)
    MX_GPIO_Init                             0x08003375   Thumb Code   340  main.o(i.MX_GPIO_Init)
    i.MX_I2C2_Init                           0x080034dc   Section        0  main.o(i.MX_I2C2_Init)
    MX_I2C2_Init                             0x080034dd   Thumb Code    76  main.o(i.MX_I2C2_Init)
    i.MX_SPI1_Init                           0x08003534   Section        0  main.o(i.MX_SPI1_Init)
    MX_SPI1_Init                             0x08003535   Thumb Code    68  main.o(i.MX_SPI1_Init)
    i.MX_TIM15_Init                          0x08003580   Section        0  main.o(i.MX_TIM15_Init)
    MX_TIM15_Init                            0x08003581   Thumb Code    98  main.o(i.MX_TIM15_Init)
    i.MX_TIM1_Init                           0x080035f0   Section        0  main.o(i.MX_TIM1_Init)
    MX_TIM1_Init                             0x080035f1   Thumb Code   100  main.o(i.MX_TIM1_Init)
    i.MX_TIM2_Init                           0x08003660   Section        0  main.o(i.MX_TIM2_Init)
    MX_TIM2_Init                             0x08003661   Thumb Code    98  main.o(i.MX_TIM2_Init)
    i.MX_TIM3_Init                           0x080036d0   Section        0  main.o(i.MX_TIM3_Init)
    MX_TIM3_Init                             0x080036d1   Thumb Code   152  main.o(i.MX_TIM3_Init)
    i.NMI_Handler                            0x08003770   Section        0  stm32f0xx_it.o(i.NMI_Handler)
    i.PendSV_Handler                         0x08003772   Section        0  stm32f0xx_it.o(i.PendSV_Handler)
    i.SP100_ADC_Init                         0x08003774   Section        0  mylib_adc_isr.o(i.SP100_ADC_Init)
    i.SP100_Airmix_FWD                       0x0800379c   Section        0  sp100_airmix.o(i.SP100_Airmix_FWD)
    i.SP100_Airmix_RVS                       0x080037e8   Section        0  sp100_airmix.o(i.SP100_Airmix_RVS)
    i.SP100_Airmix_STP                       0x08003834   Section        0  sp100_airmix.o(i.SP100_Airmix_STP)
    i.SP100_Blower_Handler                   0x08003870   Section        0  sp100_blower.o(i.SP100_Blower_Handler)
    i.SP100_Blower_Init                      0x0800387c   Section        0  sp100_blower.o(i.SP100_Blower_Init)
    i.SP100_CCU_Infinite_Loop                0x080038a4   Section        0  mylib_atc_ccu.o(i.SP100_CCU_Infinite_Loop)
    i.SP100_CCU_Init                         0x080038ec   Section        0  mylib_atc_ccu.o(i.SP100_CCU_Init)
    i.SP100_CCU_State_Updater                0x08003900   Section        0  mylib_atc_ccu.o(i.SP100_CCU_State_Updater)
    i.SP100_CCU_Switch_Handler               0x08003914   Section        0  mylib_atc_ccu.o(i.SP100_CCU_Switch_Handler)
    i.SP100_Delay                            0x08003a88   Section        0  mylib_atc_ccu.o(i.SP100_Delay)
    i.SP100_Intake_Fresh                     0x08003a94   Section        0  sp100_intake.o(i.SP100_Intake_Fresh)
    i.SP100_Intake_Recycle                   0x08003aaa   Section        0  sp100_intake.o(i.SP100_Intake_Recycle)
    i.SP100_LCD_AC_Handler                   0x08003ac0   Section        0  mylib_lcd.o(i.SP100_LCD_AC_Handler)
    i.SP100_LCD_ALL_SEG                      0x08003ae0   Section        0  mylib_lcd.o(i.SP100_LCD_ALL_SEG)
    i.SP100_LCD_Backlight                    0x08003b38   Section        0  mylib_lcd.o(i.SP100_LCD_Backlight)
    i.SP100_LCD_Blower_Handler               0x08003b44   Section        0  mylib_lcd.o(i.SP100_LCD_Blower_Handler)
    i.SP100_LCD_Command                      0x08003f50   Section        0  mylib_lcd.o(i.SP100_LCD_Command)
    i.SP100_LCD_Init                         0x08003f6c   Section        0  mylib_lcd.o(i.SP100_LCD_Init)
    i.SP100_LCD_Mode_Handler                 0x08003fb0   Section        0  mylib_lcd.o(i.SP100_LCD_Mode_Handler)
    i.SP100_LCD_Print_Temp                   0x08004044   Section        0  mylib_lcd.o(i.SP100_LCD_Print_Temp)
    i.SP100_LCD_R_DEF_Handler                0x0800426c   Section        0  mylib_lcd.o(i.SP100_LCD_R_DEF_Handler)
    i.SP100_LCD_SEG_OFF                      0x0800428c   Section        0  mylib_lcd.o(i.SP100_LCD_SEG_OFF)
    i.SP100_LCD_SEG_ON                       0x080042b8   Section        0  mylib_lcd.o(i.SP100_LCD_SEG_ON)
    i.SP100_LCD_SEG_Read                     0x080042e4   Section        0  mylib_lcd.o(i.SP100_LCD_SEG_Read)
    i.SP100_LCD_Update                       0x08004314   Section        0  mylib_lcd.o(i.SP100_LCD_Update)
    i.SP100_Mode_FWD                         0x08004364   Section        0  sp100_mode.o(i.SP100_Mode_FWD)
    i.SP100_Mode_Handler                     0x080043b0   Section        0  sp100_mode.o(i.SP100_Mode_Handler)
    i.SP100_Mode_RVS                         0x0800443c   Section        0  sp100_mode.o(i.SP100_Mode_RVS)
    i.SP100_Mode_STP                         0x08004488   Section        0  sp100_mode.o(i.SP100_Mode_STP)
    i.SP100_TLE_Ctrl_Register_Read           0x080044c4   Section        0  sp100_tle94108es.o(i.SP100_TLE_Ctrl_Register_Read)
    i.SP100_TLE_Ctrl_Register_Write          0x08004520   Section        0  sp100_tle94108es.o(i.SP100_TLE_Ctrl_Register_Write)
    i.SP100_TLE_Init                         0x08004578   Section        0  sp100_tle94108es.o(i.SP100_TLE_Init)
    i.SPI_EndRxTxTransaction                 0x0800459c   Section        0  stm32f0xx_hal_spi.o(i.SPI_EndRxTxTransaction)
    SPI_EndRxTxTransaction                   0x0800459d   Thumb Code    76  stm32f0xx_hal_spi.o(i.SPI_EndRxTxTransaction)
    i.SPI_WaitFifoStateUntilTimeout          0x080045e8   Section        0  stm32f0xx_hal_spi.o(i.SPI_WaitFifoStateUntilTimeout)
    SPI_WaitFifoStateUntilTimeout            0x080045e9   Thumb Code   212  stm32f0xx_hal_spi.o(i.SPI_WaitFifoStateUntilTimeout)
    i.SPI_WaitFlagStateUntilTimeout          0x080046c0   Section        0  stm32f0xx_hal_spi.o(i.SPI_WaitFlagStateUntilTimeout)
    SPI_WaitFlagStateUntilTimeout            0x080046c1   Thumb Code   180  stm32f0xx_hal_spi.o(i.SPI_WaitFlagStateUntilTimeout)
    i.SVC_Handler                            0x08004778   Section        0  stm32f0xx_it.o(i.SVC_Handler)
    i.SysTick_Handler                        0x0800477a   Section        0  stm32f0xx_it.o(i.SysTick_Handler)
    i.SystemClock_Config                     0x08004782   Section        0  main.o(i.SystemClock_Config)
    i.SystemInit                             0x080047d8   Section        0  system_stm32f0xx.o(i.SystemInit)
    i.TIM14_IRQHandler                       0x080047dc   Section        0  stm32f0xx_it.o(i.TIM14_IRQHandler)
    i.TIM15_IRQHandler                       0x080047ec   Section        0  stm32f0xx_it.o(i.TIM15_IRQHandler)
    i.TIM2_IRQHandler                        0x080047fc   Section        0  stm32f0xx_it.o(i.TIM2_IRQHandler)
    i.TIM6_DAC_IRQHandler                    0x0800480c   Section        0  stm32f0xx_it.o(i.TIM6_DAC_IRQHandler)
    i.TIM7_IRQHandler                        0x08004824   Section        0  stm32f0xx_it.o(i.TIM7_IRQHandler)
    i.TIM_Base_SetConfig                     0x08004834   Section        0  stm32f0xx_hal_tim.o(i.TIM_Base_SetConfig)
    i.TIM_CCxChannelCmd                      0x080048c8   Section        0  stm32f0xx_hal_tim.o(i.TIM_CCxChannelCmd)
    i.TIM_ETR_SetConfig                      0x080048e2   Section        0  stm32f0xx_hal_tim.o(i.TIM_ETR_SetConfig)
    i.TIM_ITRx_SetConfig                     0x080048f8   Section        0  stm32f0xx_hal_tim.o(i.TIM_ITRx_SetConfig)
    TIM_ITRx_SetConfig                       0x080048f9   Thumb Code    16  stm32f0xx_hal_tim.o(i.TIM_ITRx_SetConfig)
    i.TIM_OC1_SetConfig                      0x08004908   Section        0  stm32f0xx_hal_tim.o(i.TIM_OC1_SetConfig)
    TIM_OC1_SetConfig                        0x08004909   Thumb Code   120  stm32f0xx_hal_tim.o(i.TIM_OC1_SetConfig)
    i.TIM_OC2_SetConfig                      0x08004990   Section        0  stm32f0xx_hal_tim.o(i.TIM_OC2_SetConfig)
    i.TIM_OC3_SetConfig                      0x08004a10   Section        0  stm32f0xx_hal_tim.o(i.TIM_OC3_SetConfig)
    TIM_OC3_SetConfig                        0x08004a11   Thumb Code   114  stm32f0xx_hal_tim.o(i.TIM_OC3_SetConfig)
    i.TIM_OC4_SetConfig                      0x08004a94   Section        0  stm32f0xx_hal_tim.o(i.TIM_OC4_SetConfig)
    TIM_OC4_SetConfig                        0x08004a95   Thumb Code    90  stm32f0xx_hal_tim.o(i.TIM_OC4_SetConfig)
    i.TIM_TI1_ConfigInputStage               0x08004b00   Section        0  stm32f0xx_hal_tim.o(i.TIM_TI1_ConfigInputStage)
    TIM_TI1_ConfigInputStage                 0x08004b01   Thumb Code    34  stm32f0xx_hal_tim.o(i.TIM_TI1_ConfigInputStage)
    i.TIM_TI2_ConfigInputStage               0x08004b22   Section        0  stm32f0xx_hal_tim.o(i.TIM_TI2_ConfigInputStage)
    TIM_TI2_ConfigInputStage                 0x08004b23   Thumb Code    38  stm32f0xx_hal_tim.o(i.TIM_TI2_ConfigInputStage)
    i.__ARM_common_ll_muluu                  0x08004b48   Section        0  stm32f0xx_hal_rcc.o(i.__ARM_common_ll_muluu)
    i.__ARM_common_switch8                   0x08004b78   Section        0  mylib_atc_ccu.o(i.__ARM_common_switch8)
    i.__NVIC_SetPriority                     0x08004b94   Section        0  stm32f0xx_hal_cortex.o(i.__NVIC_SetPriority)
    __NVIC_SetPriority                       0x08004b95   Thumb Code    60  stm32f0xx_hal_cortex.o(i.__NVIC_SetPriority)
    i.main                                   0x08004bd8   Section        0  main.o(i.main)
    x$fpl$fmul                               0x08004cf4   Section      176  fmul.o(x$fpl$fmul)
    .constdata                               0x08004da4   Section       98  mylib_lcd.o(.constdata)
    x$fpl$usenofp                            0x08004da4   Section        0  usenofp.o(x$fpl$usenofp)
    .constdata                               0x08004e06   Section       16  system_stm32f0xx.o(.constdata)
    .constdata                               0x08004e16   Section      128  ddiv.o(.constdata)
    ddiv_reciptbl                            0x08004e16   Data         128  ddiv.o(.constdata)
    .data                                    0x20000000   Section        4  mylib_atc_ccu.o(.data)
    .data                                    0x20000004   Section        1  mylib_global_variables.o(.data)
    .data                                    0x20000005   Section        1  mylib_global_variables.o(.data)
    .data                                    0x20000006   Section        1  mylib_global_variables.o(.data)
    .data                                    0x20000007   Section        1  mylib_global_variables.o(.data)
    .data                                    0x20000008   Section        1  mylib_global_variables.o(.data)
    .data                                    0x20000009   Section        1  mylib_global_variables.o(.data)
    .data                                    0x2000000a   Section        1  mylib_global_variables.o(.data)
    .data                                    0x2000000b   Section        1  mylib_global_variables.o(.data)
    .data                                    0x2000000c   Section        1  mylib_global_variables.o(.data)
    .data                                    0x2000000d   Section        1  mylib_global_variables.o(.data)
    .data                                    0x2000000e   Section        1  mylib_global_variables.o(.data)
    .data                                    0x2000000f   Section        1  mylib_global_variables.o(.data)
    .data                                    0x20000010   Section        4  mylib_global_variables.o(.data)
    .data                                    0x20000014   Section        4  mylib_global_variables.o(.data)
    .data                                    0x20000018   Section        4  mylib_global_variables.o(.data)
    .data                                    0x2000001c   Section        4  mylib_global_variables.o(.data)
    .data                                    0x20000020   Section        4  mylib_global_variables.o(.data)
    .data                                    0x20000024   Section      274  mylib_lcd.o(.data)
    .data                                    0x20000138   Section        4  sp100_blower.o(.data)
    .data                                    0x2000013c   Section       12  stm32f0xx_hal.o(.data)
    .data                                    0x20000148   Section        4  system_stm32f0xx.o(.data)
    .bss                                     0x2000014c   Section       14  mylib_adc_isr.o(.bss)
    .bss                                     0x2000015c   Section      764  main.o(.bss)
    .bss                                     0x20000458   Section       68  main.o(.bss)
    .bss                                     0x2000049c   Section       96  libspace.o(.bss)
    HEAP                                     0x20000500   Section      512  startup_stm32f072xb.o(HEAP)
    Heap_Mem                                 0x20000500   Data         512  startup_stm32f072xb.o(HEAP)
    STACK                                    0x20000700   Section     1024  startup_stm32f072xb.o(STACK)
    Stack_Mem                                0x20000700   Data        1024  startup_stm32f072xb.o(STACK)
    __initial_sp                             0x20000b00   Data           0  startup_stm32f072xb.o(STACK)

    Global Symbols

    Symbol Name                              Value     Ov Type        Size  Object(Section)

    BuildAttributes$$THM_ISAv3M$S$PE$A:L22$X:L11$S22$IEEE1$IW$USESV6$~STKCKD$USESV7$~SHL$OSPACE$ROPI$EBA8$UX$STANDARDLIB$REQ8$PRES8$EABIv2 0x00000000   Number         0  anon$$obj.o ABSOLUTE
    __ARM_use_no_argv                        0x00000000   Number         0  main.o ABSOLUTE
    __ARM_exceptions_init                     - Undefined Weak Reference
    __alloca_initialize                       - Undefined Weak Reference
    __arm_fini_                               - Undefined Weak Reference
    __arm_preinit_                            - Undefined Weak Reference
    __cpp_initialize__aeabi_                  - Undefined Weak Reference
    __cxa_finalize                            - Undefined Weak Reference
    __rt_locale                               - Undefined Weak Reference
    __sigvec_lookup                           - Undefined Weak Reference
    _atexit_init                              - Undefined Weak Reference
    _call_atexit_fns                          - Undefined Weak Reference
    _clock_init                               - Undefined Weak Reference
    _fp_trap_init                             - Undefined Weak Reference
    _fp_trap_shutdown                         - Undefined Weak Reference
    _get_lc_collate                           - Undefined Weak Reference
    _get_lc_ctype                             - Undefined Weak Reference
    _get_lc_monetary                          - Undefined Weak Reference
    _get_lc_numeric                           - Undefined Weak Reference
    _get_lc_time                              - Undefined Weak Reference
    _getenv_init                              - Undefined Weak Reference
    _handle_redirection                       - Undefined Weak Reference
    _init_alloc                               - Undefined Weak Reference
    _init_user_alloc                          - Undefined Weak Reference
    _initio                                   - Undefined Weak Reference
    _rand_init                                - Undefined Weak Reference
    _signal_finish                            - Undefined Weak Reference
    _signal_init                              - Undefined Weak Reference
    _terminate_alloc                          - Undefined Weak Reference
    _terminate_user_alloc                     - Undefined Weak Reference
    _terminateio                              - Undefined Weak Reference
    __Vectors_Size                           0x000000c0   Number         0  startup_stm32f072xb.o ABSOLUTE
    __Vectors                                0x08000000   Data           4  startup_stm32f072xb.o(RESET)
    __Vectors_End                            0x080000c0   Data           0  startup_stm32f072xb.o(RESET)
    __main                                   0x080000c1   Thumb Code     8  __main.o(!!!main)
    __scatterload                            0x080000c9   Thumb Code     0  __scatter.o(!!!scatter)
    __scatterload_rt2                        0x080000c9   Thumb Code    52  __scatter.o(!!!scatter)
    __scatterload_rt2_thumb_only             0x080000c9   Thumb Code     0  __scatter.o(!!!scatter)
    __scatterload_null                       0x080000d9   Thumb Code     0  __scatter.o(!!!scatter)
    __scatterload_zeroinit                   0x08000105   Thumb Code    28  __scatter_zi.o(!!handler_zi)
    __rt_lib_init                            0x08000121   Thumb Code     0  libinit.o(.ARM.Collect$$libinit$$00000000)
    __rt_lib_init_alloca_1                   0x08000123   Thumb Code     0  libinit2.o(.ARM.Collect$$libinit$$0000002E)
    __rt_lib_init_argv_1                     0x08000123   Thumb Code     0  libinit2.o(.ARM.Collect$$libinit$$0000002C)
    __rt_lib_init_atexit_1                   0x08000123   Thumb Code     0  libinit2.o(.ARM.Collect$$libinit$$0000001B)
    __rt_lib_init_clock_1                    0x08000123   Thumb Code     0  libinit2.o(.ARM.Collect$$libinit$$00000021)
    __rt_lib_init_cpp_1                      0x08000123   Thumb Code     0  libinit2.o(.ARM.Collect$$libinit$$00000032)
    __rt_lib_init_exceptions_1               0x08000123   Thumb Code     0  libinit2.o(.ARM.Collect$$libinit$$00000030)
    __rt_lib_init_fp_1                       0x08000123   Thumb Code     0  libinit2.o(.ARM.Collect$$libinit$$00000002)
    __rt_lib_init_fp_trap_1                  0x08000123   Thumb Code     0  libinit2.o(.ARM.Collect$$libinit$$0000001F)
    __rt_lib_init_getenv_1                   0x08000123   Thumb Code     0  libinit2.o(.ARM.Collect$$libinit$$00000023)
    __rt_lib_init_heap_1                     0x08000123   Thumb Code     0  libinit2.o(.ARM.Collect$$libinit$$0000000A)
    __rt_lib_init_lc_collate_1               0x08000123   Thumb Code     0  libinit2.o(.ARM.Collect$$libinit$$00000011)
    __rt_lib_init_lc_ctype_1                 0x08000123   Thumb Code     0  libinit2.o(.ARM.Collect$$libinit$$00000013)
    __rt_lib_init_lc_monetary_1              0x08000123   Thumb Code     0  libinit2.o(.ARM.Collect$$libinit$$00000015)
    __rt_lib_init_lc_numeric_1               0x08000123   Thumb Code     0  libinit2.o(.ARM.Collect$$libinit$$00000017)
    __rt_lib_init_lc_time_1                  0x08000123   Thumb Code     0  libinit2.o(.ARM.Collect$$libinit$$00000019)
    __rt_lib_init_preinit_1                  0x08000123   Thumb Code     0  libinit2.o(.ARM.Collect$$libinit$$00000004)
    __rt_lib_init_rand_1                     0x08000123   Thumb Code     0  libinit2.o(.ARM.Collect$$libinit$$0000000E)
    __rt_lib_init_return                     0x08000123   Thumb Code     0  libinit2.o(.ARM.Collect$$libinit$$00000033)
    __rt_lib_init_signal_1                   0x08000123   Thumb Code     0  libinit2.o(.ARM.Collect$$libinit$$0000001D)
    __rt_lib_init_stdio_1                    0x08000123   Thumb Code     0  libinit2.o(.ARM.Collect$$libinit$$00000025)
    __rt_lib_init_user_alloc_1               0x08000123   Thumb Code     0  libinit2.o(.ARM.Collect$$libinit$$0000000C)
    __rt_lib_shutdown                        0x08000125   Thumb Code     0  libshutdown.o(.ARM.Collect$$libshutdown$$00000000)
    __rt_lib_shutdown_cpp_1                  0x08000127   Thumb Code     0  libshutdown2.o(.ARM.Collect$$libshutdown$$00000004)
    __rt_lib_shutdown_fini_1                 0x08000127   Thumb Code     0  libshutdown2.o(.ARM.Collect$$libshutdown$$00000002)
    __rt_lib_shutdown_fp_trap_1              0x08000127   Thumb Code     0  libshutdown2.o(.ARM.Collect$$libshutdown$$00000009)
    __rt_lib_shutdown_heap_1                 0x08000127   Thumb Code     0  libshutdown2.o(.ARM.Collect$$libshutdown$$00000011)
    __rt_lib_shutdown_return                 0x08000127   Thumb Code     0  libshutdown2.o(.ARM.Collect$$libshutdown$$00000012)
    __rt_lib_shutdown_signal_1               0x08000127   Thumb Code     0  libshutdown2.o(.ARM.Collect$$libshutdown$$0000000C)
    __rt_lib_shutdown_stdio_1                0x08000127   Thumb Code     0  libshutdown2.o(.ARM.Collect$$libshutdown$$00000006)
    __rt_lib_shutdown_user_alloc_1           0x08000127   Thumb Code     0  libshutdown2.o(.ARM.Collect$$libshutdown$$0000000E)
    __rt_entry                               0x08000129   Thumb Code     0  __rtentry.o(.ARM.Collect$$rtentry$$00000000)
    __rt_entry_presh_1                       0x08000129   Thumb Code     0  __rtentry2.o(.ARM.Collect$$rtentry$$00000002)
    __rt_entry_sh                            0x08000129   Thumb Code     0  __rtentry4.o(.ARM.Collect$$rtentry$$00000004)
    __rt_entry_li                            0x0800012f   Thumb Code     0  __rtentry2.o(.ARM.Collect$$rtentry$$0000000A)
    __rt_entry_postsh_1                      0x0800012f   Thumb Code     0  __rtentry2.o(.ARM.Collect$$rtentry$$00000009)
    __rt_entry_main                          0x08000133   Thumb Code     0  __rtentry2.o(.ARM.Collect$$rtentry$$0000000D)
    __rt_entry_postli_1                      0x08000133   Thumb Code     0  __rtentry2.o(.ARM.Collect$$rtentry$$0000000C)
    __rt_exit                                0x0800013b   Thumb Code     0  rtexit.o(.ARM.Collect$$rtexit$$00000000)
    __rt_exit_ls                             0x0800013d   Thumb Code     0  rtexit2.o(.ARM.Collect$$rtexit$$00000003)
    __rt_exit_prels_1                        0x0800013d   Thumb Code     0  rtexit2.o(.ARM.Collect$$rtexit$$00000002)
    __rt_exit_exit                           0x08000141   Thumb Code     0  rtexit2.o(.ARM.Collect$$rtexit$$00000004)
    Reset_Handler                            0x08000149   Thumb Code     8  startup_stm32f072xb.o(.text)
    CEC_CAN_IRQHandler                       0x0800015b   Thumb Code     0  startup_stm32f072xb.o(.text)
    DMA1_Channel2_3_IRQHandler               0x0800015b   Thumb Code     0  startup_stm32f072xb.o(.text)
    DMA1_Channel4_5_6_7_IRQHandler           0x0800015b   Thumb Code     0  startup_stm32f072xb.o(.text)
    EXTI2_3_IRQHandler                       0x0800015b   Thumb Code     0  startup_stm32f072xb.o(.text)
    FLASH_IRQHandler                         0x0800015b   Thumb Code     0  startup_stm32f072xb.o(.text)
    I2C1_IRQHandler                          0x0800015b   Thumb Code     0  startup_stm32f072xb.o(.text)
    I2C2_IRQHandler                          0x0800015b   Thumb Code     0  startup_stm32f072xb.o(.text)
    PVD_VDDIO2_IRQHandler                    0x0800015b   Thumb Code     0  startup_stm32f072xb.o(.text)
    RCC_CRS_IRQHandler                       0x0800015b   Thumb Code     0  startup_stm32f072xb.o(.text)
    RTC_IRQHandler                           0x0800015b   Thumb Code     0  startup_stm32f072xb.o(.text)
    SPI1_IRQHandler                          0x0800015b   Thumb Code     0  startup_stm32f072xb.o(.text)
    SPI2_IRQHandler                          0x0800015b   Thumb Code     0  startup_stm32f072xb.o(.text)
    TIM16_IRQHandler                         0x0800015b   Thumb Code     0  startup_stm32f072xb.o(.text)
    TIM17_IRQHandler                         0x0800015b   Thumb Code     0  startup_stm32f072xb.o(.text)
    TIM1_BRK_UP_TRG_COM_IRQHandler           0x0800015b   Thumb Code     0  startup_stm32f072xb.o(.text)
    TIM1_CC_IRQHandler                       0x0800015b   Thumb Code     0  startup_stm32f072xb.o(.text)
    TIM3_IRQHandler                          0x0800015b   Thumb Code     0  startup_stm32f072xb.o(.text)
    TSC_IRQHandler                           0x0800015b   Thumb Code     0  startup_stm32f072xb.o(.text)
    USART1_IRQHandler                        0x0800015b   Thumb Code     0  startup_stm32f072xb.o(.text)
    USART2_IRQHandler                        0x0800015b   Thumb Code     0  startup_stm32f072xb.o(.text)
    USART3_4_IRQHandler                      0x0800015b   Thumb Code     0  startup_stm32f072xb.o(.text)
    USB_IRQHandler                           0x0800015b   Thumb Code     0  startup_stm32f072xb.o(.text)
    WWDG_IRQHandler                          0x0800015b   Thumb Code     0  startup_stm32f072xb.o(.text)
    __user_initial_stackheap                 0x0800015d   Thumb Code     0  startup_stm32f072xb.o(.text)
    __aeabi_uldivmod                         0x08000181   Thumb Code   258  lludiv.o(.text)
    _ll_udiv                                 0x08000181   Thumb Code     0  lludiv.o(.text)
    _memset_w                                0x08000283   Thumb Code    26  rt_memclr.o(.text)
    _memset                                  0x0800029d   Thumb Code    30  rt_memclr.o(.text)
    __aeabi_memclr                           0x080002bb   Thumb Code     4  rt_memclr.o(.text)
    __rt_memclr                              0x080002bb   Thumb Code     0  rt_memclr.o(.text)
    __aeabi_memclr4                          0x080002bf   Thumb Code     0  rt_memclr.o(.text)
    __aeabi_memclr8                          0x080002bf   Thumb Code     0  rt_memclr.o(.text)
    __rt_memclr_w                            0x080002bf   Thumb Code     4  rt_memclr.o(.text)
    __aeabi_uidiv                            0x080002c3   Thumb Code     0  aeabi_sdiv.o(.text)
    __aeabi_uidivmod                         0x080002c3   Thumb Code    20  aeabi_sdiv.o(.text)
    __aeabi_idiv                             0x080002d7   Thumb Code     0  aeabi_sdiv.o(.text)
    __aeabi_idivmod                          0x080002d7   Thumb Code   326  aeabi_sdiv.o(.text)
    __use_two_region_memory                  0x0800041d   Thumb Code     2  heapauxi.o(.text)
    __rt_heap_escrow$2region                 0x0800041f   Thumb Code     2  heapauxi.o(.text)
    __rt_heap_expand$2region                 0x08000421   Thumb Code     2  heapauxi.o(.text)
    __aeabi_d2f                              0x08000425   Thumb Code     0  d2f.o(.text)
    _d2f                                     0x08000425   Thumb Code   120  d2f.o(.text)
    __aeabi_ddiv                             0x080004a1   Thumb Code     0  ddiv.o(.text)
    _ddiv                                    0x080004a1   Thumb Code  1072  ddiv.o(.text)
    _drdiv                                   0x080008d1   Thumb Code    20  ddiv.o(.text)
    __aeabi_i2d_normalise                    0x080008e9   Thumb Code    66  dflti.o(.text)
    __aeabi_i2d                              0x0800092b   Thumb Code    16  dflti.o(.text)
    _dflt                                    0x0800092b   Thumb Code     0  dflti.o(.text)
    __aeabi_ui2d                             0x0800093b   Thumb Code     6  dflti.o(.text)
    _dfltu                                   0x0800093b   Thumb Code     0  dflti.o(.text)
    __aeabi_dmul                             0x08000941   Thumb Code     0  dmul.o(.text)
    _dmul                                    0x08000941   Thumb Code   558  dmul.o(.text)
    __aeabi_f2iz                             0x08000b89   Thumb Code     0  ffixi.o(.text)
    _ffix                                    0x08000b89   Thumb Code    76  ffixi.o(.text)
    __user_setup_stackheap                   0x08000bd5   Thumb Code    62  sys_stackheap_outer.o(.text)
    exit                                     0x08000c13   Thumb Code    16  exit.o(.text)
    __user_libspace                          0x08000c25   Thumb Code     8  libspace.o(.text)
    __user_perproc_libspace                  0x08000c25   Thumb Code     0  libspace.o(.text)
    __user_perthread_libspace                0x08000c25   Thumb Code     0  libspace.o(.text)
    _sys_exit                                0x08000c2d   Thumb Code     8  sys_exit.o(.text)
    __I$use$semihosting                      0x08000c39   Thumb Code     0  use_no_semi.o(.text)
    __use_no_semihosting_swi                 0x08000c39   Thumb Code     2  use_no_semi.o(.text)
    __decompress                             0x08000c3b   Thumb Code     0  __dczerorl2.o(.text)
    __decompress1                            0x08000c3b   Thumb Code    86  __dczerorl2.o(.text)
    __semihosting_library_function           0x08000c3b   Thumb Code     0  indicate_semi.o(.text)
    ADC1_COMP_IRQHandler                     0x08000c91   Thumb Code    10  stm32f0xx_it.o(i.ADC1_COMP_IRQHandler)
    DMA1_Channel1_IRQHandler                 0x08000dc1   Thumb Code    10  stm32f0xx_it.o(i.DMA1_Channel1_IRQHandler)
    EXTI0_1_IRQHandler                       0x08000e1d   Thumb Code    10  stm32f0xx_it.o(i.EXTI0_1_IRQHandler)
    EXTI4_15_IRQHandler                      0x08000e27   Thumb Code    86  stm32f0xx_it.o(i.EXTI4_15_IRQHandler)
    Error_Handler                            0x08000e7d   Thumb Code     4  main.o(i.Error_Handler)
    HAL_ADCEx_Calibration_Start              0x08000e81   Thumb Code   184  stm32f0xx_hal_adc_ex.o(i.HAL_ADCEx_Calibration_Start)
    HAL_ADC_ConfigChannel                    0x08000f39   Thumb Code   284  stm32f0xx_hal_adc.o(i.HAL_ADC_ConfigChannel)
    HAL_ADC_ConvCpltCallback                 0x08001065   Thumb Code   202  mylib_adc_isr.o(i.HAL_ADC_ConvCpltCallback)
    HAL_ADC_ConvHalfCpltCallback             0x08001179   Thumb Code     2  stm32f0xx_hal_adc.o(i.HAL_ADC_ConvHalfCpltCallback)
    HAL_ADC_ErrorCallback                    0x0800117b   Thumb Code     2  stm32f0xx_hal_adc.o(i.HAL_ADC_ErrorCallback)
    HAL_ADC_IRQHandler                       0x0800117d   Thumb Code   208  stm32f0xx_hal_adc.o(i.HAL_ADC_IRQHandler)
    HAL_ADC_Init                             0x0800124d   Thumb Code   366  stm32f0xx_hal_adc.o(i.HAL_ADC_Init)
    HAL_ADC_LevelOutOfWindowCallback         0x080013c5   Thumb Code     2  stm32f0xx_hal_adc.o(i.HAL_ADC_LevelOutOfWindowCallback)
    HAL_ADC_MspInit                          0x080013c9   Thumb Code   140  stm32f0xx_hal_msp.o(i.HAL_ADC_MspInit)
    HAL_ADC_Start_DMA                        0x08001465   Thumb Code   144  stm32f0xx_hal_adc.o(i.HAL_ADC_Start_DMA)
    HAL_DACEx_DMAUnderrunCallbackCh2         0x08001505   Thumb Code     2  stm32f0xx_hal_dac_ex.o(i.HAL_DACEx_DMAUnderrunCallbackCh2)
    HAL_DAC_ConfigChannel                    0x08001509   Thumb Code    52  stm32f0xx_hal_dac_ex.o(i.HAL_DAC_ConfigChannel)
    HAL_DAC_DMAUnderrunCallbackCh1           0x08001541   Thumb Code     2  stm32f0xx_hal_dac.o(i.HAL_DAC_DMAUnderrunCallbackCh1)
    HAL_DAC_IRQHandler                       0x08001543   Thumb Code    98  stm32f0xx_hal_dac_ex.o(i.HAL_DAC_IRQHandler)
    HAL_DAC_Init                             0x080015a5   Thumb Code    42  stm32f0xx_hal_dac.o(i.HAL_DAC_Init)
    HAL_DAC_MspInit                          0x080015d1   Thumb Code    94  stm32f0xx_hal_msp.o(i.HAL_DAC_MspInit)
    HAL_DAC_SetValue                         0x08001639   Thumb Code    28  stm32f0xx_hal_dac.o(i.HAL_DAC_SetValue)
    HAL_DAC_Start                            0x08001655   Thumb Code    84  stm32f0xx_hal_dac_ex.o(i.HAL_DAC_Start)
    HAL_DMA_IRQHandler                       0x080016a9   Thumb Code   156  stm32f0xx_hal_dma.o(i.HAL_DMA_IRQHandler)
    HAL_DMA_Init                             0x08001745   Thumb Code    78  stm32f0xx_hal_dma.o(i.HAL_DMA_Init)
    HAL_DMA_Start_IT                         0x08001799   Thumb Code   106  stm32f0xx_hal_dma.o(i.HAL_DMA_Start_IT)
    HAL_GPIO_EXTI_Callback                   0x08001805   Thumb Code   402  mylib_ext_isr.o(i.HAL_GPIO_EXTI_Callback)
    HAL_GPIO_EXTI_IRQHandler                 0x080019ad   Thumb Code    18  stm32f0xx_hal_gpio.o(i.HAL_GPIO_EXTI_IRQHandler)
    HAL_GPIO_Init                            0x080019c5   Thumb Code   406  stm32f0xx_hal_gpio.o(i.HAL_GPIO_Init)
    HAL_GPIO_ReadPin                         0x08001b79   Thumb Code    10  stm32f0xx_hal_gpio.o(i.HAL_GPIO_ReadPin)
    HAL_GPIO_WritePin                        0x08001b83   Thumb Code    12  stm32f0xx_hal_gpio.o(i.HAL_GPIO_WritePin)
    HAL_GetTick                              0x08001b91   Thumb Code     6  stm32f0xx_hal.o(i.HAL_GetTick)
    HAL_I2CEx_ConfigAnalogFilter             0x08001b9d   Thumb Code    74  stm32f0xx_hal_i2c_ex.o(i.HAL_I2CEx_ConfigAnalogFilter)
    HAL_I2CEx_ConfigDigitalFilter            0x08001be7   Thumb Code    72  stm32f0xx_hal_i2c_ex.o(i.HAL_I2CEx_ConfigDigitalFilter)
    HAL_I2C_Init                             0x08001c31   Thumb Code   176  stm32f0xx_hal_i2c.o(i.HAL_I2C_Init)
    HAL_I2C_Master_Receive                   0x08001ce5   Thumb Code   262  stm32f0xx_hal_i2c.o(i.HAL_I2C_Master_Receive)
    HAL_I2C_Master_Transmit                  0x08001df5   Thumb Code   262  stm32f0xx_hal_i2c.o(i.HAL_I2C_Master_Transmit)
    HAL_I2C_MspInit                          0x08001f05   Thumb Code    90  stm32f0xx_hal_msp.o(i.HAL_I2C_MspInit)
    HAL_IncTick                              0x08001f6d   Thumb Code    12  stm32f0xx_hal.o(i.HAL_IncTick)
    HAL_Init                                 0x08001f7d   Thumb Code    26  stm32f0xx_hal.o(i.HAL_Init)
    HAL_InitTick                             0x08001f9d   Thumb Code    58  stm32f0xx_hal.o(i.HAL_InitTick)
    HAL_MspInit                              0x08001fe1   Thumb Code    34  stm32f0xx_hal_msp.o(i.HAL_MspInit)
    HAL_NVIC_EnableIRQ                       0x08002009   Thumb Code    18  stm32f0xx_hal_cortex.o(i.HAL_NVIC_EnableIRQ)
    HAL_NVIC_SetPriority                     0x08002021   Thumb Code     8  stm32f0xx_hal_cortex.o(i.HAL_NVIC_SetPriority)
    HAL_RCC_ClockConfig                      0x08002029   Thumb Code   254  stm32f0xx_hal_rcc.o(i.HAL_RCC_ClockConfig)
    HAL_RCC_GetSysClockFreq                  0x0800213d   Thumb Code   102  stm32f0xx_hal_rcc.o(i.HAL_RCC_GetSysClockFreq)
    HAL_RCC_OscConfig                        0x080021d1   Thumb Code  1028  stm32f0xx_hal_rcc.o(i.HAL_RCC_OscConfig)
    HAL_SPI_Init                             0x080025d5   Thumb Code   238  stm32f0xx_hal_spi.o(i.HAL_SPI_Init)
    HAL_SPI_MspInit                          0x080026c5   Thumb Code    82  stm32f0xx_hal_msp.o(i.HAL_SPI_MspInit)
    HAL_SPI_TransmitReceive                  0x08002725   Thumb Code   498  stm32f0xx_hal_spi.o(i.HAL_SPI_TransmitReceive)
    HAL_SYSTICK_Config                       0x08002919   Thumb Code    38  stm32f0xx_hal_cortex.o(i.HAL_SYSTICK_Config)
    HAL_TIMEx_BreakCallback                  0x08002949   Thumb Code     2  stm32f0xx_hal_tim_ex.o(i.HAL_TIMEx_BreakCallback)
    HAL_TIMEx_CommutCallback                 0x0800294b   Thumb Code     2  stm32f0xx_hal_tim_ex.o(i.HAL_TIMEx_CommutCallback)
    HAL_TIMEx_MasterConfigSynchronization    0x0800294d   Thumb Code    84  stm32f0xx_hal_tim_ex.o(i.HAL_TIMEx_MasterConfigSynchronization)
    HAL_TIM_Base_Init                        0x080029ad   Thumb Code    72  stm32f0xx_hal_tim.o(i.HAL_TIM_Base_Init)
    HAL_TIM_Base_MspInit                     0x080029f5   Thumb Code   224  stm32f0xx_hal_msp.o(i.HAL_TIM_Base_MspInit)
    HAL_TIM_Base_Start                       0x08002af1   Thumb Code    66  stm32f0xx_hal_tim.o(i.HAL_TIM_Base_Start)
    HAL_TIM_Base_Start_IT                    0x08002b41   Thumb Code    74  stm32f0xx_hal_tim.o(i.HAL_TIM_Base_Start_IT)
    HAL_TIM_Base_Stop_IT                     0x08002b99   Thumb Code    46  stm32f0xx_hal_tim.o(i.HAL_TIM_Base_Stop_IT)
    HAL_TIM_ConfigClockSource                0x08002bcd   Thumb Code   220  stm32f0xx_hal_tim.o(i.HAL_TIM_ConfigClockSource)
    HAL_TIM_IC_CaptureCallback               0x08002ca9   Thumb Code     2  stm32f0xx_hal_tim.o(i.HAL_TIM_IC_CaptureCallback)
    HAL_TIM_IRQHandler                       0x08002cab   Thumb Code   354  stm32f0xx_hal_tim.o(i.HAL_TIM_IRQHandler)
    HAL_TIM_MspPostInit                      0x08002e0d   Thumb Code    66  stm32f0xx_hal_msp.o(i.HAL_TIM_MspPostInit)
    HAL_TIM_OC_DelayElapsedCallback          0x08002e5d   Thumb Code     2  stm32f0xx_hal_tim.o(i.HAL_TIM_OC_DelayElapsedCallback)
    HAL_TIM_PWM_ConfigChannel                0x08002e5f   Thumb Code   208  stm32f0xx_hal_tim.o(i.HAL_TIM_PWM_ConfigChannel)
    HAL_TIM_PWM_Init                         0x08002f2f   Thumb Code    72  stm32f0xx_hal_tim.o(i.HAL_TIM_PWM_Init)
    HAL_TIM_PWM_MspInit                      0x08002f77   Thumb Code     2  stm32f0xx_hal_tim.o(i.HAL_TIM_PWM_MspInit)
    HAL_TIM_PWM_PulseFinishedCallback        0x08002f79   Thumb Code     2  stm32f0xx_hal_tim.o(i.HAL_TIM_PWM_PulseFinishedCallback)
    HAL_TIM_PWM_Start                        0x08002f7d   Thumb Code   154  stm32f0xx_hal_tim.o(i.HAL_TIM_PWM_Start)
    HAL_TIM_PeriodElapsedCallback            0x0800302d   Thumb Code     2  stm32f0xx_hal_tim.o(i.HAL_TIM_PeriodElapsedCallback)
    HAL_TIM_TriggerCallback                  0x0800302f   Thumb Code     2  stm32f0xx_hal_tim.o(i.HAL_TIM_TriggerCallback)
    HardFault_Handler                        0x08003031   Thumb Code     2  stm32f0xx_it.o(i.HardFault_Handler)
    NMI_Handler                              0x08003771   Thumb Code     2  stm32f0xx_it.o(i.NMI_Handler)
    PendSV_Handler                           0x08003773   Thumb Code     2  stm32f0xx_it.o(i.PendSV_Handler)
    SP100_ADC_Init                           0x08003775   Thumb Code    26  mylib_adc_isr.o(i.SP100_ADC_Init)
    SP100_Airmix_FWD                         0x0800379d   Thumb Code    66  sp100_airmix.o(i.SP100_Airmix_FWD)
    SP100_Airmix_RVS                         0x080037e9   Thumb Code    66  sp100_airmix.o(i.SP100_Airmix_RVS)
    SP100_Airmix_STP                         0x08003835   Thumb Code    54  sp100_airmix.o(i.SP100_Airmix_STP)
    SP100_Blower_Handler                     0x08003871   Thumb Code     8  sp100_blower.o(i.SP100_Blower_Handler)
    SP100_Blower_Init                        0x0800387d   Thumb Code    30  sp100_blower.o(i.SP100_Blower_Init)
    SP100_CCU_Infinite_Loop                  0x080038a5   Thumb Code    56  mylib_atc_ccu.o(i.SP100_CCU_Infinite_Loop)
    SP100_CCU_Init                           0x080038ed   Thumb Code    20  mylib_atc_ccu.o(i.SP100_CCU_Init)
    SP100_CCU_State_Updater                  0x08003901   Thumb Code    12  mylib_atc_ccu.o(i.SP100_CCU_State_Updater)
    SP100_CCU_Switch_Handler                 0x08003915   Thumb Code   338  mylib_atc_ccu.o(i.SP100_CCU_Switch_Handler)
    SP100_Delay                              0x08003a89   Thumb Code    12  mylib_atc_ccu.o(i.SP100_Delay)
    SP100_Intake_Fresh                       0x08003a95   Thumb Code    22  sp100_intake.o(i.SP100_Intake_Fresh)
    SP100_Intake_Recycle                     0x08003aab   Thumb Code    22  sp100_intake.o(i.SP100_Intake_Recycle)
    SP100_LCD_AC_Handler                     0x08003ac1   Thumb Code    26  mylib_lcd.o(i.SP100_LCD_AC_Handler)
    SP100_LCD_ALL_SEG                        0x08003ae1   Thumb Code    78  mylib_lcd.o(i.SP100_LCD_ALL_SEG)
    SP100_LCD_Backlight                      0x08003b39   Thumb Code     8  mylib_lcd.o(i.SP100_LCD_Backlight)
    SP100_LCD_Blower_Handler                 0x08003b45   Thumb Code  1036  mylib_lcd.o(i.SP100_LCD_Blower_Handler)
    SP100_LCD_Command                        0x08003f51   Thumb Code    24  mylib_lcd.o(i.SP100_LCD_Command)
    SP100_LCD_Init                           0x08003f6d   Thumb Code    60  mylib_lcd.o(i.SP100_LCD_Init)
    SP100_LCD_Mode_Handler                   0x08003fb1   Thumb Code   144  mylib_lcd.o(i.SP100_LCD_Mode_Handler)
    SP100_LCD_Print_Temp                     0x08004045   Thumb Code   462  mylib_lcd.o(i.SP100_LCD_Print_Temp)
    SP100_LCD_R_DEF_Handler                  0x0800426d   Thumb Code    26  mylib_lcd.o(i.SP100_LCD_R_DEF_Handler)
    SP100_LCD_SEG_OFF                        0x0800428d   Thumb Code    40  mylib_lcd.o(i.SP100_LCD_SEG_OFF)
    SP100_LCD_SEG_ON                         0x080042b9   Thumb Code    38  mylib_lcd.o(i.SP100_LCD_SEG_ON)
    SP100_LCD_SEG_Read                       0x080042e5   Thumb Code    42  mylib_lcd.o(i.SP100_LCD_SEG_Read)
    SP100_LCD_Update                         0x08004315   Thumb Code    54  mylib_lcd.o(i.SP100_LCD_Update)
    SP100_Mode_FWD                           0x08004365   Thumb Code    66  sp100_mode.o(i.SP100_Mode_FWD)
    SP100_Mode_Handler                       0x080043b1   Thumb Code    96  sp100_mode.o(i.SP100_Mode_Handler)
    SP100_Mode_RVS                           0x0800443d   Thumb Code    66  sp100_mode.o(i.SP100_Mode_RVS)
    SP100_Mode_STP                           0x08004489   Thumb Code    54  sp100_mode.o(i.SP100_Mode_STP)
    SP100_TLE_Ctrl_Register_Read             0x080044c5   Thumb Code    84  sp100_tle94108es.o(i.SP100_TLE_Ctrl_Register_Read)
    SP100_TLE_Ctrl_Register_Write            0x08004521   Thumb Code    84  sp100_tle94108es.o(i.SP100_TLE_Ctrl_Register_Write)
    SP100_TLE_Init                           0x08004579   Thumb Code    28  sp100_tle94108es.o(i.SP100_TLE_Init)
    SVC_Handler                              0x08004779   Thumb Code     2  stm32f0xx_it.o(i.SVC_Handler)
    SysTick_Handler                          0x0800477b   Thumb Code     8  stm32f0xx_it.o(i.SysTick_Handler)
    SystemClock_Config                       0x08004783   Thumb Code    86  main.o(i.SystemClock_Config)
    SystemInit                               0x080047d9   Thumb Code     2  system_stm32f0xx.o(i.SystemInit)
    TIM14_IRQHandler                         0x080047dd   Thumb Code    10  stm32f0xx_it.o(i.TIM14_IRQHandler)
    TIM15_IRQHandler                         0x080047ed   Thumb Code    10  stm32f0xx_it.o(i.TIM15_IRQHandler)
    TIM2_IRQHandler                          0x080047fd   Thumb Code    10  stm32f0xx_it.o(i.TIM2_IRQHandler)
    TIM6_DAC_IRQHandler                      0x0800480d   Thumb Code    16  stm32f0xx_it.o(i.TIM6_DAC_IRQHandler)
    TIM7_IRQHandler                          0x08004825   Thumb Code    10  stm32f0xx_it.o(i.TIM7_IRQHandler)
    TIM_Base_SetConfig                       0x08004835   Thumb Code   124  stm32f0xx_hal_tim.o(i.TIM_Base_SetConfig)
    TIM_CCxChannelCmd                        0x080048c9   Thumb Code    26  stm32f0xx_hal_tim.o(i.TIM_CCxChannelCmd)
    TIM_ETR_SetConfig                        0x080048e3   Thumb Code    22  stm32f0xx_hal_tim.o(i.TIM_ETR_SetConfig)
    TIM_OC2_SetConfig                        0x08004991   Thumb Code   110  stm32f0xx_hal_tim.o(i.TIM_OC2_SetConfig)
    __ARM_common_ll_muluu                    0x08004b49   Thumb Code    48  stm32f0xx_hal_rcc.o(i.__ARM_common_ll_muluu)
    __ARM_common_switch8                     0x08004b79   Thumb Code    26  mylib_atc_ccu.o(i.__ARM_common_switch8)
    main                                     0x08004bd9   Thumb Code   248  main.o(i.main)
    __aeabi_fmul                             0x08004cf5   Thumb Code     0  fmul.o(x$fpl$fmul)
    _fmul                                    0x08004cf5   Thumb Code   172  fmul.o(x$fpl$fmul)
    AUTO                                     0x08004da4   Data           2  mylib_lcd.o(.constdata)
    __I$use$fp                               0x08004da4   Number         0  usenofp.o(x$fpl$usenofp)
    DEF                                      0x08004da6   Data           2  mylib_lcd.o(.constdata)
    R_DEF                                    0x08004da8   Data           2  mylib_lcd.o(.constdata)
    AC                                       0x08004daa   Data           2  mylib_lcd.o(.constdata)
    PAX                                      0x08004dac   Data           2  mylib_lcd.o(.constdata)
    Face                                     0x08004dae   Data           2  mylib_lcd.o(.constdata)
    Foot                                     0x08004db0   Data           2  mylib_lcd.o(.constdata)
    Def                                      0x08004db2   Data           2  mylib_lcd.o(.constdata)
    Fan                                      0x08004db4   Data           2  mylib_lcd.o(.constdata)
    Fan_BLI1                                 0x08004db6   Data           2  mylib_lcd.o(.constdata)
    Fan_BLI2                                 0x08004db8   Data           2  mylib_lcd.o(.constdata)
    Fan_BLI3                                 0x08004dba   Data           2  mylib_lcd.o(.constdata)
    Fan_BLI4                                 0x08004dbc   Data           2  mylib_lcd.o(.constdata)
    Fan_BLI5                                 0x08004dbe   Data           2  mylib_lcd.o(.constdata)
    Fan_BLI6                                 0x08004dc0   Data           2  mylib_lcd.o(.constdata)
    Fan_BLI7                                 0x08004dc2   Data           2  mylib_lcd.o(.constdata)
    Fan_BLI8                                 0x08004dc4   Data           2  mylib_lcd.o(.constdata)
    Fan_BLO1                                 0x08004dc6   Data           2  mylib_lcd.o(.constdata)
    Fan_BLO2                                 0x08004dc8   Data           2  mylib_lcd.o(.constdata)
    Fan_BLO3                                 0x08004dca   Data           2  mylib_lcd.o(.constdata)
    Fan_BLO4                                 0x08004dcc   Data           2  mylib_lcd.o(.constdata)
    Fan_BLO5                                 0x08004dce   Data           2  mylib_lcd.o(.constdata)
    Fan_BLO6                                 0x08004dd0   Data           2  mylib_lcd.o(.constdata)
    Fan_BLO7                                 0x08004dd2   Data           2  mylib_lcd.o(.constdata)
    Fan_BLO8                                 0x08004dd4   Data           2  mylib_lcd.o(.constdata)
    SP_Degree                                0x08004dd6   Data           2  mylib_lcd.o(.constdata)
    SP_Point                                 0x08004dd8   Data           2  mylib_lcd.o(.constdata)
    SP_Frst_Seg_A                            0x08004dda   Data           2  mylib_lcd.o(.constdata)
    SP_Frst_Seg_B                            0x08004ddc   Data           2  mylib_lcd.o(.constdata)
    SP_Frst_Seg_C                            0x08004dde   Data           2  mylib_lcd.o(.constdata)
    SP_Frst_Seg_D                            0x08004de0   Data           2  mylib_lcd.o(.constdata)
    SP_Frst_Seg_E                            0x08004de2   Data           2  mylib_lcd.o(.constdata)
    SP_Frst_Seg_F                            0x08004de4   Data           2  mylib_lcd.o(.constdata)
    SP_Frst_Seg_G                            0x08004de6   Data           2  mylib_lcd.o(.constdata)
    SP_Scnd_Seg_A                            0x08004de8   Data           2  mylib_lcd.o(.constdata)
    SP_Scnd_Seg_B                            0x08004dea   Data           2  mylib_lcd.o(.constdata)
    SP_Scnd_Seg_C                            0x08004dec   Data           2  mylib_lcd.o(.constdata)
    SP_Scnd_Seg_D                            0x08004dee   Data           2  mylib_lcd.o(.constdata)
    SP_Scnd_Seg_E                            0x08004df0   Data           2  mylib_lcd.o(.constdata)
    SP_Scnd_Seg_F                            0x08004df2   Data           2  mylib_lcd.o(.constdata)
    SP_Scnd_Seg_G                            0x08004df4   Data           2  mylib_lcd.o(.constdata)
    SP_Thrd_Seg_A                            0x08004df6   Data           2  mylib_lcd.o(.constdata)
    SP_Thrd_Seg_B                            0x08004df8   Data           2  mylib_lcd.o(.constdata)
    SP_Thrd_Seg_C                            0x08004dfa   Data           2  mylib_lcd.o(.constdata)
    SP_Thrd_Seg_D                            0x08004dfc   Data           2  mylib_lcd.o(.constdata)
    SP_Thrd_Seg_E                            0x08004dfe   Data           2  mylib_lcd.o(.constdata)
    SP_Thrd_Seg_F                            0x08004e00   Data           2  mylib_lcd.o(.constdata)
    SP_Thrd_Seg_G                            0x08004e02   Data           2  mylib_lcd.o(.constdata)
    Out_Temp                                 0x08004e04   Data           2  mylib_lcd.o(.constdata)
    AHBPrescTable                            0x08004e06   Data          16  system_stm32f0xx.o(.constdata)
    Region$$Table$$Base                      0x08004e98   Number         0  anon$$obj.o(Region$$Table)
    Region$$Table$$Limit                     0x08004eb8   Number         0  anon$$obj.o(Region$$Table)
    lcd_cnt                                  0x20000000   Data           4  mylib_atc_ccu.o(.data)
    SP100_CCU_preState                       0x20000004   Data           1  mylib_global_variables.o(.data)
    SP100_CCU_State                          0x20000005   Data           1  mylib_global_variables.o(.data)
    SP100_Intake_State                       0x20000006   Data           1  mylib_global_variables.o(.data)
    SP100_Mode_State                         0x20000007   Data           1  mylib_global_variables.o(.data)
    SP100_Blower_State                       0x20000008   Data           1  mylib_global_variables.o(.data)
    SP100_AC_State                           0x20000009   Data           1  mylib_global_variables.o(.data)
    SP100_R_DEF_State                        0x2000000a   Data           1  mylib_global_variables.o(.data)
    Airmix_MA_Lock_State                     0x2000000b   Data           1  mylib_global_variables.o(.data)
    Mode_MA_Lock_State                       0x2000000c   Data           1  mylib_global_variables.o(.data)
    Airmix_MA_Pot_State                      0x2000000d   Data           1  mylib_global_variables.o(.data)
    Mode_MA_Pot_State                        0x2000000e   Data           1  mylib_global_variables.o(.data)
    SP100_AUTO_Blink_State                   0x2000000f   Data           1  mylib_global_variables.o(.data)
    secCounter                               0x20000010   Data           4  mylib_global_variables.o(.data)
    minCounter                               0x20000014   Data           4  mylib_global_variables.o(.data)
    SP100_Airmix_FB                          0x20000018   Data           4  mylib_global_variables.o(.data)
    SP100_Mode_FB                            0x2000001c   Data           4  mylib_global_variables.o(.data)
    SP100_Blower_VOLT                        0x20000020   Data           4  mylib_global_variables.o(.data)
    seg_cnt                                  0x20000024   Data           4  mylib_lcd.o(.data)
    All_Segments                             0x20000028   Data         200  mylib_lcd.o(.data)
    Number_Segment                           0x200000f0   Data          70  mylib_lcd.o(.data)
    dacVal                                   0x20000138   Data           4  sp100_blower.o(.data)
    uwTickFreq                               0x2000013c   Data           1  stm32f0xx_hal.o(.data)
    uwTickPrio                               0x20000140   Data           4  stm32f0xx_hal.o(.data)
    uwTick                                   0x20000144   Data           4  stm32f0xx_hal.o(.data)
    SystemCoreClock                          0x20000148   Data           4  system_stm32f0xx.o(.data)
    adcVal                                   0x2000014c   Data          14  mylib_adc_isr.o(.bss)
    hadc                                     0x2000015c   Data          64  main.o(.bss)
    hdac                                     0x2000019c   Data          20  main.o(.bss)
    hi2c2                                    0x200001b0   Data          76  main.o(.bss)
    hspi1                                    0x200001fc   Data         100  main.o(.bss)
    htim1                                    0x20000260   Data          72  main.o(.bss)
    htim2                                    0x200002a8   Data          72  main.o(.bss)
    htim3                                    0x200002f0   Data          72  main.o(.bss)
    htim6                                    0x20000338   Data          72  main.o(.bss)
    htim7                                    0x20000380   Data          72  main.o(.bss)
    htim14                                   0x200003c8   Data          72  main.o(.bss)
    htim15                                   0x20000410   Data          72  main.o(.bss)
    hdma_adc                                 0x20000458   Data          68  main.o(.bss)
    __libspace_start                         0x2000049c   Data          96  libspace.o(.bss)
    __temporary_stack_top$libspace           0x200004fc   Data           0  libspace.o(.bss)



==============================================================================

Memory Map of the image

  Image Entry point : 0x080000c1

  Load Region LR_IROM1 (Base: 0x08000000, Size: 0x00005004, Max: 0x00020000, ABSOLUTE, COMPRESSED[0x00004f64])

    Execution Region ER_IROM1 (Exec base: 0x08000000, Load base: 0x08000000, Size: 0x00004eb8, Max: 0x00020000, ABSOLUTE)

    Exec Addr    Load Addr    Size         Type   Attr      Idx    E Section Name        Object

    0x08000000   0x08000000   0x000000c0   Data   RO            3    RESET               startup_stm32f072xb.o
    0x080000c0   0x080000c0   0x00000008   Code   RO         4282  * !!!main             c_p.l(__main.o)
    0x080000c8   0x080000c8   0x0000003c   Code   RO         4473    !!!scatter          c_p.l(__scatter.o)
    0x08000104   0x08000104   0x0000001c   Code   RO         4475    !!handler_zi        c_p.l(__scatter_zi.o)
    0x08000120   0x08000120   0x00000002   Code   RO         4338    .ARM.Collect$$libinit$$00000000  c_p.l(libinit.o)
    0x08000122   0x08000122   0x00000000   Code   RO         4352    .ARM.Collect$$libinit$$00000002  c_p.l(libinit2.o)
    0x08000122   0x08000122   0x00000000   Code   RO         4354    .ARM.Collect$$libinit$$00000004  c_p.l(libinit2.o)
    0x08000122   0x08000122   0x00000000   Code   RO         4357    .ARM.Collect$$libinit$$0000000A  c_p.l(libinit2.o)
    0x08000122   0x08000122   0x00000000   Code   RO         4359    .ARM.Collect$$libinit$$0000000C  c_p.l(libinit2.o)
    0x08000122   0x08000122   0x00000000   Code   RO         4361    .ARM.Collect$$libinit$$0000000E  c_p.l(libinit2.o)
    0x08000122   0x08000122   0x00000000   Code   RO         4364    .ARM.Collect$$libinit$$00000011  c_p.l(libinit2.o)
    0x08000122   0x08000122   0x00000000   Code   RO         4366    .ARM.Collect$$libinit$$00000013  c_p.l(libinit2.o)
    0x08000122   0x08000122   0x00000000   Code   RO         4368    .ARM.Collect$$libinit$$00000015  c_p.l(libinit2.o)
    0x08000122   0x08000122   0x00000000   Code   RO         4370    .ARM.Collect$$libinit$$00000017  c_p.l(libinit2.o)
    0x08000122   0x08000122   0x00000000   Code   RO         4372    .ARM.Collect$$libinit$$00000019  c_p.l(libinit2.o)
    0x08000122   0x08000122   0x00000000   Code   RO         4374    .ARM.Collect$$libinit$$0000001B  c_p.l(libinit2.o)
    0x08000122   0x08000122   0x00000000   Code   RO         4376    .ARM.Collect$$libinit$$0000001D  c_p.l(libinit2.o)
    0x08000122   0x08000122   0x00000000   Code   RO         4378    .ARM.Collect$$libinit$$0000001F  c_p.l(libinit2.o)
    0x08000122   0x08000122   0x00000000   Code   RO         4380    .ARM.Collect$$libinit$$00000021  c_p.l(libinit2.o)
    0x08000122   0x08000122   0x00000000   Code   RO         4382    .ARM.Collect$$libinit$$00000023  c_p.l(libinit2.o)
    0x08000122   0x08000122   0x00000000   Code   RO         4384    .ARM.Collect$$libinit$$00000025  c_p.l(libinit2.o)
    0x08000122   0x08000122   0x00000000   Code   RO         4388    .ARM.Collect$$libinit$$0000002C  c_p.l(libinit2.o)
    0x08000122   0x08000122   0x00000000   Code   RO         4390    .ARM.Collect$$libinit$$0000002E  c_p.l(libinit2.o)
    0x08000122   0x08000122   0x00000000   Code   RO         4392    .ARM.Collect$$libinit$$00000030  c_p.l(libinit2.o)
    0x08000122   0x08000122   0x00000000   Code   RO         4394    .ARM.Collect$$libinit$$00000032  c_p.l(libinit2.o)
    0x08000122   0x08000122   0x00000002   Code   RO         4395    .ARM.Collect$$libinit$$00000033  c_p.l(libinit2.o)
    0x08000124   0x08000124   0x00000002   Code   RO         4426    .ARM.Collect$$libshutdown$$00000000  c_p.l(libshutdown.o)
    0x08000126   0x08000126   0x00000000   Code   RO         4452    .ARM.Collect$$libshutdown$$00000002  c_p.l(libshutdown2.o)
    0x08000126   0x08000126   0x00000000   Code   RO         4454    .ARM.Collect$$libshutdown$$00000004  c_p.l(libshutdown2.o)
    0x08000126   0x08000126   0x00000000   Code   RO         4456    .ARM.Collect$$libshutdown$$00000006  c_p.l(libshutdown2.o)
    0x08000126   0x08000126   0x00000000   Code   RO         4459    .ARM.Collect$$libshutdown$$00000009  c_p.l(libshutdown2.o)
    0x08000126   0x08000126   0x00000000   Code   RO         4462    .ARM.Collect$$libshutdown$$0000000C  c_p.l(libshutdown2.o)
    0x08000126   0x08000126   0x00000000   Code   RO         4464    .ARM.Collect$$libshutdown$$0000000E  c_p.l(libshutdown2.o)
    0x08000126   0x08000126   0x00000000   Code   RO         4467    .ARM.Collect$$libshutdown$$00000011  c_p.l(libshutdown2.o)
    0x08000126   0x08000126   0x00000002   Code   RO         4468    .ARM.Collect$$libshutdown$$00000012  c_p.l(libshutdown2.o)
    0x08000128   0x08000128   0x00000000   Code   RO         4297    .ARM.Collect$$rtentry$$00000000  c_p.l(__rtentry.o)
    0x08000128   0x08000128   0x00000000   Code   RO         4308    .ARM.Collect$$rtentry$$00000002  c_p.l(__rtentry2.o)
    0x08000128   0x08000128   0x00000006   Code   RO         4320    .ARM.Collect$$rtentry$$00000004  c_p.l(__rtentry4.o)
    0x0800012e   0x0800012e   0x00000000   Code   RO         4310    .ARM.Collect$$rtentry$$00000009  c_p.l(__rtentry2.o)
    0x0800012e   0x0800012e   0x00000004   Code   RO         4311    .ARM.Collect$$rtentry$$0000000A  c_p.l(__rtentry2.o)
    0x08000132   0x08000132   0x00000000   Code   RO         4313    .ARM.Collect$$rtentry$$0000000C  c_p.l(__rtentry2.o)
    0x08000132   0x08000132   0x00000008   Code   RO         4314    .ARM.Collect$$rtentry$$0000000D  c_p.l(__rtentry2.o)
    0x0800013a   0x0800013a   0x00000002   Code   RO         4343    .ARM.Collect$$rtexit$$00000000  c_p.l(rtexit.o)
    0x0800013c   0x0800013c   0x00000000   Code   RO         4399    .ARM.Collect$$rtexit$$00000002  c_p.l(rtexit2.o)
    0x0800013c   0x0800013c   0x00000004   Code   RO         4400    .ARM.Collect$$rtexit$$00000003  c_p.l(rtexit2.o)
    0x08000140   0x08000140   0x00000006   Code   RO         4401    .ARM.Collect$$rtexit$$00000004  c_p.l(rtexit2.o)
    0x08000146   0x08000146   0x00000002   PAD
    0x08000148   0x08000148   0x00000038   Code   RO            4    .text               startup_stm32f072xb.o
    0x08000180   0x08000180   0x00000102   Code   RO         4272    .text               c_p.l(lludiv.o)
    0x08000282   0x08000282   0x00000040   Code   RO         4274    .text               c_p.l(rt_memclr.o)
    0x080002c2   0x080002c2   0x0000015a   Code   RO         4276    .text               c_p.l(aeabi_sdiv.o)
    0x0800041c   0x0800041c   0x00000006   Code   RO         4280    .text               c_p.l(heapauxi.o)
    0x08000422   0x08000422   0x00000002   PAD
    0x08000424   0x08000424   0x0000007c   Code   RO         4284    .text               fz_ps.l(d2f.o)
    0x080004a0   0x080004a0   0x00000448   Code   RO         4286    .text               fz_ps.l(ddiv.o)
    0x080008e8   0x080008e8   0x00000058   Code   RO         4289    .text               fz_ps.l(dflti.o)
    0x08000940   0x08000940   0x00000248   Code   RO         4291    .text               fz_ps.l(dmul.o)
    0x08000b88   0x08000b88   0x0000004c   Code   RO         4293    .text               fz_ps.l(ffixi.o)
    0x08000bd4   0x08000bd4   0x0000003e   Code   RO         4324    .text               c_p.l(sys_stackheap_outer.o)
    0x08000c12   0x08000c12   0x00000010   Code   RO         4327    .text               c_p.l(exit.o)
    0x08000c22   0x08000c22   0x00000002   PAD
    0x08000c24   0x08000c24   0x00000008   Code   RO         4339    .text               c_p.l(libspace.o)
    0x08000c2c   0x08000c2c   0x0000000c   Code   RO         4396    .text               c_p.l(sys_exit.o)
    0x08000c38   0x08000c38   0x00000002   Code   RO         4415    .text               c_p.l(use_no_semi.o)
    0x08000c3a   0x08000c3a   0x00000000   Code   RO         4417    .text               c_p.l(indicate_semi.o)
    0x08000c3a   0x08000c3a   0x00000056   Code   RO         4471    .text               c_p.l(__dczerorl2.o)
    0x08000c90   0x08000c90   0x00000010   Code   RO          709    i.ADC1_COMP_IRQHandler  stm32f0xx_it.o
    0x08000ca0   0x08000ca0   0x0000006c   Code   RO          986    i.ADC_DMAConvCplt   stm32f0xx_hal_adc.o
    0x08000d0c   0x08000d0c   0x0000001a   Code   RO          987    i.ADC_DMAError      stm32f0xx_hal_adc.o
    0x08000d26   0x08000d26   0x0000000a   Code   RO          988    i.ADC_DMAHalfConvCplt  stm32f0xx_hal_adc.o
    0x08000d30   0x08000d30   0x00000090   Code   RO          990    i.ADC_Enable        stm32f0xx_hal_adc.o
    0x08000dc0   0x08000dc0   0x00000010   Code   RO          710    i.DMA1_Channel1_IRQHandler  stm32f0xx_it.o
    0x08000dd0   0x08000dd0   0x00000024   Code   RO         2089    i.DMA_CalcBaseAndBitshift  stm32f0xx_hal_dma.o
    0x08000df4   0x08000df4   0x00000028   Code   RO         2090    i.DMA_SetConfig     stm32f0xx_hal_dma.o
    0x08000e1c   0x08000e1c   0x0000000a   Code   RO          711    i.EXTI0_1_IRQHandler  stm32f0xx_it.o
    0x08000e26   0x08000e26   0x00000056   Code   RO          712    i.EXTI4_15_IRQHandler  stm32f0xx_it.o
    0x08000e7c   0x08000e7c   0x00000004   Code   RO          628    i.Error_Handler     main.o
    0x08000e80   0x08000e80   0x000000b8   Code   RO         1161    i.HAL_ADCEx_Calibration_Start  stm32f0xx_hal_adc_ex.o
    0x08000f38   0x08000f38   0x0000012c   Code   RO          992    i.HAL_ADC_ConfigChannel  stm32f0xx_hal_adc.o
    0x08001064   0x08001064   0x00000114   Code   RO           12    i.HAL_ADC_ConvCpltCallback  mylib_adc_isr.o
    0x08001178   0x08001178   0x00000002   Code   RO          994    i.HAL_ADC_ConvHalfCpltCallback  stm32f0xx_hal_adc.o
    0x0800117a   0x0800117a   0x00000002   Code   RO          996    i.HAL_ADC_ErrorCallback  stm32f0xx_hal_adc.o
    0x0800117c   0x0800117c   0x000000d0   Code   RO         1000    i.HAL_ADC_IRQHandler  stm32f0xx_hal_adc.o
    0x0800124c   0x0800124c   0x00000178   Code   RO         1001    i.HAL_ADC_Init      stm32f0xx_hal_adc.o
    0x080013c4   0x080013c4   0x00000002   Code   RO         1002    i.HAL_ADC_LevelOutOfWindowCallback  stm32f0xx_hal_adc.o
    0x080013c6   0x080013c6   0x00000002   PAD
    0x080013c8   0x080013c8   0x0000009c   Code   RO          812    i.HAL_ADC_MspInit   stm32f0xx_hal_msp.o
    0x08001464   0x08001464   0x000000a0   Code   RO         1008    i.HAL_ADC_Start_DMA  stm32f0xx_hal_adc.o
    0x08001504   0x08001504   0x00000002   Code   RO         2811    i.HAL_DACEx_DMAUnderrunCallbackCh2  stm32f0xx_hal_dac_ex.o
    0x08001506   0x08001506   0x00000002   PAD
    0x08001508   0x08001508   0x00000038   Code   RO         2817    i.HAL_DAC_ConfigChannel  stm32f0xx_hal_dac_ex.o
    0x08001540   0x08001540   0x00000002   Code   RO         2684    i.HAL_DAC_DMAUnderrunCallbackCh1  stm32f0xx_hal_dac.o
    0x08001542   0x08001542   0x00000062   Code   RO         2819    i.HAL_DAC_IRQHandler  stm32f0xx_hal_dac_ex.o
    0x080015a4   0x080015a4   0x0000002a   Code   RO         2691    i.HAL_DAC_Init      stm32f0xx_hal_dac.o
    0x080015ce   0x080015ce   0x00000002   PAD
    0x080015d0   0x080015d0   0x00000068   Code   RO          814    i.HAL_DAC_MspInit   stm32f0xx_hal_msp.o
    0x08001638   0x08001638   0x0000001c   Code   RO         2694    i.HAL_DAC_SetValue  stm32f0xx_hal_dac.o
    0x08001654   0x08001654   0x00000054   Code   RO         2820    i.HAL_DAC_Start     stm32f0xx_hal_dac_ex.o
    0x080016a8   0x080016a8   0x0000009c   Code   RO         2096    i.HAL_DMA_IRQHandler  stm32f0xx_hal_dma.o
    0x08001744   0x08001744   0x00000054   Code   RO         2097    i.HAL_DMA_Init      stm32f0xx_hal_dma.o
    0x08001798   0x08001798   0x0000006a   Code   RO         2101    i.HAL_DMA_Start_IT  stm32f0xx_hal_dma.o
    0x08001802   0x08001802   0x00000002   PAD
    0x08001804   0x08001804   0x000001a8   Code   RO          242    i.HAL_GPIO_EXTI_Callback  mylib_ext_isr.o
    0x080019ac   0x080019ac   0x00000018   Code   RO         2029    i.HAL_GPIO_EXTI_IRQHandler  stm32f0xx_hal_gpio.o
    0x080019c4   0x080019c4   0x000001b4   Code   RO         2030    i.HAL_GPIO_Init     stm32f0xx_hal_gpio.o
    0x08001b78   0x08001b78   0x0000000a   Code   RO         2032    i.HAL_GPIO_ReadPin  stm32f0xx_hal_gpio.o
    0x08001b82   0x08001b82   0x0000000c   Code   RO         2034    i.HAL_GPIO_WritePin  stm32f0xx_hal_gpio.o
    0x08001b8e   0x08001b8e   0x00000002   PAD
    0x08001b90   0x08001b90   0x0000000c   Code   RO         1370    i.HAL_GetTick       stm32f0xx_hal.o
    0x08001b9c   0x08001b9c   0x0000004a   Code   RO         1977    i.HAL_I2CEx_ConfigAnalogFilter  stm32f0xx_hal_i2c_ex.o
    0x08001be6   0x08001be6   0x00000048   Code   RO         1978    i.HAL_I2CEx_ConfigDigitalFilter  stm32f0xx_hal_i2c_ex.o
    0x08001c2e   0x08001c2e   0x00000002   PAD
    0x08001c30   0x08001c30   0x000000b4   Code   RO         1530    i.HAL_I2C_Init      stm32f0xx_hal_i2c.o
    0x08001ce4   0x08001ce4   0x00000110   Code   RO         1536    i.HAL_I2C_Master_Receive  stm32f0xx_hal_i2c.o
    0x08001df4   0x08001df4   0x00000110   Code   RO         1543    i.HAL_I2C_Master_Transmit  stm32f0xx_hal_i2c.o
    0x08001f04   0x08001f04   0x00000068   Code   RO          816    i.HAL_I2C_MspInit   stm32f0xx_hal_msp.o
    0x08001f6c   0x08001f6c   0x00000010   Code   RO         1376    i.HAL_IncTick       stm32f0xx_hal.o
    0x08001f7c   0x08001f7c   0x00000020   Code   RO         1377    i.HAL_Init          stm32f0xx_hal.o
    0x08001f9c   0x08001f9c   0x00000044   Code   RO         1378    i.HAL_InitTick      stm32f0xx_hal.o
    0x08001fe0   0x08001fe0   0x00000028   Code   RO          817    i.HAL_MspInit       stm32f0xx_hal_msp.o
    0x08002008   0x08002008   0x00000018   Code   RO         2187    i.HAL_NVIC_EnableIRQ  stm32f0xx_hal_cortex.o
    0x08002020   0x08002020   0x00000008   Code   RO         2191    i.HAL_NVIC_SetPriority  stm32f0xx_hal_cortex.o
    0x08002028   0x08002028   0x00000114   Code   RO         1182    i.HAL_RCC_ClockConfig  stm32f0xx_hal_rcc.o
    0x0800213c   0x0800213c   0x00000094   Code   RO         1190    i.HAL_RCC_GetSysClockFreq  stm32f0xx_hal_rcc.o
    0x080021d0   0x080021d0   0x00000404   Code   RO         1193    i.HAL_RCC_OscConfig  stm32f0xx_hal_rcc.o
    0x080025d4   0x080025d4   0x000000ee   Code   RO         2939    i.HAL_SPI_Init      stm32f0xx_hal_spi.o
    0x080026c2   0x080026c2   0x00000002   PAD
    0x080026c4   0x080026c4   0x00000060   Code   RO          819    i.HAL_SPI_MspInit   stm32f0xx_hal_msp.o
    0x08002724   0x08002724   0x000001f2   Code   RO         2948    i.HAL_SPI_TransmitReceive  stm32f0xx_hal_spi.o
    0x08002916   0x08002916   0x00000002   PAD
    0x08002918   0x08002918   0x00000030   Code   RO         2195    i.HAL_SYSTICK_Config  stm32f0xx_hal_cortex.o
    0x08002948   0x08002948   0x00000002   Code   RO         3973    i.HAL_TIMEx_BreakCallback  stm32f0xx_hal_tim_ex.o
    0x0800294a   0x0800294a   0x00000002   Code   RO         3974    i.HAL_TIMEx_CommutCallback  stm32f0xx_hal_tim_ex.o
    0x0800294c   0x0800294c   0x00000060   Code   RO         3992    i.HAL_TIMEx_MasterConfigSynchronization  stm32f0xx_hal_tim_ex.o
    0x080029ac   0x080029ac   0x00000048   Code   RO         3273    i.HAL_TIM_Base_Init  stm32f0xx_hal_tim.o
    0x080029f4   0x080029f4   0x000000fc   Code   RO          821    i.HAL_TIM_Base_MspInit  stm32f0xx_hal_msp.o
    0x08002af0   0x08002af0   0x00000050   Code   RO         3276    i.HAL_TIM_Base_Start  stm32f0xx_hal_tim.o
    0x08002b40   0x08002b40   0x00000058   Code   RO         3278    i.HAL_TIM_Base_Start_IT  stm32f0xx_hal_tim.o
    0x08002b98   0x08002b98   0x00000034   Code   RO         3281    i.HAL_TIM_Base_Stop_IT  stm32f0xx_hal_tim.o
    0x08002bcc   0x08002bcc   0x000000dc   Code   RO         3282    i.HAL_TIM_ConfigClockSource  stm32f0xx_hal_tim.o
    0x08002ca8   0x08002ca8   0x00000002   Code   RO         3307    i.HAL_TIM_IC_CaptureCallback  stm32f0xx_hal_tim.o
    0x08002caa   0x08002caa   0x00000162   Code   RO         3321    i.HAL_TIM_IRQHandler  stm32f0xx_hal_tim.o
    0x08002e0c   0x08002e0c   0x00000050   Code   RO          822    i.HAL_TIM_MspPostInit  stm32f0xx_hal_msp.o
    0x08002e5c   0x08002e5c   0x00000002   Code   RO         3324    i.HAL_TIM_OC_DelayElapsedCallback  stm32f0xx_hal_tim.o
    0x08002e5e   0x08002e5e   0x000000d0   Code   RO         3345    i.HAL_TIM_PWM_ConfigChannel  stm32f0xx_hal_tim.o
    0x08002f2e   0x08002f2e   0x00000048   Code   RO         3348    i.HAL_TIM_PWM_Init  stm32f0xx_hal_tim.o
    0x08002f76   0x08002f76   0x00000002   Code   RO         3350    i.HAL_TIM_PWM_MspInit  stm32f0xx_hal_tim.o
    0x08002f78   0x08002f78   0x00000002   Code   RO         3351    i.HAL_TIM_PWM_PulseFinishedCallback  stm32f0xx_hal_tim.o
    0x08002f7a   0x08002f7a   0x00000002   PAD
    0x08002f7c   0x08002f7c   0x000000b0   Code   RO         3353    i.HAL_TIM_PWM_Start  stm32f0xx_hal_tim.o
    0x0800302c   0x0800302c   0x00000002   Code   RO         3359    i.HAL_TIM_PeriodElapsedCallback  stm32f0xx_hal_tim.o
    0x0800302e   0x0800302e   0x00000002   Code   RO         3364    i.HAL_TIM_TriggerCallback  stm32f0xx_hal_tim.o
    0x08003030   0x08003030   0x00000002   Code   RO          713    i.HardFault_Handler  stm32f0xx_it.o
    0x08003032   0x08003032   0x00000022   Code   RO         1577    i.I2C_Flush_TXDR    stm32f0xx_hal_i2c.o
    0x08003054   0x08003054   0x00000088   Code   RO         1585    i.I2C_IsAcknowledgeFailed  stm32f0xx_hal_i2c.o
    0x080030dc   0x080030dc   0x00000028   Code   RO         1592    i.I2C_TransferConfig  stm32f0xx_hal_i2c.o
    0x08003104   0x08003104   0x0000004e   Code   RO         1594    i.I2C_WaitOnFlagUntilTimeout  stm32f0xx_hal_i2c.o
    0x08003152   0x08003152   0x00000002   PAD
    0x08003154   0x08003154   0x00000080   Code   RO         1595    i.I2C_WaitOnRXNEFlagUntilTimeout  stm32f0xx_hal_i2c.o
    0x080031d4   0x080031d4   0x0000004c   Code   RO         1596    i.I2C_WaitOnSTOPFlagUntilTimeout  stm32f0xx_hal_i2c.o
    0x08003220   0x08003220   0x00000050   Code   RO         1597    i.I2C_WaitOnTXISFlagUntilTimeout  stm32f0xx_hal_i2c.o
    0x08003270   0x08003270   0x000000dc   Code   RO          629    i.MX_ADC_Init       main.o
    0x0800334c   0x0800334c   0x00000028   Code   RO          630    i.MX_DMA_Init       main.o
    0x08003374   0x08003374   0x00000168   Code   RO          631    i.MX_GPIO_Init      main.o
    0x080034dc   0x080034dc   0x00000058   Code   RO          632    i.MX_I2C2_Init      main.o
    0x08003534   0x08003534   0x0000004c   Code   RO          633    i.MX_SPI1_Init      main.o
    0x08003580   0x08003580   0x00000070   Code   RO          634    i.MX_TIM15_Init     main.o
    0x080035f0   0x080035f0   0x00000070   Code   RO          635    i.MX_TIM1_Init      main.o
    0x08003660   0x08003660   0x00000070   Code   RO          636    i.MX_TIM2_Init      main.o
    0x080036d0   0x080036d0   0x000000a0   Code   RO          637    i.MX_TIM3_Init      main.o
    0x08003770   0x08003770   0x00000002   Code   RO          714    i.NMI_Handler       stm32f0xx_it.o
    0x08003772   0x08003772   0x00000002   Code   RO          715    i.PendSV_Handler    stm32f0xx_it.o
    0x08003774   0x08003774   0x00000028   Code   RO           14    i.SP100_ADC_Init    mylib_adc_isr.o
    0x0800379c   0x0800379c   0x0000004c   Code   RO          898    i.SP100_Airmix_FWD  sp100_airmix.o
    0x080037e8   0x080037e8   0x0000004c   Code   RO          900    i.SP100_Airmix_RVS  sp100_airmix.o
    0x08003834   0x08003834   0x0000003c   Code   RO          901    i.SP100_Airmix_STP  sp100_airmix.o
    0x08003870   0x08003870   0x0000000c   Code   RO          938    i.SP100_Blower_Handler  sp100_blower.o
    0x0800387c   0x0800387c   0x00000028   Code   RO          939    i.SP100_Blower_Init  sp100_blower.o
    0x080038a4   0x080038a4   0x00000048   Code   RO          172    i.SP100_CCU_Infinite_Loop  mylib_atc_ccu.o
    0x080038ec   0x080038ec   0x00000014   Code   RO          173    i.SP100_CCU_Init    mylib_atc_ccu.o
    0x08003900   0x08003900   0x00000014   Code   RO          174    i.SP100_CCU_State_Updater  mylib_atc_ccu.o
    0x08003914   0x08003914   0x00000174   Code   RO          175    i.SP100_CCU_Switch_Handler  mylib_atc_ccu.o
    0x08003a88   0x08003a88   0x0000000c   Code   RO          176    i.SP100_Delay       mylib_atc_ccu.o
    0x08003a94   0x08003a94   0x00000016   Code   RO          513    i.SP100_Intake_Fresh  sp100_intake.o
    0x08003aaa   0x08003aaa   0x00000016   Code   RO          515    i.SP100_Intake_Recycle  sp100_intake.o
    0x08003ac0   0x08003ac0   0x00000020   Code   RO          312    i.SP100_LCD_AC_Handler  mylib_lcd.o
    0x08003ae0   0x08003ae0   0x00000058   Code   RO          313    i.SP100_LCD_ALL_SEG  mylib_lcd.o
    0x08003b38   0x08003b38   0x0000000c   Code   RO          316    i.SP100_LCD_Backlight  mylib_lcd.o
    0x08003b44   0x08003b44   0x0000040c   Code   RO          317    i.SP100_LCD_Blower_Handler  mylib_lcd.o
    0x08003f50   0x08003f50   0x0000001c   Code   RO          319    i.SP100_LCD_Command  mylib_lcd.o
    0x08003f6c   0x08003f6c   0x00000044   Code   RO          322    i.SP100_LCD_Init    mylib_lcd.o
    0x08003fb0   0x08003fb0   0x00000094   Code   RO          323    i.SP100_LCD_Mode_Handler  mylib_lcd.o
    0x08004044   0x08004044   0x00000228   Code   RO          328    i.SP100_LCD_Print_Temp  mylib_lcd.o
    0x0800426c   0x0800426c   0x00000020   Code   RO          329    i.SP100_LCD_R_DEF_Handler  mylib_lcd.o
    0x0800428c   0x0800428c   0x0000002c   Code   RO          330    i.SP100_LCD_SEG_OFF  mylib_lcd.o
    0x080042b8   0x080042b8   0x0000002c   Code   RO          331    i.SP100_LCD_SEG_ON  mylib_lcd.o
    0x080042e4   0x080042e4   0x00000030   Code   RO          332    i.SP100_LCD_SEG_Read  mylib_lcd.o
    0x08004314   0x08004314   0x00000050   Code   RO          339    i.SP100_LCD_Update  mylib_lcd.o
    0x08004364   0x08004364   0x0000004c   Code   RO          589    i.SP100_Mode_FWD    sp100_mode.o
    0x080043b0   0x080043b0   0x0000008c   Code   RO          590    i.SP100_Mode_Handler  sp100_mode.o
    0x0800443c   0x0800443c   0x0000004c   Code   RO          591    i.SP100_Mode_RVS    sp100_mode.o
    0x08004488   0x08004488   0x0000003c   Code   RO          592    i.SP100_Mode_STP    sp100_mode.o
    0x080044c4   0x080044c4   0x0000005c   Code   RO          550    i.SP100_TLE_Ctrl_Register_Read  sp100_tle94108es.o
    0x08004520   0x08004520   0x00000058   Code   RO          551    i.SP100_TLE_Ctrl_Register_Write  sp100_tle94108es.o
    0x08004578   0x08004578   0x00000024   Code   RO          553    i.SP100_TLE_Init    sp100_tle94108es.o
    0x0800459c   0x0800459c   0x0000004c   Code   RO         2977    i.SPI_EndRxTxTransaction  stm32f0xx_hal_spi.o
    0x080045e8   0x080045e8   0x000000d8   Code   RO         2982    i.SPI_WaitFifoStateUntilTimeout  stm32f0xx_hal_spi.o
    0x080046c0   0x080046c0   0x000000b8   Code   RO         2983    i.SPI_WaitFlagStateUntilTimeout  stm32f0xx_hal_spi.o
    0x08004778   0x08004778   0x00000002   Code   RO          716    i.SVC_Handler       stm32f0xx_it.o
    0x0800477a   0x0800477a   0x00000008   Code   RO          717    i.SysTick_Handler   stm32f0xx_it.o
    0x08004782   0x08004782   0x00000056   Code   RO          638    i.SystemClock_Config  main.o
    0x080047d8   0x080047d8   0x00000002   Code   RO         4237    i.SystemInit        system_stm32f0xx.o
    0x080047da   0x080047da   0x00000002   PAD
    0x080047dc   0x080047dc   0x00000010   Code   RO          718    i.TIM14_IRQHandler  stm32f0xx_it.o
    0x080047ec   0x080047ec   0x00000010   Code   RO          719    i.TIM15_IRQHandler  stm32f0xx_it.o
    0x080047fc   0x080047fc   0x00000010   Code   RO          720    i.TIM2_IRQHandler   stm32f0xx_it.o
    0x0800480c   0x0800480c   0x00000018   Code   RO          721    i.TIM6_DAC_IRQHandler  stm32f0xx_it.o
    0x08004824   0x08004824   0x00000010   Code   RO          722    i.TIM7_IRQHandler   stm32f0xx_it.o
    0x08004834   0x08004834   0x00000094   Code   RO         3366    i.TIM_Base_SetConfig  stm32f0xx_hal_tim.o
    0x080048c8   0x080048c8   0x0000001a   Code   RO         3367    i.TIM_CCxChannelCmd  stm32f0xx_hal_tim.o
    0x080048e2   0x080048e2   0x00000016   Code   RO         3377    i.TIM_ETR_SetConfig  stm32f0xx_hal_tim.o
    0x080048f8   0x080048f8   0x00000010   Code   RO         3378    i.TIM_ITRx_SetConfig  stm32f0xx_hal_tim.o
    0x08004908   0x08004908   0x00000088   Code   RO         3379    i.TIM_OC1_SetConfig  stm32f0xx_hal_tim.o
    0x08004990   0x08004990   0x00000080   Code   RO         3380    i.TIM_OC2_SetConfig  stm32f0xx_hal_tim.o
    0x08004a10   0x08004a10   0x00000084   Code   RO         3381    i.TIM_OC3_SetConfig  stm32f0xx_hal_tim.o
    0x08004a94   0x08004a94   0x0000006c   Code   RO         3382    i.TIM_OC4_SetConfig  stm32f0xx_hal_tim.o
    0x08004b00   0x08004b00   0x00000022   Code   RO         3384    i.TIM_TI1_ConfigInputStage  stm32f0xx_hal_tim.o
    0x08004b22   0x08004b22   0x00000026   Code   RO         3386    i.TIM_TI2_ConfigInputStage  stm32f0xx_hal_tim.o
    0x08004b48   0x08004b48   0x00000030   Code   RO         1267    i.__ARM_common_ll_muluu  stm32f0xx_hal_rcc.o
    0x08004b78   0x08004b78   0x0000001a   Code   RO          213    i.__ARM_common_switch8  mylib_atc_ccu.o
    0x08004b92   0x08004b92   0x00000002   PAD
    0x08004b94   0x08004b94   0x00000044   Code   RO         2197    i.__NVIC_SetPriority  stm32f0xx_hal_cortex.o
    0x08004bd8   0x08004bd8   0x0000011c   Code   RO          639    i.main              main.o
    0x08004cf4   0x08004cf4   0x000000b0   Code   RO         4295    x$fpl$fmul          fz_ps.l(fmul.o)
    0x08004da4   0x08004da4   0x00000000   Code   RO         4306    x$fpl$usenofp       fz_ps.l(usenofp.o)
    0x08004da4   0x08004da4   0x00000062   Data   RO          340    .constdata          mylib_lcd.o
    0x08004e06   0x08004e06   0x00000010   Data   RO         4238    .constdata          system_stm32f0xx.o
    0x08004e16   0x08004e16   0x00000080   Data   RO         4287    .constdata          fz_ps.l(ddiv.o)
    0x08004e96   0x08004e96   0x00000002   PAD
    0x08004e98   0x08004e98   0x00000020   Data   RO         4469    Region$$Table       anon$$obj.o


    Execution Region RW_IRAM1 (Exec base: 0x20000000, Load base: 0x08004eb8, Size: 0x00000b00, Max: 0x00004000, ABSOLUTE, COMPRESSED[0x000000ac])

    Exec Addr    Load Addr    Size         Type   Attr      Idx    E Section Name        Object

    0x20000000   COMPRESSED   0x00000004   Data   RW          177    .data               mylib_atc_ccu.o
    0x20000004   COMPRESSED   0x00000001   Data   RW          260    .data               mylib_global_variables.o
    0x20000005   COMPRESSED   0x00000001   Data   RW          261    .data               mylib_global_variables.o
    0x20000006   COMPRESSED   0x00000001   Data   RW          262    .data               mylib_global_variables.o
    0x20000007   COMPRESSED   0x00000001   Data   RW          263    .data               mylib_global_variables.o
    0x20000008   COMPRESSED   0x00000001   Data   RW          265    .data               mylib_global_variables.o
    0x20000009   COMPRESSED   0x00000001   Data   RW          266    .data               mylib_global_variables.o
    0x2000000a   COMPRESSED   0x00000001   Data   RW          268    .data               mylib_global_variables.o
    0x2000000b   COMPRESSED   0x00000001   Data   RW          281    .data               mylib_global_variables.o
    0x2000000c   COMPRESSED   0x00000001   Data   RW          282    .data               mylib_global_variables.o
    0x2000000d   COMPRESSED   0x00000001   Data   RW          283    .data               mylib_global_variables.o
    0x2000000e   COMPRESSED   0x00000001   Data   RW          284    .data               mylib_global_variables.o
    0x2000000f   COMPRESSED   0x00000001   Data   RW          286    .data               mylib_global_variables.o
    0x20000010   COMPRESSED   0x00000004   Data   RW          293    .data               mylib_global_variables.o
    0x20000014   COMPRESSED   0x00000004   Data   RW          294    .data               mylib_global_variables.o
    0x20000018   COMPRESSED   0x00000004   Data   RW          299    .data               mylib_global_variables.o
    0x2000001c   COMPRESSED   0x00000004   Data   RW          300    .data               mylib_global_variables.o
    0x20000020   COMPRESSED   0x00000004   Data   RW          301    .data               mylib_global_variables.o
    0x20000024   COMPRESSED   0x00000112   Data   RW          357    .data               mylib_lcd.o
    0x20000136   COMPRESSED   0x00000002   PAD
    0x20000138   COMPRESSED   0x00000004   Data   RW          942    .data               sp100_blower.o
    0x2000013c   COMPRESSED   0x0000000c   Data   RW         1384    .data               stm32f0xx_hal.o
    0x20000148   COMPRESSED   0x00000004   Data   RW         4240    .data               system_stm32f0xx.o
    0x2000014c        -       0x0000000e   Zero   RW           15    .bss                mylib_adc_isr.o
    0x2000015a   COMPRESSED   0x00000002   PAD
    0x2000015c        -       0x000002fc   Zero   RW          640    .bss                main.o
    0x20000458        -       0x00000044   Zero   RW          641    .bss                main.o
    0x2000049c        -       0x00000060   Zero   RW         4340    .bss                c_p.l(libspace.o)
    0x200004fc   COMPRESSED   0x00000004   PAD
    0x20000500        -       0x00000200   Zero   RW            2    HEAP                startup_stm32f072xb.o
    0x20000700        -       0x00000400   Zero   RW            1    STACK               startup_stm32f072xb.o


==============================================================================

Image component sizes


      Code (inc. data)   RO Data    RW Data    ZI Data      Debug   Object Name

      1654        136          0          0        832       8389   main.o
       316         88          0          0         14     491270   mylib_adc_isr.o
       522         70          0          4          0       3728   mylib_atc_ccu.o
       424         22          0          0          0        849   mylib_ext_isr.o
         0          0          0         32          0       2533   mylib_global_variables.o
      2212        198         98        274          0      12339   mylib_lcd.o
       212         26          0          0          0       1525   sp100_airmix.o
        52         14          0          4          0       1156   sp100_blower.o
        44          0          0          0          0       1298   sp100_intake.o
       352         78          0          0          0       2120   sp100_mode.o
       216         20          0          0          0       1796   sp100_tle94108es.o
        56         26        192          0       1536        640   startup_stm32f072xb.o
       128         26          0         12          0       7941   stm32f0xx_hal.o
      1338         56          0          0          0       8374   stm32f0xx_hal_adc.o
       184          0          0          0          0       1394   stm32f0xx_hal_adc_ex.o
       148         24          0          0          0      10321   stm32f0xx_hal_cortex.o
        72          0          0          0          0       2327   stm32f0xx_hal_dac.o
       240          4          0          0          0       3116   stm32f0xx_hal_dac_ex.o
       422         16          0          0          0       4139   stm32f0xx_hal_dma.o
       482         36          0          0          0       3358   stm32f0xx_hal_gpio.o
      1296         42          0          0          0      10402   stm32f0xx_hal_i2c.o
       146          0          0          0          0       1907   stm32f0xx_hal_i2c_ex.o
       832        102          0          0          0       5210   stm32f0xx_hal_msp.o
      1500         84          0          0          0       4334   stm32f0xx_hal_rcc.o
      1212          8          0          0          0       6341   stm32f0xx_hal_spi.o
      2122        150          0          0          0      17678   stm32f0xx_hal_tim.o
       100         12          0          0          0       2361   stm32f0xx_hal_tim_ex.o
       232         44          0          0          0       6324   stm32f0xx_it.o
         2          0         16          4          0       1123   system_stm32f0xx.o

    ----------------------------------------------------------------------
     16540       1282        338        332       2384     624293   Object Totals
         0          0         32          0          0          0   (incl. Generated)
        24          0          0          2          2          0   (incl. Padding)

    ----------------------------------------------------------------------

      Code (inc. data)   RO Data    RW Data    ZI Data      Debug   Library Member Name

        86          0          0          0          0          0   __dczerorl2.o
         8          0          0          0          0         68   __main.o
         0          0          0          0          0          0   __rtentry.o
        12          0          0          0          0          0   __rtentry2.o
         6          0          0          0          0          0   __rtentry4.o
        60          8          0          0          0          0   __scatter.o
        28          0          0          0          0          0   __scatter_zi.o
       346          0          0          0          0         92   aeabi_sdiv.o
        16          0          0          0          0         68   exit.o
         6          0          0          0          0        136   heapauxi.o
         0          0          0          0          0          0   indicate_semi.o
         2          0          0          0          0          0   libinit.o
         2          0          0          0          0          0   libinit2.o
         2          0          0          0          0          0   libshutdown.o
         2          0          0          0          0          0   libshutdown2.o
         8          4          0          0         96         68   libspace.o
       258          0          0          0          0         88   lludiv.o
        64          0          0          0          0        108   rt_memclr.o
         2          0          0          0          0          0   rtexit.o
        10          0          0          0          0          0   rtexit2.o
        12          4          0          0          0         60   sys_exit.o
        62          0          0          0          0         80   sys_stackheap_outer.o
         2          0          0          0          0         68   use_no_semi.o
       124          4          0          0          0         72   d2f.o
      1096         26        128          0          0        112   ddiv.o
        88          0          0          0          0         92   dflti.o
       584         26          0          0          0         84   dmul.o
        76          0          0          0          0         68   ffixi.o
       176          4          0          0          0         80   fmul.o
         0          0          0          0          0          0   usenofp.o

    ----------------------------------------------------------------------
      3144         76        130          0        100       1344   Library Totals
         6          0          2          0          4          0   (incl. Padding)

    ----------------------------------------------------------------------

      Code (inc. data)   RO Data    RW Data    ZI Data      Debug   Library Name

       994         16          0          0         96        836   c_p.l
      2144         60        128          0          0        508   fz_ps.l

    ----------------------------------------------------------------------
      3144         76        130          0        100       1344   Library Totals

    ----------------------------------------------------------------------

==============================================================================


      Code (inc. data)   RO Data    RW Data    ZI Data      Debug   

     19684       1358        468        332       2484     618449   Grand Totals
     19684       1358        468        172       2484     618449   ELF Image Totals (compressed)
     19684       1358        468        172          0          0   ROM Totals

==============================================================================

    Total RO  Size (Code + RO Data)                20152 (  19.68kB)
    Total RW  Size (RW Data + ZI Data)              2816 (   2.75kB)
    Total ROM Size (Code + RO Data + RW Data)      20324 (  19.85kB)

==============================================================================

