../Core/Src/stm32f0xx_hal_msp.c:66:6:HAL_MspInit	8	static
../Core/Src/stm32f0xx_hal_msp.c:88:6:HAL_ADC_MspInit	48	static
../Core/Src/stm32f0xx_hal_msp.c:148:6:HAL_ADC_MspDeInit	8	static
../Core/Src/stm32f0xx_hal_msp.c:188:6:HAL_I2C_MspInit	40	static
../Core/Src/stm32f0xx_hal_msp.c:224:6:HAL_I2C_MspDeInit	8	static
../Core/Src/stm32f0xx_hal_msp.c:255:6:HAL_TIM_Base_MspInit	40	static
../Core/Src/stm32f0xx_hal_msp.c:359:6:HAL_TIM_MspPostInit	32	static
../Core/Src/stm32f0xx_hal_msp.c:391:6:HAL_TIM_Base_MspDeInit	0	static
../Core/Src/stm32f0xx_hal_msp.c:501:6:HAL_UART_MspInit	40	static
../Core/Src/stm32f0xx_hal_msp.c:537:6:HAL_UART_MspDeInit	8	static
