main.c:89:5:main	8	static
main.c:143:6:SystemClock_Config	80	static
main.c:188:13:MX_ADC1_Init	24	static
main.c:297:13:MX_DAC_Init	16	static
main.c:335:13:MX_I2C2_Init	8	static
main.c:369:13:MX_SPI1_Init	8	static
main.c:407:13:MX_TIM1_Init	32	static
main.c:453:13:MX_TIM3_Init	32	static
main.c:498:13:MX_TIM4_Init	64	static
main.c:557:13:MX_TIM6_Init	16	static
main.c:595:13:MX_TIM7_Init	16	static
main.c:633:13:MX_TIM16_Init	8	static
main.c:665:13:MX_USART1_UART_Init	8	static
main.c:696:13:MX_DMA_Init	16	static
main.c:714:13:MX_GPIO_Init	40	static
main.c:817:6:Error_Handler	4	static,ignoring_inline_asm
