Component: ARM Compiler 5.06 update 7 (build 960) Tool: armlink [4d3601]

==============================================================================

Section Cross References

    startup_stm32f072xb.o(STACK) refers (Special) to heapauxi.o(.text) for __use_two_region_memory
    startup_stm32f072xb.o(HEAP) refers (Special) to heapauxi.o(.text) for __use_two_region_memory
    startup_stm32f072xb.o(RESET) refers (Special) to heapauxi.o(.text) for __use_two_region_memory
    startup_stm32f072xb.o(RESET) refers to startup_stm32f072xb.o(STACK) for __initial_sp
    startup_stm32f072xb.o(RESET) refers to startup_stm32f072xb.o(.text) for Reset_Handler
    startup_stm32f072xb.o(RESET) refers to stm32f0xx_it.o(i.NMI_Handler) for NMI_Handler
    startup_stm32f072xb.o(RESET) refers to stm32f0xx_it.o(i.HardFault_Handler) for HardFault_Handler
    startup_stm32f072xb.o(RESET) refers to stm32f0xx_it.o(i.SVC_Handler) for SVC_Handler
    startup_stm32f072xb.o(RESET) refers to stm32f0xx_it.o(i.PendSV_Handler) for PendSV_Handler
    startup_stm32f072xb.o(RESET) refers to stm32f0xx_it.o(i.SysTick_Handler) for SysTick_Handler
    startup_stm32f072xb.o(RESET) refers to stm32f0xx_it.o(i.EXTI0_1_IRQHandler) for EXTI0_1_IRQHandler
    startup_stm32f072xb.o(RESET) refers to stm32f0xx_it.o(i.EXTI4_15_IRQHandler) for EXTI4_15_IRQHandler
    startup_stm32f072xb.o(RESET) refers to stm32f0xx_it.o(i.DMA1_Channel1_IRQHandler) for DMA1_Channel1_IRQHandler
    startup_stm32f072xb.o(RESET) refers to stm32f0xx_it.o(i.ADC1_COMP_IRQHandler) for ADC1_COMP_IRQHandler
    startup_stm32f072xb.o(RESET) refers to stm32f0xx_it.o(i.TIM2_IRQHandler) for TIM2_IRQHandler
    startup_stm32f072xb.o(RESET) refers to stm32f0xx_it.o(i.TIM6_DAC_IRQHandler) for TIM6_DAC_IRQHandler
    startup_stm32f072xb.o(RESET) refers to stm32f0xx_it.o(i.TIM7_IRQHandler) for TIM7_IRQHandler
    startup_stm32f072xb.o(RESET) refers to stm32f0xx_it.o(i.TIM14_IRQHandler) for TIM14_IRQHandler
    startup_stm32f072xb.o(RESET) refers to stm32f0xx_it.o(i.TIM15_IRQHandler) for TIM15_IRQHandler
    startup_stm32f072xb.o(.text) refers (Special) to heapauxi.o(.text) for __use_two_region_memory
    startup_stm32f072xb.o(.text) refers to system_stm32f0xx.o(i.SystemInit) for SystemInit
    startup_stm32f072xb.o(.text) refers to __main.o(!!!main) for __main
    startup_stm32f072xb.o(.text) refers to startup_stm32f072xb.o(HEAP) for Heap_Mem
    startup_stm32f072xb.o(.text) refers to startup_stm32f072xb.o(STACK) for Stack_Mem
    sp100_intake.o(i.SP100_Compressor_OFF) refers to sp100_tle94108es.o(i.SP100_TLE_Ctrl_Register_Read) for SP100_TLE_Ctrl_Register_Read
    sp100_intake.o(i.SP100_Compressor_OFF) refers to sp100_tle94108es.o(i.SP100_TLE_Ctrl_Register_Write) for SP100_TLE_Ctrl_Register_Write
    sp100_intake.o(i.SP100_Compressor_ON) refers to sp100_tle94108es.o(i.SP100_TLE_Ctrl_Register_Read) for SP100_TLE_Ctrl_Register_Read
    sp100_intake.o(i.SP100_Compressor_ON) refers to sp100_tle94108es.o(i.SP100_TLE_Ctrl_Register_Write) for SP100_TLE_Ctrl_Register_Write
    sp100_intake.o(i.SP100_Compressor_ON) refers to sp100_intake.o(i.SP100_Compressor_OFF) for SP100_Compressor_OFF
    sp100_intake.o(i.SP100_Compressor_ON) refers to sp100_global_variables.o(.data) for SP100_AC_Temp_State
    sp100_intake.o(i.SP100_Compressor_ON) refers to sp100_global_variables.o(.data) for SP100_CCU_State
    sp100_intake.o(i.SP100_Intake_Fresh) refers to sp100_tle94108es.o(i.SP100_TLE_Ctrl_Register_Read) for SP100_TLE_Ctrl_Register_Read
    sp100_intake.o(i.SP100_Intake_Fresh) refers to sp100_tle94108es.o(i.SP100_TLE_Ctrl_Register_Write) for SP100_TLE_Ctrl_Register_Write
    sp100_intake.o(i.SP100_Intake_Handler) refers to sp100_intake.o(i.SP100_Intake_Recycle) for SP100_Intake_Recycle
    sp100_intake.o(i.SP100_Intake_Handler) refers to stm32f0xx_hal_gpio.o(i.HAL_GPIO_WritePin) for HAL_GPIO_WritePin
    sp100_intake.o(i.SP100_Intake_Handler) refers to sp100_intake.o(i.SP100_Intake_Fresh) for SP100_Intake_Fresh
    sp100_intake.o(i.SP100_Intake_Recycle) refers to sp100_tle94108es.o(i.SP100_TLE_Ctrl_Register_Read) for SP100_TLE_Ctrl_Register_Read
    sp100_intake.o(i.SP100_Intake_Recycle) refers to sp100_tle94108es.o(i.SP100_TLE_Ctrl_Register_Write) for SP100_TLE_Ctrl_Register_Write
    sp100_intake.o(i.SP100_Intake_STP) refers to sp100_tle94108es.o(i.SP100_TLE_Ctrl_Register_Read) for SP100_TLE_Ctrl_Register_Read
    sp100_intake.o(i.SP100_Intake_STP) refers to sp100_tle94108es.o(i.SP100_TLE_Ctrl_Register_Write) for SP100_TLE_Ctrl_Register_Write
    sp100_intake.o(i.SP100_R_DEF_OFF) refers to sp100_tle94108es.o(i.SP100_TLE_Ctrl_Register_Read) for SP100_TLE_Ctrl_Register_Read
    sp100_intake.o(i.SP100_R_DEF_OFF) refers to sp100_tle94108es.o(i.SP100_TLE_Ctrl_Register_Write) for SP100_TLE_Ctrl_Register_Write
    sp100_intake.o(i.SP100_R_DEF_ON) refers to sp100_tle94108es.o(i.SP100_TLE_Ctrl_Register_Read) for SP100_TLE_Ctrl_Register_Read
[...]
    .data                                    0x20000020   Section        1  sp100_global_variables.o(.data)
    .data                                    0x20000021   Section        1  sp100_global_variables.o(.data)
    .data                                    0x20000022   Section        1  sp100_global_variables.o(.data)
    .data                                    0x20000024   Section        4  sp100_global_variables.o(.data)
    .data                                    0x20000028   Section        4  sp100_global_variables.o(.data)
    .data                                    0x2000002c   Section        4  sp100_global_variables.o(.data)
    .data                                    0x20000030   Section        4  sp100_global_variables.o(.data)
    .data                                    0x20000034   Section        4  sp100_global_variables.o(.data)
    .data                                    0x20000038   Section        4  sp100_global_variables.o(.data)
    .data                                    0x2000003c   Section        4  sp100_global_variables.o(.data)
    .data                                    0x20000040   Section        4  sp100_global_variables.o(.data)
    .data                                    0x20000044   Section        4  sp100_global_variables.o(.data)
    .data                                    0x20000048   Section        4  sp100_global_variables.o(.data)
    .data                                    0x2000004c   Section      274  sp100_lcd.o(.data)
    .data                                    0x20000160   Section       12  stm32f0xx_hal.o(.data)
    .data                                    0x2000016c   Section        4  system_stm32f0xx.o(.data)
    .bss                                     0x20000170   Section       32  sp100_adc_isr.o(.bss)
    .bss                                     0x20000190   Section      764  main.o(.bss)
    .bss                                     0x2000048c   Section       68  main.o(.bss)
    .bss                                     0x200004d0   Section       96  libspace.o(.bss)
    HEAP                                     0x20000530   Section      512  startup_stm32f072xb.o(HEAP)
    Heap_Mem                                 0x20000530   Data         512  startup_stm32f072xb.o(HEAP)
    STACK                                    0x20000730   Section     1024  startup_stm32f072xb.o(STACK)
    Stack_Mem                                0x20000730   Data        1024  startup_stm32f072xb.o(STACK)
    __initial_sp                             0x20000b30   Data           0  startup_stm32f072xb.o(STACK)

    Global Symbols

    Symbol Name                              Value     Ov Type        Size  Object(Section)

    BuildAttributes$$THM_ISAv3M$S$PE$A:L22$X:L11$S22$IEEE1$IW$USESV6$~STKCKD$USESV7$~SHL$OTIME$ROPI$IEEEJ$EBA8$UX$STANDARDLIB$REQ8$PRES8$EABIv2 0x00000000   Number         0  anon$$obj.o ABSOLUTE
    __ARM_use_no_argv                        0x00000000   Number         0  main.o ABSOLUTE
    __ARM_exceptions_init                     - Undefined Weak Reference
    __alloca_initialize                       - Undefined Weak Reference
    __arm_fini_                               - Undefined Weak Reference
    __arm_preinit_                            - Undefined Weak Reference
    __cpp_initialize__aeabi_                  - Undefined Weak Reference
    __cxa_finalize                            - Undefined Weak Reference
    __rt_locale                               - Undefined Weak Reference
    __sigvec_lookup                           - Undefined Weak Reference
    _atexit_init                              - Undefined Weak Reference
    _call_atexit_fns                          - Undefined Weak Reference
    _clock_init                               - Undefined Weak Reference
    _fp_trap_init                             - Undefined Weak Reference
    _fp_trap_shutdown                         - Undefined Weak Reference
    _get_lc_collate                           - Undefined Weak Reference
    _get_lc_ctype                             - Undefined Weak Reference
    _get_lc_monetary                          - Undefined Weak Reference
    _get_lc_numeric                           - Undefined Weak Reference
    _get_lc_time                              - Undefined Weak Reference
    _getenv_init                              - Undefined Weak Reference
    _handle_redirection                       - Undefined Weak Reference
    _init_alloc                               - Undefined Weak Reference
    _init_user_alloc                          - Undefined Weak Reference
    _initio                                   - Undefined Weak Reference
    _rand_init                                - Undefined Weak Reference
    _signal_finish                            - Undefined Weak Reference
    _signal_init                              - Undefined Weak Reference
    _terminate_alloc                          - Undefined Weak Reference
    _terminate_user_alloc                     - Undefined Weak Reference
    _terminateio                              - Undefined Weak Reference
    __Vectors_Size                           0x000000c0   Number         0  startup_stm32f072xb.o ABSOLUTE
    __Vectors                                0x08000000   Data           4  startup_stm32f072xb.o(RESET)
    __Vectors_End                            0x080000c0   Data           0  startup_stm32f072xb.o(RESET)
    __main                                   0x080000c1   Thumb Code     8  __main.o(!!!main)
    __scatterload                            0x080000c9   Thumb Code     0  __scatter.o(!!!scatter)
    __scatterload_rt2                        0x080000c9   Thumb Code    52  __scatter.o(!!!scatter)
    __scatterload_rt2_thumb_only             0x080000c9   Thumb Code     0  __scatter.o(!!!scatter)
    __scatterload_null                       0x080000d9   Thumb Code     0  __scatter.o(!!!scatter)
    __scatterload_zeroinit                   0x08000105   Thumb Code    28  __scatter_zi.o(!!handler_zi)
    __rt_lib_init                            0x08000121   Thumb Code     0  libinit.o(.ARM.Collect$$libinit$$00000000)
    __rt_lib_init_alloca_1                   0x08000123   Thumb Code     0  libinit2.o(.ARM.Collect$$libinit$$0000002E)
    __rt_lib_init_argv_1                     0x08000123   Thumb Code     0  libinit2.o(.ARM.Collect$$libinit$$0000002C)
    __rt_lib_init_atexit_1                   0x08000123   Thumb Code     0  libinit2.o(.ARM.Collect$$libinit$$0000001B)
    __rt_lib_init_clock_1                    0x08000123   Thumb Code     0  libinit2.o(.ARM.Collect$$libinit$$00000021)
    __rt_lib_init_cpp_1                      0x08000123   Thumb Code     0  libinit2.o(.ARM.Collect$$libinit$$00000032)
    __rt_lib_init_exceptions_1               0x08000123   Thumb Code     0  libinit2.o(.ARM.Collect$$libinit$$00000030)
    __rt_lib_init_fp_1                       0x08000123   Thumb Code     0  libinit2.o(.ARM.Collect$$libinit$$00000002)
    __rt_lib_init_fp_trap_1                  0x08000123   Thumb Code     0  libinit2.o(.ARM.Collect$$libinit$$0000001F)
    __rt_lib_init_getenv_1                   0x08000123   Thumb Code     0  libinit2.o(.ARM.Collect$$libinit$$00000023)
    __rt_lib_init_heap_1                     0x08000123   Thumb Code     0  libinit2.o(.ARM.Collect$$libinit$$0000000A)
    __rt_lib_init_lc_collate_1               0x08000123   Thumb Code     0  libinit2.o(.ARM.Collect$$libinit$$00000011)
    __rt_lib_init_lc_ctype_1                 0x08000123   Thumb Code     0  libinit2.o(.ARM.Collect$$libinit$$00000013)
    __rt_lib_init_lc_monetary_1              0x08000123   Thumb Code     0  libinit2.o(.ARM.Collect$$libinit$$00000015)
    __rt_lib_init_lc_numeric_1               0x08000123   Thumb Code     0  libinit2.o(.ARM.Collect$$libinit$$00000017)
    __rt_lib_init_lc_time_1                  0x08000123   Thumb Code     0  libinit2.o(.ARM.Collect$$libinit$$00000019)
    __rt_lib_init_preinit_1                  0x08000123   Thumb Code     0  libinit2.o(.ARM.Collect$$libinit$$00000004)
    __rt_lib_init_rand_1                     0x08000123   Thumb Code     0  libinit2.o(.ARM.Collect$$libinit$$0000000E)
    __rt_lib_init_return                     0x08000123   Thumb Code     0  libinit2.o(.ARM.Collect$$libinit$$00000033)
    __rt_lib_init_signal_1                   0x08000123   Thumb Code     0  libinit2.o(.ARM.Collect$$libinit$$0000001D)
    __rt_lib_init_stdio_1                    0x08000123   Thumb Code     0  libinit2.o(.ARM.Collect$$libinit$$00000025)
    __rt_lib_init_user_alloc_1               0x08000123   Thumb Code     0  libinit2.o(.ARM.Collect$$libinit$$0000000C)
    __rt_lib_shutdown                        0x08000125   Thumb Code     0  libshutdown.o(.ARM.Collect$$libshutdown$$00000000)
    __rt_lib_shutdown_cpp_1                  0x08000127   Thumb Code     0  libshutdown2.o(.ARM.Collect$$libshutdown$$00000004)
    __rt_lib_shutdown_fini_1                 0x08000127   Thumb Code     0  libshutdown2.o(.ARM.Collect$$libshutdown$$00000002)
    __rt_lib_shutdown_fp_trap_1              0x08000127   Thumb Code     0  libshutdown2.o(.ARM.Collect$$libshutdown$$00000009)
    __rt_lib_shutdown_heap_1                 0x08000127   Thumb Code     0  libshutdown2.o(.ARM.Collect$$libshutdown$$00000011)
    __rt_lib_shutdown_return                 0x08000127   Thumb Code     0  libshutdown2.o(.ARM.Collect$$libshutdown$$00000012)
    __rt_lib_shutdown_signal_1               0x08000127   Thumb Code     0  libshutdown2.o(.ARM.Collect$$libshutdown$$0000000C)
    __rt_lib_shutdown_stdio_1                0x08000127   Thumb Code     0  libshutdown2.o(.ARM.Collect$$libshutdown$$00000006)
    __rt_lib_shutdown_user_alloc_1           0x08000127   Thumb Code     0  libshutdown2.o(.ARM.Collect$$libshutdown$$0000000E)
    __rt_entry                               0x08000129   Thumb Code     0  __rtentry.o(.ARM.Collect$$rtentry$$00000000)
    __rt_entry_presh_1                       0x08000129   Thumb Code     0  __rtentry2.o(.ARM.Collect$$rtentry$$00000002)
    __rt_entry_sh                            0x08000129   Thumb Code     0  __rtentry4.o(.ARM.Collect$$rtentry$$00000004)
    __rt_entry_li                            0x0800012f   Thumb Code     0  __rtentry2.o(.ARM.Collect$$rtentry$$0000000A)
    __rt_entry_postsh_1                      0x0800012f   Thumb Code     0  __rtentry2.o(.ARM.Collect$$rtentry$$00000009)
    __rt_entry_main                          0x08000133   Thumb Code     0  __rtentry2.o(.ARM.Collect$$rtentry$$0000000D)
    __rt_entry_postli_1                      0x08000133   Thumb Code     0  __rtentry2.o(.ARM.Collect$$rtentry$$0000000C)
    __rt_exit                                0x0800013b   Thumb Code     0  rtexit.o(.ARM.Collect$$rtexit$$00000000)
    __rt_exit_ls                             0x0800013d   Thumb Code     0  rtexit2.o(.ARM.Collect$$rtexit$$00000003)
    __rt_exit_prels_1                        0x0800013d   Thumb Code     0  rtexit2.o(.ARM.Collect$$rtexit$$00000002)
    __rt_exit_exit                           0x08000141   Thumb Code     0  rtexit2.o(.ARM.Collect$$rtexit$$00000004)
    __aeabi_memcpy4                          0x08000149   Thumb Code    56  rt_memcpy.o(.emb_text)
    __aeabi_memcpy8                          0x08000149   Thumb Code     0  rt_memcpy.o(.emb_text)
    Reset_Handler                            0x08000181   Thumb Code     8  startup_stm32f072xb.o(.text)
    CEC_CAN_IRQHandler                       0x08000193   Thumb Code     0  startup_stm32f072xb.o(.text)
    DMA1_Channel2_3_IRQHandler               0x08000193   Thumb Code     0  startup_stm32f072xb.o(.text)
    DMA1_Channel4_5_6_7_IRQHandler           0x08000193   Thumb Code     0  startup_stm32f072xb.o(.text)
    EXTI2_3_IRQHandler                       0x08000193   Thumb Code     0  startup_stm32f072xb.o(.text)
    FLASH_IRQHandler                         0x08000193   Thumb Code     0  startup_stm32f072xb.o(.text)
    I2C1_IRQHandler                          0x08000193   Thumb Code     0  startup_stm32f072xb.o(.text)
    I2C2_IRQHandler                          0x08000193   Thumb Code     0  startup_stm32f072xb.o(.text)
    PVD_VDDIO2_IRQHandler                    0x08000193   Thumb Code     0  startup_stm32f072xb.o(.text)
    RCC_CRS_IRQHandler                       0x08000193   Thumb Code     0  startup_stm32f072xb.o(.text)
    RTC_IRQHandler                           0x08000193   Thumb Code     0  startup_stm32f072xb.o(.text)
    SPI1_IRQHandler                          0x08000193   Thumb Code     0  startup_stm32f072xb.o(.text)
    SPI2_IRQHandler                          0x08000193   Thumb Code     0  startup_stm32f072xb.o(.text)
    TIM16_IRQHandler                         0x08000193   Thumb Code     0  startup_stm32f072xb.o(.text)
    TIM17_IRQHandler                         0x08000193   Thumb Code     0  startup_stm32f072xb.o(.text)
    TIM1_BRK_UP_TRG_COM_IRQHandler           0x08000193   Thumb Code     0  startup_stm32f072xb.o(.text)
    TIM1_CC_IRQHandler                       0x08000193   Thumb Code     0  startup_stm32f072xb.o(.text)
    TIM3_IRQHandler                          0x08000193   Thumb Code     0  startup_stm32f072xb.o(.text)
    TSC_IRQHandler                           0x08000193   Thumb Code     0  startup_stm32f072xb.o(.text)
    USART1_IRQHandler                        0x08000193   Thumb Code     0  startup_stm32f072xb.o(.text)
    USART2_IRQHandler                        0x08000193   Thumb Code     0  startup_stm32f072xb.o(.text)
    USART3_4_IRQHandler                      0x08000193   Thumb Code     0  startup_stm32f072xb.o(.text)
    USB_IRQHandler                           0x08000193   Thumb Code     0  startup_stm32f072xb.o(.text)
    WWDG_IRQHandler                          0x08000193   Thumb Code     0  startup_stm32f072xb.o(.text)
    __user_initial_stackheap                 0x08000195   Thumb Code     0  startup_stm32f072xb.o(.text)
    __aeabi_uldivmod                         0x080001b9   Thumb Code   258  lludiv.o(.text)
    _ll_udiv                                 0x080001b9   Thumb Code     0  lludiv.o(.text)
    _memset_w                                0x080002bb   Thumb Code    26  rt_memclr.o(.text)
    _memset                                  0x080002d5   Thumb Code    30  rt_memclr.o(.text)
    __aeabi_memclr                           0x080002f3   Thumb Code     4  rt_memclr.o(.text)
    __rt_memclr                              0x080002f3   Thumb Code     0  rt_memclr.o(.text)
    __aeabi_memclr4                          0x080002f7   Thumb Code     0  rt_memclr.o(.text)
    __aeabi_memclr8                          0x080002f7   Thumb Code     0  rt_memclr.o(.text)
    __rt_memclr_w                            0x080002f7   Thumb Code     4  rt_memclr.o(.text)
    __aeabi_uidiv                            0x080002fb   Thumb Code     0  aeabi_sdiv.o(.text)
    __aeabi_uidivmod                         0x080002fb   Thumb Code    20  aeabi_sdiv.o(.text)
    __aeabi_idiv                             0x0800030f   Thumb Code     0  aeabi_sdiv.o(.text)
    __aeabi_idivmod                          0x0800030f   Thumb Code   326  aeabi_sdiv.o(.text)
    __use_two_region_memory                  0x08000455   Thumb Code     2  heapauxi.o(.text)
    __rt_heap_escrow$2region                 0x08000457   Thumb Code     2  heapauxi.o(.text)
    __rt_heap_expand$2region                 0x08000459   Thumb Code     2  heapauxi.o(.text)
    __aeabi_d2f                              0x0800045d   Thumb Code     0  d2f.o(.text)
    _d2f                                     0x0800045d   Thumb Code   120  d2f.o(.text)
    __aeabi_dadd                             0x080007d1   Thumb Code     0  daddsub.o(.text)
    _dadd                                    0x080007d1   Thumb Code    26  daddsub.o(.text)
    __aeabi_dsub                             0x080007eb   Thumb Code     0  daddsub.o(.text)
    _dsub                                    0x080007eb   Thumb Code    22  daddsub.o(.text)
    __aeabi_drsub                            0x08000801   Thumb Code     0  daddsub.o(.text)
    _drsb                                    0x08000801   Thumb Code    28  daddsub.o(.text)
    __aeabi_ddiv                             0x08000831   Thumb Code     0  ddiv.o(.text)
    _ddiv                                    0x08000831   Thumb Code  1072  ddiv.o(.text)
    _drdiv                                   0x08000c61   Thumb Code    20  ddiv.o(.text)
    __aeabi_d2iz                             0x08000c79   Thumb Code     0  dfixi.o(.text)
    _dfix                                    0x08000c79   Thumb Code    98  dfixi.o(.text)
    __aeabi_i2d_normalise                    0x08000ce5   Thumb Code    66  dflti.o(.text)
    __aeabi_i2d                              0x08000d27   Thumb Code    16  dflti.o(.text)
    _dflt                                    0x08000d27   Thumb Code     0  dflti.o(.text)
    __aeabi_ui2d                             0x08000d37   Thumb Code     6  dflti.o(.text)
    _dfltu                                   0x08000d37   Thumb Code     0  dflti.o(.text)
    __aeabi_dmul                             0x08000d3d   Thumb Code     0  dmul.o(.text)
    _dmul                                    0x08000d3d   Thumb Code   558  dmul.o(.text)
    __aeabi_f2d                              0x08000f85   Thumb Code     0  f2d.o(.text)
    _f2d                                     0x08000f85   Thumb Code    80  f2d.o(.text)
    __aeabi_f2iz                             0x08000fd9   Thumb Code     0  ffixi.o(.text)
    _ffix                                    0x08000fd9   Thumb Code    76  ffixi.o(.text)
    __aeabi_i2f_normalise                    0x08001025   Thumb Code    72  fflti.o(.text)
    __aeabi_i2f                              0x0800106d   Thumb Code    16  fflti.o(.text)
    _fflt                                    0x0800106d   Thumb Code     0  fflti.o(.text)
    __aeabi_ui2f                             0x0800107d   Thumb Code     6  fflti.o(.text)
    _ffltu                                   0x0800107d   Thumb Code     0  fflti.o(.text)
    __fpl_dcmp_InfNaN                        0x08001085   Thumb Code   140  dcmpin.o(.text)
    __fpl_fcmp_InfNaN                        0x08001115   Thumb Code    96  fcmpin.o(.text)
    __fpl_cmpreturn                          0x08001179   Thumb Code    46  cmpret.o(.text)
    __fpl_dcheck_NaN2                        0x080011a9   Thumb Code    14  dnan2.o(.text)
    __fpl_fcheck_NaN2                        0x080011bd   Thumb Code    10  fnan2.o(.text)
    __user_setup_stackheap                   0x080011cd   Thumb Code    62  sys_stackheap_outer.o(.text)
    exit                                     0x0800120b   Thumb Code    16  exit.o(.text)
    __fpl_return_NaN                         0x0800121b   Thumb Code    94  retnan.o(.text)
    __user_libspace                          0x08001279   Thumb Code     8  libspace.o(.text)
    __user_perproc_libspace                  0x08001279   Thumb Code     0  libspace.o(.text)
    __user_perthread_libspace                0x08001279   Thumb Code     0  libspace.o(.text)
    _sys_exit                                0x08001281   Thumb Code     8  sys_exit.o(.text)
    __I$use$semihosting                      0x0800128d   Thumb Code     0  use_no_semi.o(.text)
    __use_no_semihosting_swi                 0x0800128d   Thumb Code     2  use_no_semi.o(.text)
    __decompress                             0x0800128f   Thumb Code     0  __dczerorl2.o(.text)
    __decompress1                            0x0800128f   Thumb Code    86  __dczerorl2.o(.text)
    __semihosting_library_function           0x0800128f   Thumb Code     0  indicate_semi.o(.text)
    ADC1_COMP_IRQHandler                     0x080012e5   Thumb Code    10  stm32f0xx_it.o(i.ADC1_COMP_IRQHandler)
    DMA1_Channel1_IRQHandler                 0x08001415   Thumb Code    10  stm32f0xx_it.o(i.DMA1_Channel1_IRQHandler)
    EXTI0_1_IRQHandler                       0x08001471   Thumb Code    10  stm32f0xx_it.o(i.EXTI0_1_IRQHandler)
    EXTI4_15_IRQHandler                      0x0800147b   Thumb Code    80  stm32f0xx_it.o(i.EXTI4_15_IRQHandler)
    Error_Handler                            0x080014cb   Thumb Code     4  main.o(i.Error_Handler)
    HAL_ADCEx_Calibration_Start              0x080014cf   Thumb Code   184  stm32f0xx_hal_adc_ex.o(i.HAL_ADCEx_Calibration_Start)
    HAL_ADC_ConfigChannel                    0x08001589   Thumb Code   284  stm32f0xx_hal_adc.o(i.HAL_ADC_ConfigChannel)
    HAL_ADC_ConvCpltCallback                 0x080016b5   Thumb Code   380  sp100_adc_isr.o(i.HAL_ADC_ConvCpltCallback)
    HAL_ADC_ConvHalfCpltCallback             0x080018b5   Thumb Code     2  stm32f0xx_hal_adc.o(i.HAL_ADC_ConvHalfCpltCallback)
    HAL_ADC_ErrorCallback                    0x080018b7   Thumb Code     2  stm32f0xx_hal_adc.o(i.HAL_ADC_ErrorCallback)
    HAL_ADC_IRQHandler                       0x080018b9   Thumb Code   208  stm32f0xx_hal_adc.o(i.HAL_ADC_IRQHandler)
    HAL_ADC_Init                             0x08001989   Thumb Code   366  stm32f0xx_hal_adc.o(i.HAL_ADC_Init)
    HAL_ADC_LevelOutOfWindowCallback         0x08001b01   Thumb Code     2  stm32f0xx_hal_adc.o(i.HAL_ADC_LevelOutOfWindowCallback)
    HAL_ADC_MspInit                          0x08001b05   Thumb Code   166  stm32f0xx_hal_msp.o(i.HAL_ADC_MspInit)
    HAL_ADC_Start_DMA                        0x08001bc1   Thumb Code   144  stm32f0xx_hal_adc.o(i.HAL_ADC_Start_DMA)
    HAL_DACEx_DMAUnderrunCallbackCh2         0x08001c61   Thumb Code     2  stm32f0xx_hal_dac_ex.o(i.HAL_DACEx_DMAUnderrunCallbackCh2)
    HAL_DAC_ConfigChannel                    0x08001c65   Thumb Code    52  stm32f0xx_hal_dac_ex.o(i.HAL_DAC_ConfigChannel)
    HAL_DAC_DMAUnderrunCallbackCh1           0x08001c9d   Thumb Code     2  stm32f0xx_hal_dac.o(i.HAL_DAC_DMAUnderrunCallbackCh1)
    HAL_DAC_IRQHandler                       0x08001c9f   Thumb Code    98  stm32f0xx_hal_dac_ex.o(i.HAL_DAC_IRQHandler)
    HAL_DAC_Init                             0x08001d01   Thumb Code    42  stm32f0xx_hal_dac.o(i.HAL_DAC_Init)
    HAL_DAC_MspInit                          0x08001d2d   Thumb Code    94  stm32f0xx_hal_msp.o(i.HAL_DAC_MspInit)
    HAL_DAC_SetValue                         0x08001d95   Thumb Code    28  stm32f0xx_hal_dac.o(i.HAL_DAC_SetValue)
    HAL_DAC_Start                            0x08001db1   Thumb Code    84  stm32f0xx_hal_dac_ex.o(i.HAL_DAC_Start)
    HAL_DMA_IRQHandler                       0x08001e05   Thumb Code   156  stm32f0xx_hal_dma.o(i.HAL_DMA_IRQHandler)
    HAL_DMA_Init                             0x08001ea1   Thumb Code    78  stm32f0xx_hal_dma.o(i.HAL_DMA_Init)
    HAL_DMA_Start_IT                         0x08001ef5   Thumb Code   106  stm32f0xx_hal_dma.o(i.HAL_DMA_Start_IT)
    HAL_GPIO_EXTI_Callback                   0x08001f61   Thumb Code   396  sp100_ext_isr.o(i.HAL_GPIO_EXTI_Callback)
    HAL_GPIO_EXTI_IRQHandler                 0x08002101   Thumb Code    18  stm32f0xx_hal_gpio.o(i.HAL_GPIO_EXTI_IRQHandler)
    HAL_GPIO_Init                            0x08002119   Thumb Code   406  stm32f0xx_hal_gpio.o(i.HAL_GPIO_Init)
    HAL_GPIO_ReadPin                         0x080022cd   Thumb Code    10  stm32f0xx_hal_gpio.o(i.HAL_GPIO_ReadPin)
    HAL_GPIO_WritePin                        0x080022d7   Thumb Code    12  stm32f0xx_hal_gpio.o(i.HAL_GPIO_WritePin)
    HAL_GetTick                              0x080022e5   Thumb Code     6  stm32f0xx_hal.o(i.HAL_GetTick)
    HAL_I2CEx_ConfigAnalogFilter             0x080022f1   Thumb Code    74  stm32f0xx_hal_i2c_ex.o(i.HAL_I2CEx_ConfigAnalogFilter)
    HAL_I2CEx_ConfigDigitalFilter            0x0800233b   Thumb Code    72  stm32f0xx_hal_i2c_ex.o(i.HAL_I2CEx_ConfigDigitalFilter)
    HAL_I2C_Init                             0x08002385   Thumb Code   176  stm32f0xx_hal_i2c.o(i.HAL_I2C_Init)
    HAL_I2C_Master_Receive                   0x08002439   Thumb Code   262  stm32f0xx_hal_i2c.o(i.HAL_I2C_Master_Receive)
    HAL_I2C_Master_Transmit                  0x08002549   Thumb Code   262  stm32f0xx_hal_i2c.o(i.HAL_I2C_Master_Transmit)
    HAL_I2C_MspInit                          0x08002659   Thumb Code    90  stm32f0xx_hal_msp.o(i.HAL_I2C_MspInit)
    HAL_IncTick                              0x080026c1   Thumb Code    12  stm32f0xx_hal.o(i.HAL_IncTick)
    HAL_Init                                 0x080026d1   Thumb Code    26  stm32f0xx_hal.o(i.HAL_Init)
    HAL_InitTick                             0x080026f1   Thumb Code    58  stm32f0xx_hal.o(i.HAL_InitTick)
    HAL_MspInit                              0x08002735   Thumb Code    34  stm32f0xx_hal_msp.o(i.HAL_MspInit)
    HAL_NVIC_EnableIRQ                       0x0800275d   Thumb Code    18  stm32f0xx_hal_cortex.o(i.HAL_NVIC_EnableIRQ)
    HAL_NVIC_SetPriority                     0x08002775   Thumb Code     8  stm32f0xx_hal_cortex.o(i.HAL_NVIC_SetPriority)
    HAL_RCC_ClockConfig                      0x0800277d   Thumb Code   254  stm32f0xx_hal_rcc.o(i.HAL_RCC_ClockConfig)
    HAL_RCC_GetSysClockFreq                  0x08002891   Thumb Code   102  stm32f0xx_hal_rcc.o(i.HAL_RCC_GetSysClockFreq)
    HAL_RCC_OscConfig                        0x08002925   Thumb Code  1028  stm32f0xx_hal_rcc.o(i.HAL_RCC_OscConfig)
    HAL_SPI_Init                             0x08002d29   Thumb Code   238  stm32f0xx_hal_spi.o(i.HAL_SPI_Init)
    HAL_SPI_MspInit                          0x08002e19   Thumb Code    82  stm32f0xx_hal_msp.o(i.HAL_SPI_MspInit)
    HAL_SPI_TransmitReceive                  0x08002e79   Thumb Code   498  stm32f0xx_hal_spi.o(i.HAL_SPI_TransmitReceive)
    HAL_SYSTICK_Config                       0x0800306d   Thumb Code    38  stm32f0xx_hal_cortex.o(i.HAL_SYSTICK_Config)
    HAL_TIMEx_BreakCallback                  0x0800309d   Thumb Code     2  stm32f0xx_hal_tim_ex.o(i.HAL_TIMEx_BreakCallback)
    HAL_TIMEx_CommutCallback                 0x0800309f   Thumb Code     2  stm32f0xx_hal_tim_ex.o(i.HAL_TIMEx_CommutCallback)
    HAL_TIMEx_MasterConfigSynchronization    0x080030a1   Thumb Code    84  stm32f0xx_hal_tim_ex.o(i.HAL_TIMEx_MasterConfigSynchronization)
    HAL_TIM_Base_Init                        0x08003101   Thumb Code    72  stm32f0xx_hal_tim.o(i.HAL_TIM_Base_Init)
    HAL_TIM_Base_MspInit                     0x08003149   Thumb Code   224  stm32f0xx_hal_msp.o(i.HAL_TIM_Base_MspInit)
    HAL_TIM_Base_Start                       0x08003245   Thumb Code    66  stm32f0xx_hal_tim.o(i.HAL_TIM_Base_Start)
    HAL_TIM_Base_Start_IT                    0x08003295   Thumb Code    74  stm32f0xx_hal_tim.o(i.HAL_TIM_Base_Start_IT)
    HAL_TIM_Base_Stop_IT                     0x080032ed   Thumb Code    46  stm32f0xx_hal_tim.o(i.HAL_TIM_Base_Stop_IT)
    HAL_TIM_ConfigClockSource                0x08003321   Thumb Code   220  stm32f0xx_hal_tim.o(i.HAL_TIM_ConfigClockSource)
    HAL_TIM_IC_CaptureCallback               0x080033fd   Thumb Code     2  stm32f0xx_hal_tim.o(i.HAL_TIM_IC_CaptureCallback)
    HAL_TIM_IRQHandler                       0x080033ff   Thumb Code   354  stm32f0xx_hal_tim.o(i.HAL_TIM_IRQHandler)
    HAL_TIM_MspPostInit                      0x08003561   Thumb Code    66  stm32f0xx_hal_msp.o(i.HAL_TIM_MspPostInit)
    HAL_TIM_OC_DelayElapsedCallback          0x080035b1   Thumb Code     2  stm32f0xx_hal_tim.o(i.HAL_TIM_OC_DelayElapsedCallback)
    HAL_TIM_PWM_ConfigChannel                0x080035b3   Thumb Code   208  stm32f0xx_hal_tim.o(i.HAL_TIM_PWM_ConfigChannel)
    HAL_TIM_PWM_Init                         0x08003683   Thumb Code    72  stm32f0xx_hal_tim.o(i.HAL_TIM_PWM_Init)
    HAL_TIM_PWM_MspInit                      0x080036cb   Thumb Code     2  stm32f0xx_hal_tim.o(i.HAL_TIM_PWM_MspInit)
    HAL_TIM_PWM_PulseFinishedCallback        0x080036cd   Thumb Code     2  stm32f0xx_hal_tim.o(i.HAL_TIM_PWM_PulseFinishedCallback)
    HAL_TIM_PWM_Start                        0x080036d1   Thumb Code   154  stm32f0xx_hal_tim.o(i.HAL_TIM_PWM_Start)
    HAL_TIM_PeriodElapsedCallback            0x08003781   Thumb Code     2  stm32f0xx_hal_tim.o(i.HAL_TIM_PeriodElapsedCallback)
    HAL_TIM_TriggerCallback                  0x08003783   Thumb Code     2  stm32f0xx_hal_tim.o(i.HAL_TIM_TriggerCallback)
    HardFault_Handler                        0x08003785   Thumb Code     2  stm32f0xx_it.o(i.HardFault_Handler)
    NMI_Handler                              0x08003ec5   Thumb Code     2  stm32f0xx_it.o(i.NMI_Handler)
    PendSV_Handler                           0x08003ec7   Thumb Code     2  stm32f0xx_it.o(i.PendSV_Handler)
    SP100_ADC_Init                           0x08003ec9   Thumb Code    26  sp100_adc_isr.o(i.SP100_ADC_Init)
    SP100_Airmix_Auto_Calculate              0x08003ef1   Thumb Code   196  sp100_atc_ccu.o(i.SP100_Airmix_Auto_Calculate)
    SP100_Airmix_FWD                         0x08003fc1   Thumb Code    36  sp100_airmix.o(i.SP100_Airmix_FWD)
    SP100_Airmix_Handler                     0x08003fe5   Thumb Code   292  sp100_airmix.o(i.SP100_Airmix_Handler)
    SP100_Airmix_RVS                         0x08004159   Thumb Code    36  sp100_airmix.o(i.SP100_Airmix_RVS)
    SP100_Airmix_STP                         0x0800417d   Thumb Code    30  sp100_airmix.o(i.SP100_Airmix_STP)
    SP100_Airmix_int2state                   0x0800419b   Thumb Code   164  sp100_airmix.o(i.SP100_Airmix_int2state)
    SP100_Blower_Down                        0x08004241   Thumb Code    40  sp100_blower.o(i.SP100_Blower_Down)
    SP100_Blower_Get_State_Num               0x08004271   Thumb Code    62  sp100_blower.o(i.SP100_Blower_Get_State_Num)
    SP100_Blower_Handler                     0x080042b1   Thumb Code    92  sp100_blower.o(i.SP100_Blower_Handler)
    SP100_Blower_Init                        0x0800431d   Thumb Code    30  sp100_blower.o(i.SP100_Blower_Init)
    SP100_Blower_OFF                         0x08004345   Thumb Code    48  sp100_blower.o(i.SP100_Blower_OFF)
    SP100_Blower_State_Down                  0x08004381   Thumb Code    56  sp100_blower.o(i.SP100_Blower_State_Down)
    SP100_Blower_State_Up                    0x080043bd   Thumb Code    56  sp100_blower.o(i.SP100_Blower_State_Up)
    SP100_Blower_Up                          0x080043f9   Thumb Code    40  sp100_blower.o(i.SP100_Blower_Up)
    SP100_CCU_Auto_Calculations              0x08004429   Thumb Code   768  sp100_atc_ccu.o(i.SP100_CCU_Auto_Calculations)
    SP100_CCU_Infinite_Loop                  0x080047b9   Thumb Code   374  sp100_atc_ccu.o(i.SP100_CCU_Infinite_Loop)
    SP100_CCU_Init                           0x0800495d   Thumb Code    24  sp100_atc_ccu.o(i.SP100_CCU_Init)
    SP100_CCU_Preliminary                    0x08004975   Thumb Code   474  sp100_atc_ccu.o(i.SP100_CCU_Preliminary)
    SP100_CCU_State_Updater                  0x08004bb9   Thumb Code    20  sp100_atc_ccu.o(i.SP100_CCU_State_Updater)
    SP100_CCU_Switch_Handler                 0x08004bd5   Thumb Code   822  sp100_atc_ccu.o(i.SP100_CCU_Switch_Handler)
    SP100_Compressor_OFF                     0x08004f55   Thumb Code    20  sp100_intake.o(i.SP100_Compressor_OFF)
    SP100_Compressor_ON                      0x08004f69   Thumb Code    42  sp100_intake.o(i.SP100_Compressor_ON)
    SP100_Delay                              0x08004f9d   Thumb Code    12  sp100_atc_ccu.o(i.SP100_Delay)
    SP100_Intake_Fresh                       0x08004fa9   Thumb Code    32  sp100_intake.o(i.SP100_Intake_Fresh)
    SP100_Intake_Handler                     0x08004fc9   Thumb Code    40  sp100_intake.o(i.SP100_Intake_Handler)
    SP100_Intake_Recycle                     0x08004ff5   Thumb Code    32  sp100_intake.o(i.SP100_Intake_Recycle)
    SP100_LCD_AC_Handler                     0x08005015   Thumb Code    54  sp100_lcd.o(i.SP100_LCD_AC_Handler)
    SP100_LCD_ALL_SEG                        0x08005051   Thumb Code    78  sp100_lcd.o(i.SP100_LCD_ALL_SEG)
    SP100_LCD_Auto_Handler                   0x080050a9   Thumb Code    38  sp100_lcd.o(i.SP100_LCD_Auto_Handler)
    SP100_LCD_Backlight                      0x080050dd   Thumb Code     8  sp100_lcd.o(i.SP100_LCD_Backlight)
    SP100_LCD_Blower_Handler                 0x080050e9   Thumb Code  1036  sp100_lcd.o(i.SP100_LCD_Blower_Handler)
    SP100_LCD_Command                        0x080054f5   Thumb Code    24  sp100_lcd.o(i.SP100_LCD_Command)
    SP100_LCD_Init                           0x08005511   Thumb Code    60  sp100_lcd.o(i.SP100_LCD_Init)
    SP100_LCD_Mode_Handler                   0x08005555   Thumb Code   144  sp100_lcd.o(i.SP100_LCD_Mode_Handler)
    SP100_LCD_OFF_State                      0x080055e9   Thumb Code   426  sp100_lcd.o(i.SP100_LCD_OFF_State)
    SP100_LCD_Print_Out_Temp                 0x080057a9   Thumb Code   304  sp100_lcd.o(i.SP100_LCD_Print_Out_Temp)
    SP100_LCD_Print_Temp                     0x08005919   Thumb Code   478  sp100_lcd.o(i.SP100_LCD_Print_Temp)
    SP100_LCD_R_DEF_Handler                  0x08005b55   Thumb Code    54  sp100_lcd.o(i.SP100_LCD_R_DEF_Handler)
    SP100_LCD_SEG_OFF                        0x08005b91   Thumb Code    40  sp100_lcd.o(i.SP100_LCD_SEG_OFF)
    SP100_LCD_SEG_ON                         0x08005bbd   Thumb Code    38  sp100_lcd.o(i.SP100_LCD_SEG_ON)
    SP100_LCD_SEG_Read                       0x08005be9   Thumb Code    42  sp100_lcd.o(i.SP100_LCD_SEG_Read)
    SP100_LCD_SetPoint_High                  0x08005c19   Thumb Code   186  sp100_lcd.o(i.SP100_LCD_SetPoint_High)
    SP100_LCD_SetPoint_Low                   0x08005cd9   Thumb Code   186  sp100_lcd.o(i.SP100_LCD_SetPoint_Low)
    SP100_LCD_Show_Out_Temp                  0x08005d99   Thumb Code    52  sp100_lcd.o(i.SP100_LCD_Show_Out_Temp)
    SP100_LCD_Show_Set_Point                 0x08005dd5   Thumb Code    48  sp100_lcd.o(i.SP100_LCD_Show_Set_Point)
    SP100_LCD_Update                         0x08005e11   Thumb Code   128  sp100_lcd.o(i.SP100_LCD_Update)
    SP100_Mode_FWD                           0x08005eb1   Thumb Code    66  sp100_mode.o(i.SP100_Mode_FWD)
    SP100_Mode_Handler                       0x08005efd   Thumb Code    96  sp100_mode.o(i.SP100_Mode_Handler)
    SP100_Mode_RVS                           0x08005f89   Thumb Code    66  sp100_mode.o(i.SP100_Mode_RVS)
    SP100_Mode_STP                           0x08005fd5   Thumb Code    54  sp100_mode.o(i.SP100_Mode_STP)
    SP100_R_DEF_OFF                          0x08006011   Thumb Code    20  sp100_intake.o(i.SP100_R_DEF_OFF)
    SP100_R_DEF_ON                           0x08006025   Thumb Code    20  sp100_intake.o(i.SP100_R_DEF_ON)
    SP100_TLE_Ctrl_Register_Read             0x08006039   Thumb Code    84  sp100_tle94108es.o(i.SP100_TLE_Ctrl_Register_Read)
    SP100_TLE_Ctrl_Register_Write            0x08006095   Thumb Code    84  sp100_tle94108es.o(i.SP100_TLE_Ctrl_Register_Write)
    SP100_TLE_Init                           0x080060ed   Thumb Code    28  sp100_tle94108es.o(i.SP100_TLE_Init)
    SVC_Handler                              0x080062ed   Thumb Code     2  stm32f0xx_it.o(i.SVC_Handler)
    SysTick_Handler                          0x080062ef   Thumb Code     8  stm32f0xx_it.o(i.SysTick_Handler)
    SystemClock_Config                       0x080062f7   Thumb Code    86  main.o(i.SystemClock_Config)
    SystemInit                               0x0800634d   Thumb Code     2  system_stm32f0xx.o(i.SystemInit)
    TIM14_IRQHandler                         0x08006351   Thumb Code    10  stm32f0xx_it.o(i.TIM14_IRQHandler)
    TIM15_IRQHandler                         0x08006361   Thumb Code    10  stm32f0xx_it.o(i.TIM15_IRQHandler)
    TIM2_IRQHandler                          0x08006371   Thumb Code    10  stm32f0xx_it.o(i.TIM2_IRQHandler)
    TIM6_DAC_IRQHandler                      0x08006381   Thumb Code    16  stm32f0xx_it.o(i.TIM6_DAC_IRQHandler)
    TIM7_IRQHandler                          0x08006399   Thumb Code    10  stm32f0xx_it.o(i.TIM7_IRQHandler)
    TIM_Base_SetConfig                       0x080063a9   Thumb Code   124  stm32f0xx_hal_tim.o(i.TIM_Base_SetConfig)
    TIM_CCxChannelCmd                        0x0800643d   Thumb Code    26  stm32f0xx_hal_tim.o(i.TIM_CCxChannelCmd)
    TIM_ETR_SetConfig                        0x08006457   Thumb Code    22  stm32f0xx_hal_tim.o(i.TIM_ETR_SetConfig)
    TIM_OC2_SetConfig                        0x08006505   Thumb Code   110  stm32f0xx_hal_tim.o(i.TIM_OC2_SetConfig)
    __ARM_common_ll_muluu                    0x080066bd   Thumb Code    48  stm32f0xx_hal_rcc.o(i.__ARM_common_ll_muluu)
    __ARM_common_switch8                     0x080066ed   Thumb Code    26  sp100_mode.o(i.__ARM_common_switch8)
    ceil                                     0x0800674d   Thumb Code   180  ceil.o(i.ceil)
    floor                                    0x08006815   Thumb Code   180  floor.o(i.floor)
    main                                     0x080068dd   Thumb Code   248  main.o(i.main)
    __aeabi_cdrcmple                         0x080069f9   Thumb Code     0  drlef.o(x$fpl$drleqf)
    _drcmple                                 0x080069f9   Thumb Code   100  drlef.o(x$fpl$drleqf)
    __aeabi_fadd                             0x08006a61   Thumb Code     0  faddsub.o(x$fpl$fadd)
    _fadd                                    0x08006a61   Thumb Code   134  faddsub.o(x$fpl$fadd)
    __aeabi_cfcmple                          0x08006aed   Thumb Code     0  flef.o(x$fpl$fleqf)
    _fcmple                                  0x08006aed   Thumb Code    78  flef.o(x$fpl$fleqf)
    __aeabi_fmul                             0x08006b41   Thumb Code     0  fmul.o(x$fpl$fmul)
    _fmul                                    0x08006b41   Thumb Code   172  fmul.o(x$fpl$fmul)
    __aeabi_cfrcmple                         0x08006bf1   Thumb Code     0  frlef.o(x$fpl$frleqf)
    _frcmple                                 0x08006bf1   Thumb Code    84  frlef.o(x$fpl$frleqf)
    __aeabi_fsub                             0x08006c49   Thumb Code     0  faddsub.o(x$fpl$fsub)
    _fsub                                    0x08006c49   Thumb Code   204  faddsub.o(x$fpl$fsub)
    __I$use$fp                               0x08006d18   Number         0  usenofp.o(x$fpl$usenofp)
    AUTO                                     0x08006dc0   Data           2  sp100_lcd.o(.constdata)
    DEF                                      0x08006dc2   Data           2  sp100_lcd.o(.constdata)
    R_DEF                                    0x08006dc4   Data           2  sp100_lcd.o(.constdata)
    AC                                       0x08006dc6   Data           2  sp100_lcd.o(.constdata)
    PAX                                      0x08006dc8   Data           2  sp100_lcd.o(.constdata)
    Face                                     0x08006dca   Data           2  sp100_lcd.o(.constdata)
    Foot                                     0x08006dcc   Data           2  sp100_lcd.o(.constdata)
    Def                                      0x08006dce   Data           2  sp100_lcd.o(.constdata)
    Fan                                      0x08006dd0   Data           2  sp100_lcd.o(.constdata)
    Fan_BLI1                                 0x08006dd2   Data           2  sp100_lcd.o(.constdata)
    Fan_BLI2                                 0x08006dd4   Data           2  sp100_lcd.o(.constdata)
    Fan_BLI3                                 0x08006dd6   Data           2  sp100_lcd.o(.constdata)
    Fan_BLI4                                 0x08006dd8   Data           2  sp100_lcd.o(.constdata)
    Fan_BLI5                                 0x08006dda   Data           2  sp100_lcd.o(.constdata)
    Fan_BLI6                                 0x08006ddc   Data           2  sp100_lcd.o(.constdata)
    Fan_BLI7                                 0x08006dde   Data           2  sp100_lcd.o(.constdata)
    Fan_BLI8                                 0x08006de0   Data           2  sp100_lcd.o(.constdata)
    Fan_BLO1                                 0x08006de2   Data           2  sp100_lcd.o(.constdata)
    Fan_BLO2                                 0x08006de4   Data           2  sp100_lcd.o(.constdata)
    Fan_BLO3                                 0x08006de6   Data           2  sp100_lcd.o(.constdata)
    Fan_BLO4                                 0x08006de8   Data           2  sp100_lcd.o(.constdata)
    Fan_BLO5                                 0x08006dea   Data           2  sp100_lcd.o(.constdata)
    Fan_BLO6                                 0x08006dec   Data           2  sp100_lcd.o(.constdata)
    Fan_BLO7                                 0x08006dee   Data           2  sp100_lcd.o(.constdata)
    Fan_BLO8                                 0x08006df0   Data           2  sp100_lcd.o(.constdata)
    SP_Degree                                0x08006df2   Data           2  sp100_lcd.o(.constdata)
    SP_Point                                 0x08006df4   Data           2  sp100_lcd.o(.constdata)
    SP_Frst_Seg_A                            0x08006df6   Data           2  sp100_lcd.o(.constdata)
    SP_Frst_Seg_B                            0x08006df8   Data           2  sp100_lcd.o(.constdata)
    SP_Frst_Seg_C                            0x08006dfa   Data           2  sp100_lcd.o(.constdata)
    SP_Frst_Seg_D                            0x08006dfc   Data           2  sp100_lcd.o(.constdata)
    SP_Frst_Seg_E                            0x08006dfe   Data           2  sp100_lcd.o(.constdata)
    SP_Frst_Seg_F                            0x08006e00   Data           2  sp100_lcd.o(.constdata)
    SP_Frst_Seg_G                            0x08006e02   Data           2  sp100_lcd.o(.constdata)
    SP_Scnd_Seg_A                            0x08006e04   Data           2  sp100_lcd.o(.constdata)
    SP_Scnd_Seg_B                            0x08006e06   Data           2  sp100_lcd.o(.constdata)
    SP_Scnd_Seg_C                            0x08006e08   Data           2  sp100_lcd.o(.constdata)
    SP_Scnd_Seg_D                            0x08006e0a   Data           2  sp100_lcd.o(.constdata)
    SP_Scnd_Seg_E                            0x08006e0c   Data           2  sp100_lcd.o(.constdata)
    SP_Scnd_Seg_F                            0x08006e0e   Data           2  sp100_lcd.o(.constdata)
    SP_Scnd_Seg_G                            0x08006e10   Data           2  sp100_lcd.o(.constdata)
    SP_Thrd_Seg_A                            0x08006e12   Data           2  sp100_lcd.o(.constdata)
    SP_Thrd_Seg_B                            0x08006e14   Data           2  sp100_lcd.o(.constdata)
    SP_Thrd_Seg_C                            0x08006e16   Data           2  sp100_lcd.o(.constdata)
    SP_Thrd_Seg_D                            0x08006e18   Data           2  sp100_lcd.o(.constdata)
    SP_Thrd_Seg_E                            0x08006e1a   Data           2  sp100_lcd.o(.constdata)
    SP_Thrd_Seg_F                            0x08006e1c   Data           2  sp100_lcd.o(.constdata)
    SP_Thrd_Seg_G                            0x08006e1e   Data           2  sp100_lcd.o(.constdata)
    Out_Temp                                 0x08006e20   Data           2  sp100_lcd.o(.constdata)
    OT_Degree                                0x08006e22   Data           2  sp100_lcd.o(.constdata)
    OT_Minus                                 0x08006e24   Data           2  sp100_lcd.o(.constdata)
    OT_Frst_Seg_A                            0x08006e26   Data           2  sp100_lcd.o(.constdata)
    OT_Frst_Seg_B                            0x08006e28   Data           2  sp100_lcd.o(.constdata)
    OT_Frst_Seg_C                            0x08006e2a   Data           2  sp100_lcd.o(.constdata)
    OT_Frst_Seg_D                            0x08006e2c   Data           2  sp100_lcd.o(.constdata)
    OT_Frst_Seg_E                            0x08006e2e   Data           2  sp100_lcd.o(.constdata)
    OT_Frst_Seg_F                            0x08006e30   Data           2  sp100_lcd.o(.constdata)
    OT_Frst_Seg_G                            0x08006e32   Data           2  sp100_lcd.o(.constdata)
    OT_Scnd_Seg_A                            0x08006e34   Data           2  sp100_lcd.o(.constdata)
    OT_Scnd_Seg_B                            0x08006e36   Data           2  sp100_lcd.o(.constdata)
    OT_Scnd_Seg_C                            0x08006e38   Data           2  sp100_lcd.o(.constdata)
    OT_Scnd_Seg_D                            0x08006e3a   Data           2  sp100_lcd.o(.constdata)
    OT_Scnd_Seg_E                            0x08006e3c   Data           2  sp100_lcd.o(.constdata)
    OT_Scnd_Seg_F                            0x08006e3e   Data           2  sp100_lcd.o(.constdata)
    OT_Scnd_Seg_G                            0x08006e40   Data           2  sp100_lcd.o(.constdata)
    AHBPrescTable                            0x08006e42   Data          16  system_stm32f0xx.o(.constdata)
    Region$$Table$$Base                      0x08006ed4   Number         0  anon$$obj.o(Region$$Table)
    Region$$Table$$Limit                     0x08006ef4   Number         0  anon$$obj.o(Region$$Table)
    dacVal                                   0x20000000   Data           4  sp100_blower.o(.data)
    off_counter                              0x20000004   Data           4  sp100_adc_isr.o(.data)
    cooling_state                            0x20000008   Data           1  sp100_atc_ccu.o(.data)
    auto_cnt                                 0x2000000c   Data           4  sp100_atc_ccu.o(.data)
    SP100_CCU_preState                       0x20000010   Data           1  sp100_global_variables.o(.data)
    SP100_CCU_State                          0x20000011   Data           1  sp100_global_variables.o(.data)
    SP100_Intake_State                       0x20000012   Data           1  sp100_global_variables.o(.data)
    SP100_Mode_State                         0x20000013   Data           1  sp100_global_variables.o(.data)
    SP100_Airmix_State                       0x20000014   Data           1  sp100_global_variables.o(.data)
    SP100_Blower_State                       0x20000015   Data           1  sp100_global_variables.o(.data)
    SP100_AC_State                           0x20000016   Data           1  sp100_global_variables.o(.data)
    SP100_AC_Temp_State                      0x20000017   Data           1  sp100_global_variables.o(.data)
    SP100_R_DEF_State                        0x20000018   Data           1  sp100_global_variables.o(.data)
    Intake_Auto_Ctrl_State                   0x20000019   Data           1  sp100_global_variables.o(.data)
    Mode_Auto_Ctrl_State                     0x2000001a   Data           1  sp100_global_variables.o(.data)
    Blower_Auto_Ctrl_State                   0x2000001b   Data           1  sp100_global_variables.o(.data)
    AC_Auto_Ctrl_State                       0x2000001c   Data           1  sp100_global_variables.o(.data)
    Mode_MA_Lock_State                       0x2000001d   Data           1  sp100_global_variables.o(.data)
    Airmix_MA_Pot_State                      0x2000001e   Data           1  sp100_global_variables.o(.data)
    Mode_MA_Pot_State                        0x2000001f   Data           1  sp100_global_variables.o(.data)
    SP100_AUTO_Blink_State                   0x20000020   Data           1  sp100_global_variables.o(.data)
    SP100_Mode_SEG_State                     0x20000021   Data           1  sp100_global_variables.o(.data)
    SP100_R_DEF_SEG_State                    0x20000022   Data           1  sp100_global_variables.o(.data)
    SP100_Set_Point                          0x20000024   Data           4  sp100_global_variables.o(.data)
    secCounter                               0x20000028   Data           4  sp100_global_variables.o(.data)
    SP100_Evap_Sensor                        0x2000002c   Data           4  sp100_global_variables.o(.data)
    SP100_Cabin_Sensor                       0x20000030   Data           4  sp100_global_variables.o(.data)
    SP100_Water_Sensor                       0x20000034   Data           4  sp100_global_variables.o(.data)
    SP100_Ambient_Sensor                     0x20000038   Data           4  sp100_global_variables.o(.data)
    SP100_IGN_Volt                           0x2000003c   Data           4  sp100_global_variables.o(.data)
    SP100_Airmix_FB                          0x20000040   Data           4  sp100_global_variables.o(.data)
    SP100_Mode_FB                            0x20000044   Data           4  sp100_global_variables.o(.data)
    SP100_Blower_VOLT                        0x20000048   Data           4  sp100_global_variables.o(.data)
    seg_cnt                                  0x2000004c   Data           4  sp100_lcd.o(.data)
    All_Segments                             0x20000050   Data         200  sp100_lcd.o(.data)
    Number_Segment                           0x20000118   Data          70  sp100_lcd.o(.data)
    uwTickFreq                               0x20000160   Data           1  stm32f0xx_hal.o(.data)
    uwTickPrio                               0x20000164   Data           4  stm32f0xx_hal.o(.data)
    uwTick                                   0x20000168   Data           4  stm32f0xx_hal.o(.data)
    SystemCoreClock                          0x2000016c   Data           4  system_stm32f0xx.o(.data)
    adcVal                                   0x20000170   Data          32  sp100_adc_isr.o(.bss)
    hadc                                     0x20000190   Data          64  main.o(.bss)
    hdac                                     0x200001d0   Data          20  main.o(.bss)
    hi2c2                                    0x200001e4   Data          76  main.o(.bss)
    hspi1                                    0x20000230   Data         100  main.o(.bss)
    htim1                                    0x20000294   Data          72  main.o(.bss)
    htim2                                    0x200002dc   Data          72  main.o(.bss)
    htim3                                    0x20000324   Data          72  main.o(.bss)
    htim6                                    0x2000036c   Data          72  main.o(.bss)
    htim7                                    0x200003b4   Data          72  main.o(.bss)
    htim14                                   0x200003fc   Data          72  main.o(.bss)
    htim15                                   0x20000444   Data          72  main.o(.bss)
    hdma_adc                                 0x2000048c   Data          68  main.o(.bss)
    __libspace_start                         0x200004d0   Data          96  libspace.o(.bss)
    __temporary_stack_top$libspace           0x20000530   Data           0  libspace.o(.bss)



==============================================================================

Memory Map of the image

  Image Entry point : 0x080000c1

  Load Region LR_IROM1 (Base: 0x08000000, Size: 0x00007064, Max: 0x00020000, ABSOLUTE, COMPRESSED[0x00006fac])

    Execution Region ER_IROM1 (Exec base: 0x08000000, Load base: 0x08000000, Size: 0x00006ef4, Max: 0x00020000, ABSOLUTE)

    Exec Addr    Load Addr    Size         Type   Attr      Idx    E Section Name        Object

    0x08000000   0x08000000   0x000000c0   Data   RO            3    RESET               startup_stm32f072xb.o
    0x080000c0   0x080000c0   0x00000008   Code   RO         4410  * !!!main             c_p.l(__main.o)
    0x080000c8   0x080000c8   0x0000003c   Code   RO         4643    !!!scatter          c_p.l(__scatter.o)
    0x08000104   0x08000104   0x0000001c   Code   RO         4645    !!handler_zi        c_p.l(__scatter_zi.o)
    0x08000120   0x08000120   0x00000002   Code   RO         4506    .ARM.Collect$$libinit$$00000000  c_p.l(libinit.o)
    0x08000122   0x08000122   0x00000000   Code   RO         4522    .ARM.Collect$$libinit$$00000002  c_p.l(libinit2.o)
    0x08000122   0x08000122   0x00000000   Code   RO         4524    .ARM.Collect$$libinit$$00000004  c_p.l(libinit2.o)
    0x08000122   0x08000122   0x00000000   Code   RO         4527    .ARM.Collect$$libinit$$0000000A  c_p.l(libinit2.o)
    0x08000122   0x08000122   0x00000000   Code   RO         4529    .ARM.Collect$$libinit$$0000000C  c_p.l(libinit2.o)
    0x08000122   0x08000122   0x00000000   Code   RO         4531    .ARM.Collect$$libinit$$0000000E  c_p.l(libinit2.o)
    0x08000122   0x08000122   0x00000000   Code   RO         4534    .ARM.Collect$$libinit$$00000011  c_p.l(libinit2.o)
    0x08000122   0x08000122   0x00000000   Code   RO         4536    .ARM.Collect$$libinit$$00000013  c_p.l(libinit2.o)
    0x08000122   0x08000122   0x00000000   Code   RO         4538    .ARM.Collect$$libinit$$00000015  c_p.l(libinit2.o)
    0x08000122   0x08000122   0x00000000   Code   RO         4540    .ARM.Collect$$libinit$$00000017  c_p.l(libinit2.o)
    0x08000122   0x08000122   0x00000000   Code   RO         4542    .ARM.Collect$$libinit$$00000019  c_p.l(libinit2.o)
    0x08000122   0x08000122   0x00000000   Code   RO         4544    .ARM.Collect$$libinit$$0000001B  c_p.l(libinit2.o)
    0x08000122   0x08000122   0x00000000   Code   RO         4546    .ARM.Collect$$libinit$$0000001D  c_p.l(libinit2.o)
    0x08000122   0x08000122   0x00000000   Code   RO         4548    .ARM.Collect$$libinit$$0000001F  c_p.l(libinit2.o)
    0x08000122   0x08000122   0x00000000   Code   RO         4550    .ARM.Collect$$libinit$$00000021  c_p.l(libinit2.o)
    0x08000122   0x08000122   0x00000000   Code   RO         4552    .ARM.Collect$$libinit$$00000023  c_p.l(libinit2.o)
    0x08000122   0x08000122   0x00000000   Code   RO         4554    .ARM.Collect$$libinit$$00000025  c_p.l(libinit2.o)
    0x08000122   0x08000122   0x00000000   Code   RO         4558    .ARM.Collect$$libinit$$0000002C  c_p.l(libinit2.o)
    0x08000122   0x08000122   0x00000000   Code   RO         4560    .ARM.Collect$$libinit$$0000002E  c_p.l(libinit2.o)
    0x08000122   0x08000122   0x00000000   Code   RO         4562    .ARM.Collect$$libinit$$00000030  c_p.l(libinit2.o)
    0x08000122   0x08000122   0x00000000   Code   RO         4564    .ARM.Collect$$libinit$$00000032  c_p.l(libinit2.o)
    0x08000122   0x08000122   0x00000002   Code   RO         4565    .ARM.Collect$$libinit$$00000033  c_p.l(libinit2.o)
    0x08000124   0x08000124   0x00000002   Code   RO         4596    .ARM.Collect$$libshutdown$$00000000  c_p.l(libshutdown.o)
    0x08000126   0x08000126   0x00000000   Code   RO         4622    .ARM.Collect$$libshutdown$$00000002  c_p.l(libshutdown2.o)
    0x08000126   0x08000126   0x00000000   Code   RO         4624    .ARM.Collect$$libshutdown$$00000004  c_p.l(libshutdown2.o)
    0x08000126   0x08000126   0x00000000   Code   RO         4626    .ARM.Collect$$libshutdown$$00000006  c_p.l(libshutdown2.o)
    0x08000126   0x08000126   0x00000000   Code   RO         4629    .ARM.Collect$$libshutdown$$00000009  c_p.l(libshutdown2.o)
    0x08000126   0x08000126   0x00000000   Code   RO         4632    .ARM.Collect$$libshutdown$$0000000C  c_p.l(libshutdown2.o)
    0x08000126   0x08000126   0x00000000   Code   RO         4634    .ARM.Collect$$libshutdown$$0000000E  c_p.l(libshutdown2.o)
    0x08000126   0x08000126   0x00000000   Code   RO         4637    .ARM.Collect$$libshutdown$$00000011  c_p.l(libshutdown2.o)
    0x08000126   0x08000126   0x00000002   Code   RO         4638    .ARM.Collect$$libshutdown$$00000012  c_p.l(libshutdown2.o)
    0x08000128   0x08000128   0x00000000   Code   RO         4453    .ARM.Collect$$rtentry$$00000000  c_p.l(__rtentry.o)
    0x08000128   0x08000128   0x00000000   Code   RO         4470    .ARM.Collect$$rtentry$$00000002  c_p.l(__rtentry2.o)
    0x08000128   0x08000128   0x00000006   Code   RO         4482    .ARM.Collect$$rtentry$$00000004  c_p.l(__rtentry4.o)
    0x0800012e   0x0800012e   0x00000000   Code   RO         4472    .ARM.Collect$$rtentry$$00000009  c_p.l(__rtentry2.o)
    0x0800012e   0x0800012e   0x00000004   Code   RO         4473    .ARM.Collect$$rtentry$$0000000A  c_p.l(__rtentry2.o)
    0x08000132   0x08000132   0x00000000   Code   RO         4475    .ARM.Collect$$rtentry$$0000000C  c_p.l(__rtentry2.o)
    0x08000132   0x08000132   0x00000008   Code   RO         4476    .ARM.Collect$$rtentry$$0000000D  c_p.l(__rtentry2.o)
    0x0800013a   0x0800013a   0x00000002   Code   RO         4513    .ARM.Collect$$rtexit$$00000000  c_p.l(rtexit.o)
    0x0800013c   0x0800013c   0x00000000   Code   RO         4569    .ARM.Collect$$rtexit$$00000002  c_p.l(rtexit2.o)
    0x0800013c   0x0800013c   0x00000004   Code   RO         4570    .ARM.Collect$$rtexit$$00000003  c_p.l(rtexit2.o)
    0x08000140   0x08000140   0x00000006   Code   RO         4571    .ARM.Collect$$rtexit$$00000004  c_p.l(rtexit2.o)
    0x08000146   0x08000146   0x00000002   PAD
    0x08000148   0x08000148   0x00000038   Code   RO         4398    .emb_text           c_p.l(rt_memcpy.o)
    0x08000180   0x08000180   0x00000038   Code   RO            4    .text               startup_stm32f072xb.o
    0x080001b8   0x080001b8   0x00000102   Code   RO         4396    .text               c_p.l(lludiv.o)
    0x080002ba   0x080002ba   0x00000040   Code   RO         4402    .text               c_p.l(rt_memclr.o)
    0x080002fa   0x080002fa   0x0000015a   Code   RO         4404    .text               c_p.l(aeabi_sdiv.o)
    0x08000454   0x08000454   0x00000006   Code   RO         4408    .text               c_p.l(heapauxi.o)
    0x0800045a   0x0800045a   0x00000002   PAD
    0x0800045c   0x0800045c   0x0000007c   Code   RO         4412    .text               fz_ps.l(d2f.o)
    0x080004d8   0x080004d8   0x00000358   Code   RO         4414    .text               fz_ps.l(daddsub.o)
    0x08000830   0x08000830   0x00000448   Code   RO         4416    .text               fz_ps.l(ddiv.o)
    0x08000c78   0x08000c78   0x0000006c   Code   RO         4419    .text               fz_ps.l(dfixi.o)
    0x08000ce4   0x08000ce4   0x00000058   Code   RO         4421    .text               fz_ps.l(dflti.o)
    0x08000d3c   0x08000d3c   0x00000248   Code   RO         4425    .text               fz_ps.l(dmul.o)
    0x08000f84   0x08000f84   0x00000054   Code   RO         4427    .text               fz_ps.l(f2d.o)
    0x08000fd8   0x08000fd8   0x0000004c   Code   RO         4435    .text               fz_ps.l(ffixi.o)
    0x08001024   0x08001024   0x0000005e   Code   RO         4437    .text               fz_ps.l(fflti.o)
    0x08001082   0x08001082   0x00000002   PAD
    0x08001084   0x08001084   0x00000090   Code   RO         4462    .text               fz_ps.l(dcmpin.o)
    0x08001114   0x08001114   0x00000064   Code   RO         4466    .text               fz_ps.l(fcmpin.o)
    0x08001178   0x08001178   0x0000002e   Code   RO         4486    .text               fz_ps.l(cmpret.o)
    0x080011a6   0x080011a6   0x00000002   PAD
    0x080011a8   0x080011a8   0x00000014   Code   RO         4488    .text               fz_ps.l(dnan2.o)
    0x080011bc   0x080011bc   0x00000010   Code   RO         4490    .text               fz_ps.l(fnan2.o)
    0x080011cc   0x080011cc   0x0000003e   Code   RO         4492    .text               c_p.l(sys_stackheap_outer.o)
    0x0800120a   0x0800120a   0x00000010   Code   RO         4495    .text               c_p.l(exit.o)
    0x0800121a   0x0800121a   0x0000005e   Code   RO         4507    .text               fz_ps.l(retnan.o)
    0x08001278   0x08001278   0x00000008   Code   RO         4509    .text               c_p.l(libspace.o)
    0x08001280   0x08001280   0x0000000c   Code   RO         4566    .text               c_p.l(sys_exit.o)
    0x0800128c   0x0800128c   0x00000002   Code   RO         4585    .text               c_p.l(use_no_semi.o)
    0x0800128e   0x0800128e   0x00000000   Code   RO         4587    .text               c_p.l(indicate_semi.o)
    0x0800128e   0x0800128e   0x00000056   Code   RO         4641    .text               c_p.l(__dczerorl2.o)
    0x080012e4   0x080012e4   0x00000010   Code   RO          920    i.ADC1_COMP_IRQHandler  stm32f0xx_it.o
    0x080012f4   0x080012f4   0x0000006c   Code   RO         1110    i.ADC_DMAConvCplt   stm32f0xx_hal_adc.o
    0x08001360   0x08001360   0x0000001a   Code   RO         1111    i.ADC_DMAError      stm32f0xx_hal_adc.o
    0x0800137a   0x0800137a   0x0000000a   Code   RO         1112    i.ADC_DMAHalfConvCplt  stm32f0xx_hal_adc.o
    0x08001384   0x08001384   0x00000090   Code   RO         1114    i.ADC_Enable        stm32f0xx_hal_adc.o
    0x08001414   0x08001414   0x00000010   Code   RO          921    i.DMA1_Channel1_IRQHandler  stm32f0xx_it.o
    0x08001424   0x08001424   0x00000024   Code   RO         2213    i.DMA_CalcBaseAndBitshift  stm32f0xx_hal_dma.o
    0x08001448   0x08001448   0x00000028   Code   RO         2214    i.DMA_SetConfig     stm32f0xx_hal_dma.o
    0x08001470   0x08001470   0x0000000a   Code   RO          922    i.EXTI0_1_IRQHandler  stm32f0xx_it.o
    0x0800147a   0x0800147a   0x00000050   Code   RO          923    i.EXTI4_15_IRQHandler  stm32f0xx_it.o
    0x080014ca   0x080014ca   0x00000004   Code   RO          839    i.Error_Handler     main.o
    0x080014ce   0x080014ce   0x000000b8   Code   RO         1285    i.HAL_ADCEx_Calibration_Start  stm32f0xx_hal_adc_ex.o
    0x08001586   0x08001586   0x00000002   PAD
    0x08001588   0x08001588   0x0000012c   Code   RO         1116    i.HAL_ADC_ConfigChannel  stm32f0xx_hal_adc.o
    0x080016b4   0x080016b4   0x00000200   Code   RO          402    i.HAL_ADC_ConvCpltCallback  sp100_adc_isr.o
    0x080018b4   0x080018b4   0x00000002   Code   RO         1118    i.HAL_ADC_ConvHalfCpltCallback  stm32f0xx_hal_adc.o
    0x080018b6   0x080018b6   0x00000002   Code   RO         1120    i.HAL_ADC_ErrorCallback  stm32f0xx_hal_adc.o
    0x080018b8   0x080018b8   0x000000d0   Code   RO         1124    i.HAL_ADC_IRQHandler  stm32f0xx_hal_adc.o
    0x08001988   0x08001988   0x00000178   Code   RO         1125    i.HAL_ADC_Init      stm32f0xx_hal_adc.o
    0x08001b00   0x08001b00   0x00000002   Code   RO         1126    i.HAL_ADC_LevelOutOfWindowCallback  stm32f0xx_hal_adc.o
    0x08001b02   0x08001b02   0x00000002   PAD
    0x08001b04   0x08001b04   0x000000bc   Code   RO         1023    i.HAL_ADC_MspInit   stm32f0xx_hal_msp.o
    0x08001bc0   0x08001bc0   0x000000a0   Code   RO         1132    i.HAL_ADC_Start_DMA  stm32f0xx_hal_adc.o
    0x08001c60   0x08001c60   0x00000002   Code   RO         2935    i.HAL_DACEx_DMAUnderrunCallbackCh2  stm32f0xx_hal_dac_ex.o
    0x08001c62   0x08001c62   0x00000002   PAD
    0x08001c64   0x08001c64   0x00000038   Code   RO         2941    i.HAL_DAC_ConfigChannel  stm32f0xx_hal_dac_ex.o
    0x08001c9c   0x08001c9c   0x00000002   Code   RO         2808    i.HAL_DAC_DMAUnderrunCallbackCh1  stm32f0xx_hal_dac.o
    0x08001c9e   0x08001c9e   0x00000062   Code   RO         2943    i.HAL_DAC_IRQHandler  stm32f0xx_hal_dac_ex.o
    0x08001d00   0x08001d00   0x0000002a   Code   RO         2815    i.HAL_DAC_Init      stm32f0xx_hal_dac.o
    0x08001d2a   0x08001d2a   0x00000002   PAD
    0x08001d2c   0x08001d2c   0x00000068   Code   RO         1025    i.HAL_DAC_MspInit   stm32f0xx_hal_msp.o
    0x08001d94   0x08001d94   0x0000001c   Code   RO         2818    i.HAL_DAC_SetValue  stm32f0xx_hal_dac.o
    0x08001db0   0x08001db0   0x00000054   Code   RO         2944    i.HAL_DAC_Start     stm32f0xx_hal_dac_ex.o
    0x08001e04   0x08001e04   0x0000009c   Code   RO         2220    i.HAL_DMA_IRQHandler  stm32f0xx_hal_dma.o
    0x08001ea0   0x08001ea0   0x00000054   Code   RO         2221    i.HAL_DMA_Init      stm32f0xx_hal_dma.o
    0x08001ef4   0x08001ef4   0x0000006a   Code   RO         2225    i.HAL_DMA_Start_IT  stm32f0xx_hal_dma.o
    0x08001f5e   0x08001f5e   0x00000002   PAD
    0x08001f60   0x08001f60   0x000001a0   Code   RO          525    i.HAL_GPIO_EXTI_Callback  sp100_ext_isr.o
    0x08002100   0x08002100   0x00000018   Code   RO         2153    i.HAL_GPIO_EXTI_IRQHandler  stm32f0xx_hal_gpio.o
    0x08002118   0x08002118   0x000001b4   Code   RO         2154    i.HAL_GPIO_Init     stm32f0xx_hal_gpio.o
    0x080022cc   0x080022cc   0x0000000a   Code   RO         2156    i.HAL_GPIO_ReadPin  stm32f0xx_hal_gpio.o
    0x080022d6   0x080022d6   0x0000000c   Code   RO         2158    i.HAL_GPIO_WritePin  stm32f0xx_hal_gpio.o
    0x080022e2   0x080022e2   0x00000002   PAD
    0x080022e4   0x080022e4   0x0000000c   Code   RO         1494    i.HAL_GetTick       stm32f0xx_hal.o
    0x080022f0   0x080022f0   0x0000004a   Code   RO         2101    i.HAL_I2CEx_ConfigAnalogFilter  stm32f0xx_hal_i2c_ex.o
    0x0800233a   0x0800233a   0x00000048   Code   RO         2102    i.HAL_I2CEx_ConfigDigitalFilter  stm32f0xx_hal_i2c_ex.o
    0x08002382   0x08002382   0x00000002   PAD
    0x08002384   0x08002384   0x000000b4   Code   RO         1654    i.HAL_I2C_Init      stm32f0xx_hal_i2c.o
    0x08002438   0x08002438   0x00000110   Code   RO         1660    i.HAL_I2C_Master_Receive  stm32f0xx_hal_i2c.o
    0x08002548   0x08002548   0x00000110   Code   RO         1667    i.HAL_I2C_Master_Transmit  stm32f0xx_hal_i2c.o
    0x08002658   0x08002658   0x00000068   Code   RO         1027    i.HAL_I2C_MspInit   stm32f0xx_hal_msp.o
    0x080026c0   0x080026c0   0x00000010   Code   RO         1500    i.HAL_IncTick       stm32f0xx_hal.o
    0x080026d0   0x080026d0   0x00000020   Code   RO         1501    i.HAL_Init          stm32f0xx_hal.o
    0x080026f0   0x080026f0   0x00000044   Code   RO         1502    i.HAL_InitTick      stm32f0xx_hal.o
    0x08002734   0x08002734   0x00000028   Code   RO         1028    i.HAL_MspInit       stm32f0xx_hal_msp.o
    0x0800275c   0x0800275c   0x00000018   Code   RO         2311    i.HAL_NVIC_EnableIRQ  stm32f0xx_hal_cortex.o
    0x08002774   0x08002774   0x00000008   Code   RO         2315    i.HAL_NVIC_SetPriority  stm32f0xx_hal_cortex.o
    0x0800277c   0x0800277c   0x00000114   Code   RO         1306    i.HAL_RCC_ClockConfig  stm32f0xx_hal_rcc.o
    0x08002890   0x08002890   0x00000094   Code   RO         1314    i.HAL_RCC_GetSysClockFreq  stm32f0xx_hal_rcc.o
    0x08002924   0x08002924   0x00000404   Code   RO         1317    i.HAL_RCC_OscConfig  stm32f0xx_hal_rcc.o
    0x08002d28   0x08002d28   0x000000ee   Code   RO         3063    i.HAL_SPI_Init      stm32f0xx_hal_spi.o
    0x08002e16   0x08002e16   0x00000002   PAD
    0x08002e18   0x08002e18   0x00000060   Code   RO         1030    i.HAL_SPI_MspInit   stm32f0xx_hal_msp.o
    0x08002e78   0x08002e78   0x000001f2   Code   RO         3072    i.HAL_SPI_TransmitReceive  stm32f0xx_hal_spi.o
    0x0800306a   0x0800306a   0x00000002   PAD
    0x0800306c   0x0800306c   0x00000030   Code   RO         2319    i.HAL_SYSTICK_Config  stm32f0xx_hal_cortex.o
    0x0800309c   0x0800309c   0x00000002   Code   RO         4097    i.HAL_TIMEx_BreakCallback  stm32f0xx_hal_tim_ex.o
    0x0800309e   0x0800309e   0x00000002   Code   RO         4098    i.HAL_TIMEx_CommutCallback  stm32f0xx_hal_tim_ex.o
    0x080030a0   0x080030a0   0x00000060   Code   RO         4116    i.HAL_TIMEx_MasterConfigSynchronization  stm32f0xx_hal_tim_ex.o
    0x08003100   0x08003100   0x00000048   Code   RO         3397    i.HAL_TIM_Base_Init  stm32f0xx_hal_tim.o
    0x08003148   0x08003148   0x000000fc   Code   RO         1032    i.HAL_TIM_Base_MspInit  stm32f0xx_hal_msp.o
    0x08003244   0x08003244   0x00000050   Code   RO         3400    i.HAL_TIM_Base_Start  stm32f0xx_hal_tim.o
    0x08003294   0x08003294   0x00000058   Code   RO         3402    i.HAL_TIM_Base_Start_IT  stm32f0xx_hal_tim.o
    0x080032ec   0x080032ec   0x00000034   Code   RO         3405    i.HAL_TIM_Base_Stop_IT  stm32f0xx_hal_tim.o
    0x08003320   0x08003320   0x000000dc   Code   RO         3406    i.HAL_TIM_ConfigClockSource  stm32f0xx_hal_tim.o
    0x080033fc   0x080033fc   0x00000002   Code   RO         3431    i.HAL_TIM_IC_CaptureCallback  stm32f0xx_hal_tim.o
    0x080033fe   0x080033fe   0x00000162   Code   RO         3445    i.HAL_TIM_IRQHandler  stm32f0xx_hal_tim.o
    0x08003560   0x08003560   0x00000050   Code   RO         1033    i.HAL_TIM_MspPostInit  stm32f0xx_hal_msp.o
    0x080035b0   0x080035b0   0x00000002   Code   RO         3448    i.HAL_TIM_OC_DelayElapsedCallback  stm32f0xx_hal_tim.o
    0x080035b2   0x080035b2   0x000000d0   Code   RO         3469    i.HAL_TIM_PWM_ConfigChannel  stm32f0xx_hal_tim.o
    0x08003682   0x08003682   0x00000048   Code   RO         3472    i.HAL_TIM_PWM_Init  stm32f0xx_hal_tim.o
    0x080036ca   0x080036ca   0x00000002   Code   RO         3474    i.HAL_TIM_PWM_MspInit  stm32f0xx_hal_tim.o
    0x080036cc   0x080036cc   0x00000002   Code   RO         3475    i.HAL_TIM_PWM_PulseFinishedCallback  stm32f0xx_hal_tim.o
    0x080036ce   0x080036ce   0x00000002   PAD
    0x080036d0   0x080036d0   0x000000b0   Code   RO         3477    i.HAL_TIM_PWM_Start  stm32f0xx_hal_tim.o
    0x08003780   0x08003780   0x00000002   Code   RO         3483    i.HAL_TIM_PeriodElapsedCallback  stm32f0xx_hal_tim.o
    0x08003782   0x08003782   0x00000002   Code   RO         3488    i.HAL_TIM_TriggerCallback  stm32f0xx_hal_tim.o
    0x08003784   0x08003784   0x00000002   Code   RO          924    i.HardFault_Handler  stm32f0xx_it.o
    0x08003786   0x08003786   0x00000022   Code   RO         1701    i.I2C_Flush_TXDR    stm32f0xx_hal_i2c.o
    0x080037a8   0x080037a8   0x00000088   Code   RO         1709    i.I2C_IsAcknowledgeFailed  stm32f0xx_hal_i2c.o
    0x08003830   0x08003830   0x00000028   Code   RO         1716    i.I2C_TransferConfig  stm32f0xx_hal_i2c.o
    0x08003858   0x08003858   0x0000004e   Code   RO         1718    i.I2C_WaitOnFlagUntilTimeout  stm32f0xx_hal_i2c.o
    0x080038a6   0x080038a6   0x00000002   PAD
    0x080038a8   0x080038a8   0x00000080   Code   RO         1719    i.I2C_WaitOnRXNEFlagUntilTimeout  stm32f0xx_hal_i2c.o
    0x08003928   0x08003928   0x0000004c   Code   RO         1720    i.I2C_WaitOnSTOPFlagUntilTimeout  stm32f0xx_hal_i2c.o
    0x08003974   0x08003974   0x00000050   Code   RO         1721    i.I2C_WaitOnTXISFlagUntilTimeout  stm32f0xx_hal_i2c.o
    0x080039c4   0x080039c4   0x000000f0   Code   RO          840    i.MX_ADC_Init       main.o
    0x08003ab4   0x08003ab4   0x00000028   Code   RO          841    i.MX_DMA_Init       main.o
    0x08003adc   0x08003adc   0x00000154   Code   RO          842    i.MX_GPIO_Init      main.o
    0x08003c30   0x08003c30   0x00000058   Code   RO          843    i.MX_I2C2_Init      main.o
    0x08003c88   0x08003c88   0x0000004c   Code   RO          844    i.MX_SPI1_Init      main.o
    0x08003cd4   0x08003cd4   0x00000070   Code   RO          845    i.MX_TIM15_Init     main.o
    0x08003d44   0x08003d44   0x00000070   Code   RO          846    i.MX_TIM1_Init      main.o
    0x08003db4   0x08003db4   0x00000070   Code   RO          847    i.MX_TIM2_Init      main.o
    0x08003e24   0x08003e24   0x000000a0   Code   RO          848    i.MX_TIM3_Init      main.o
    0x08003ec4   0x08003ec4   0x00000002   Code   RO          925    i.NMI_Handler       stm32f0xx_it.o
    0x08003ec6   0x08003ec6   0x00000002   Code   RO          926    i.PendSV_Handler    stm32f0xx_it.o
    0x08003ec8   0x08003ec8   0x00000028   Code   RO          404    i.SP100_ADC_Init    sp100_adc_isr.o
    0x08003ef0   0x08003ef0   0x000000d0   Code   RO          442    i.SP100_Airmix_Auto_Calculate  sp100_atc_ccu.o
    0x08003fc0   0x08003fc0   0x00000024   Code   RO          282    i.SP100_Airmix_FWD  sp100_airmix.o
    0x08003fe4   0x08003fe4   0x00000174   Code   RO          283    i.SP100_Airmix_Handler  sp100_airmix.o
    0x08004158   0x08004158   0x00000024   Code   RO          284    i.SP100_Airmix_RVS  sp100_airmix.o
    0x0800417c   0x0800417c   0x0000001e   Code   RO          285    i.SP100_Airmix_STP  sp100_airmix.o
    0x0800419a   0x0800419a   0x000000a4   Code   RO          286    i.SP100_Airmix_int2state  sp100_airmix.o
    0x0800423e   0x0800423e   0x00000002   PAD
    0x08004240   0x08004240   0x00000030   Code   RO          327    i.SP100_Blower_Down  sp100_blower.o
    0x08004270   0x08004270   0x0000003e   Code   RO          328    i.SP100_Blower_Get_State_Num  sp100_blower.o
    0x080042ae   0x080042ae   0x00000002   PAD
    0x080042b0   0x080042b0   0x0000006c   Code   RO          329    i.SP100_Blower_Handler  sp100_blower.o
    0x0800431c   0x0800431c   0x00000028   Code   RO          330    i.SP100_Blower_Init  sp100_blower.o
    0x08004344   0x08004344   0x0000003c   Code   RO          331    i.SP100_Blower_OFF  sp100_blower.o
    0x08004380   0x08004380   0x0000003c   Code   RO          332    i.SP100_Blower_State_Down  sp100_blower.o
    0x080043bc   0x080043bc   0x0000003c   Code   RO          333    i.SP100_Blower_State_Up  sp100_blower.o
    0x080043f8   0x080043f8   0x00000030   Code   RO          334    i.SP100_Blower_Up   sp100_blower.o
    0x08004428   0x08004428   0x00000390   Code   RO          443    i.SP100_CCU_Auto_Calculations  sp100_atc_ccu.o
    0x080047b8   0x080047b8   0x000001a4   Code   RO          444    i.SP100_CCU_Infinite_Loop  sp100_atc_ccu.o
    0x0800495c   0x0800495c   0x00000018   Code   RO          445    i.SP100_CCU_Init    sp100_atc_ccu.o
    0x08004974   0x08004974   0x00000244   Code   RO          446    i.SP100_CCU_Preliminary  sp100_atc_ccu.o
    0x08004bb8   0x08004bb8   0x0000001c   Code   RO          447    i.SP100_CCU_State_Updater  sp100_atc_ccu.o
    0x08004bd4   0x08004bd4   0x00000380   Code   RO          448    i.SP100_CCU_Switch_Handler  sp100_atc_ccu.o
    0x08004f54   0x08004f54   0x00000014   Code   RO           12    i.SP100_Compressor_OFF  sp100_intake.o
    0x08004f68   0x08004f68   0x00000034   Code   RO           13    i.SP100_Compressor_ON  sp100_intake.o
    0x08004f9c   0x08004f9c   0x0000000c   Code   RO          449    i.SP100_Delay       sp100_atc_ccu.o
    0x08004fa8   0x08004fa8   0x00000020   Code   RO           14    i.SP100_Intake_Fresh  sp100_intake.o
    0x08004fc8   0x08004fc8   0x0000002c   Code   RO           15    i.SP100_Intake_Handler  sp100_intake.o
    0x08004ff4   0x08004ff4   0x00000020   Code   RO           16    i.SP100_Intake_Recycle  sp100_intake.o
    0x08005014   0x08005014   0x0000003c   Code   RO          598    i.SP100_LCD_AC_Handler  sp100_lcd.o
    0x08005050   0x08005050   0x00000058   Code   RO          599    i.SP100_LCD_ALL_SEG  sp100_lcd.o
    0x080050a8   0x080050a8   0x00000034   Code   RO          602    i.SP100_LCD_Auto_Handler  sp100_lcd.o
    0x080050dc   0x080050dc   0x0000000c   Code   RO          603    i.SP100_LCD_Backlight  sp100_lcd.o
    0x080050e8   0x080050e8   0x0000040c   Code   RO          604    i.SP100_LCD_Blower_Handler  sp100_lcd.o
    0x080054f4   0x080054f4   0x0000001c   Code   RO          606    i.SP100_LCD_Command  sp100_lcd.o
    0x08005510   0x08005510   0x00000044   Code   RO          609    i.SP100_LCD_Init    sp100_lcd.o
    0x08005554   0x08005554   0x00000094   Code   RO          610    i.SP100_LCD_Mode_Handler  sp100_lcd.o
    0x080055e8   0x080055e8   0x000001c0   Code   RO          612    i.SP100_LCD_OFF_State  sp100_lcd.o
    0x080057a8   0x080057a8   0x00000170   Code   RO          617    i.SP100_LCD_Print_Out_Temp  sp100_lcd.o
    0x08005918   0x08005918   0x0000023c   Code   RO          618    i.SP100_LCD_Print_Temp  sp100_lcd.o
    0x08005b54   0x08005b54   0x0000003c   Code   RO          619    i.SP100_LCD_R_DEF_Handler  sp100_lcd.o
    0x08005b90   0x08005b90   0x0000002c   Code   RO          620    i.SP100_LCD_SEG_OFF  sp100_lcd.o
    0x08005bbc   0x08005bbc   0x0000002c   Code   RO          621    i.SP100_LCD_SEG_ON  sp100_lcd.o
    0x08005be8   0x08005be8   0x00000030   Code   RO          622    i.SP100_LCD_SEG_Read  sp100_lcd.o
    0x08005c18   0x08005c18   0x000000c0   Code   RO          623    i.SP100_LCD_SetPoint_High  sp100_lcd.o
    0x08005cd8   0x08005cd8   0x000000c0   Code   RO          624    i.SP100_LCD_SetPoint_Low  sp100_lcd.o
    0x08005d98   0x08005d98   0x0000003c   Code   RO          629    i.SP100_LCD_Show_Out_Temp  sp100_lcd.o
    0x08005dd4   0x08005dd4   0x0000003c   Code   RO          630    i.SP100_LCD_Show_Set_Point  sp100_lcd.o
    0x08005e10   0x08005e10   0x000000a0   Code   RO          634    i.SP100_LCD_Update  sp100_lcd.o
    0x08005eb0   0x08005eb0   0x0000004c   Code   RO          238    i.SP100_Mode_FWD    sp100_mode.o
    0x08005efc   0x08005efc   0x0000008c   Code   RO          239    i.SP100_Mode_Handler  sp100_mode.o
    0x08005f88   0x08005f88   0x0000004c   Code   RO          240    i.SP100_Mode_RVS    sp100_mode.o
    0x08005fd4   0x08005fd4   0x0000003c   Code   RO          241    i.SP100_Mode_STP    sp100_mode.o
    0x08006010   0x08006010   0x00000014   Code   RO           18    i.SP100_R_DEF_OFF   sp100_intake.o
    0x08006024   0x08006024   0x00000014   Code   RO           19    i.SP100_R_DEF_ON    sp100_intake.o
    0x08006038   0x08006038   0x0000005c   Code   RO          199    i.SP100_TLE_Ctrl_Register_Read  sp100_tle94108es.o
    0x08006094   0x08006094   0x00000058   Code   RO          200    i.SP100_TLE_Ctrl_Register_Write  sp100_tle94108es.o
    0x080060ec   0x080060ec   0x00000024   Code   RO          202    i.SP100_TLE_Init    sp100_tle94108es.o
    0x08006110   0x08006110   0x0000004c   Code   RO         3101    i.SPI_EndRxTxTransaction  stm32f0xx_hal_spi.o
    0x0800615c   0x0800615c   0x000000d8   Code   RO         3106    i.SPI_WaitFifoStateUntilTimeout  stm32f0xx_hal_spi.o
    0x08006234   0x08006234   0x000000b8   Code   RO         3107    i.SPI_WaitFlagStateUntilTimeout  stm32f0xx_hal_spi.o
    0x080062ec   0x080062ec   0x00000002   Code   RO          927    i.SVC_Handler       stm32f0xx_it.o
    0x080062ee   0x080062ee   0x00000008   Code   RO          928    i.SysTick_Handler   stm32f0xx_it.o
    0x080062f6   0x080062f6   0x00000056   Code   RO          849    i.SystemClock_Config  main.o
    0x0800634c   0x0800634c   0x00000002   Code   RO         4361    i.SystemInit        system_stm32f0xx.o
    0x0800634e   0x0800634e   0x00000002   PAD
    0x08006350   0x08006350   0x00000010   Code   RO          929    i.TIM14_IRQHandler  stm32f0xx_it.o
    0x08006360   0x08006360   0x00000010   Code   RO          930    i.TIM15_IRQHandler  stm32f0xx_it.o
    0x08006370   0x08006370   0x00000010   Code   RO          931    i.TIM2_IRQHandler   stm32f0xx_it.o
    0x08006380   0x08006380   0x00000018   Code   RO          932    i.TIM6_DAC_IRQHandler  stm32f0xx_it.o
    0x08006398   0x08006398   0x00000010   Code   RO          933    i.TIM7_IRQHandler   stm32f0xx_it.o
    0x080063a8   0x080063a8   0x00000094   Code   RO         3490    i.TIM_Base_SetConfig  stm32f0xx_hal_tim.o
    0x0800643c   0x0800643c   0x0000001a   Code   RO         3491    i.TIM_CCxChannelCmd  stm32f0xx_hal_tim.o
    0x08006456   0x08006456   0x00000016   Code   RO         3501    i.TIM_ETR_SetConfig  stm32f0xx_hal_tim.o
    0x0800646c   0x0800646c   0x00000010   Code   RO         3502    i.TIM_ITRx_SetConfig  stm32f0xx_hal_tim.o
    0x0800647c   0x0800647c   0x00000088   Code   RO         3503    i.TIM_OC1_SetConfig  stm32f0xx_hal_tim.o
    0x08006504   0x08006504   0x00000080   Code   RO         3504    i.TIM_OC2_SetConfig  stm32f0xx_hal_tim.o
    0x08006584   0x08006584   0x00000084   Code   RO         3505    i.TIM_OC3_SetConfig  stm32f0xx_hal_tim.o
    0x08006608   0x08006608   0x0000006c   Code   RO         3506    i.TIM_OC4_SetConfig  stm32f0xx_hal_tim.o
    0x08006674   0x08006674   0x00000022   Code   RO         3508    i.TIM_TI1_ConfigInputStage  stm32f0xx_hal_tim.o
    0x08006696   0x08006696   0x00000026   Code   RO         3510    i.TIM_TI2_ConfigInputStage  stm32f0xx_hal_tim.o
    0x080066bc   0x080066bc   0x00000030   Code   RO         1391    i.__ARM_common_ll_muluu  stm32f0xx_hal_rcc.o
    0x080066ec   0x080066ec   0x0000001a   Code   RO          271    i.__ARM_common_switch8  sp100_mode.o
    0x08006706   0x08006706   0x00000002   PAD
    0x08006708   0x08006708   0x00000044   Code   RO         2321    i.__NVIC_SetPriority  stm32f0xx_hal_cortex.o
    0x0800674c   0x0800674c   0x000000c8   Code   RO         4446    i.ceil              m_ps.l(ceil.o)
    0x08006814   0x08006814   0x000000c8   Code   RO         4450    i.floor             m_ps.l(floor.o)
    0x080068dc   0x080068dc   0x0000011c   Code   RO          850    i.main              main.o
    0x080069f8   0x080069f8   0x00000068   Code   RO         4464    x$fpl$drleqf        fz_ps.l(drlef.o)
    0x08006a60   0x08006a60   0x0000008c   Code   RO         4429    x$fpl$fadd          fz_ps.l(faddsub.o)
    0x08006aec   0x08006aec   0x00000054   Code   RO         4439    x$fpl$fleqf         fz_ps.l(flef.o)
    0x08006b40   0x08006b40   0x000000b0   Code   RO         4441    x$fpl$fmul          fz_ps.l(fmul.o)
    0x08006bf0   0x08006bf0   0x00000058   Code   RO         4443    x$fpl$frleqf        fz_ps.l(frlef.o)
    0x08006c48   0x08006c48   0x000000d0   Code   RO         4431    x$fpl$fsub          fz_ps.l(faddsub.o)
    0x08006d18   0x08006d18   0x00000000   Code   RO         4468    x$fpl$usenofp       fz_ps.l(usenofp.o)
    0x08006d18   0x08006d18   0x000000a8   Data   RO          450    .constdata          sp100_atc_ccu.o
    0x08006dc0   0x08006dc0   0x00000082   Data   RO          635    .constdata          sp100_lcd.o
    0x08006e42   0x08006e42   0x00000010   Data   RO         4362    .constdata          system_stm32f0xx.o
    0x08006e52   0x08006e52   0x00000080   Data   RO         4417    .constdata          fz_ps.l(ddiv.o)
    0x08006ed2   0x08006ed2   0x00000002   PAD
    0x08006ed4   0x08006ed4   0x00000020   Data   RO         4639    Region$$Table       anon$$obj.o


    Execution Region RW_IRAM1 (Exec base: 0x20000000, Load base: 0x08006ef4, Size: 0x00000b30, Max: 0x00004000, ABSOLUTE, COMPRESSED[0x000000b8])

    Exec Addr    Load Addr    Size         Type   Attr      Idx    E Section Name        Object

    0x20000000   COMPRESSED   0x00000004   Data   RW          336    .data               sp100_blower.o
    0x20000004   COMPRESSED   0x00000004   Data   RW          406    .data               sp100_adc_isr.o
    0x20000008   COMPRESSED   0x00000008   Data   RW          452    .data               sp100_atc_ccu.o
    0x20000010   COMPRESSED   0x00000001   Data   RW          543    .data               sp100_global_variables.o
    0x20000011   COMPRESSED   0x00000001   Data   RW          544    .data               sp100_global_variables.o
    0x20000012   COMPRESSED   0x00000001   Data   RW          545    .data               sp100_global_variables.o
    0x20000013   COMPRESSED   0x00000001   Data   RW          546    .data               sp100_global_variables.o
    0x20000014   COMPRESSED   0x00000001   Data   RW          547    .data               sp100_global_variables.o
    0x20000015   COMPRESSED   0x00000001   Data   RW          548    .data               sp100_global_variables.o
    0x20000016   COMPRESSED   0x00000001   Data   RW          549    .data               sp100_global_variables.o
    0x20000017   COMPRESSED   0x00000001   Data   RW          550    .data               sp100_global_variables.o
    0x20000018   COMPRESSED   0x00000001   Data   RW          551    .data               sp100_global_variables.o
    0x20000019   COMPRESSED   0x00000001   Data   RW          556    .data               sp100_global_variables.o
    0x2000001a   COMPRESSED   0x00000001   Data   RW          557    .data               sp100_global_variables.o
    0x2000001b   COMPRESSED   0x00000001   Data   RW          558    .data               sp100_global_variables.o
    0x2000001c   COMPRESSED   0x00000001   Data   RW          559    .data               sp100_global_variables.o
    0x2000001d   COMPRESSED   0x00000001   Data   RW          565    .data               sp100_global_variables.o
    0x2000001e   COMPRESSED   0x00000001   Data   RW          566    .data               sp100_global_variables.o
    0x2000001f   COMPRESSED   0x00000001   Data   RW          567    .data               sp100_global_variables.o
    0x20000020   COMPRESSED   0x00000001   Data   RW          569    .data               sp100_global_variables.o
    0x20000021   COMPRESSED   0x00000001   Data   RW          570    .data               sp100_global_variables.o
    0x20000022   COMPRESSED   0x00000001   Data   RW          571    .data               sp100_global_variables.o
    0x20000023   COMPRESSED   0x00000001   PAD
    0x20000024   COMPRESSED   0x00000004   Data   RW          576    .data               sp100_global_variables.o
    0x20000028   COMPRESSED   0x00000004   Data   RW          577    .data               sp100_global_variables.o
    0x2000002c   COMPRESSED   0x00000004   Data   RW          580    .data               sp100_global_variables.o
    0x20000030   COMPRESSED   0x00000004   Data   RW          581    .data               sp100_global_variables.o
    0x20000034   COMPRESSED   0x00000004   Data   RW          582    .data               sp100_global_variables.o
    0x20000038   COMPRESSED   0x00000004   Data   RW          583    .data               sp100_global_variables.o
    0x2000003c   COMPRESSED   0x00000004   Data   RW          584    .data               sp100_global_variables.o
    0x20000040   COMPRESSED   0x00000004   Data   RW          585    .data               sp100_global_variables.o
    0x20000044   COMPRESSED   0x00000004   Data   RW          586    .data               sp100_global_variables.o
    0x20000048   COMPRESSED   0x00000004   Data   RW          587    .data               sp100_global_variables.o
    0x2000004c   COMPRESSED   0x00000112   Data   RW          636    .data               sp100_lcd.o
    0x2000015e   COMPRESSED   0x00000002   PAD
    0x20000160   COMPRESSED   0x0000000c   Data   RW         1508    .data               stm32f0xx_hal.o
    0x2000016c   COMPRESSED   0x00000004   Data   RW         4364    .data               system_stm32f0xx.o
    0x20000170        -       0x00000020   Zero   RW          405    .bss                sp100_adc_isr.o
    0x20000190        -       0x000002fc   Zero   RW          851    .bss                main.o
    0x2000048c        -       0x00000044   Zero   RW          852    .bss                main.o
    0x200004d0        -       0x00000060   Zero   RW         4510    .bss                c_p.l(libspace.o)
    0x20000530        -       0x00000200   Zero   RW            2    HEAP                startup_stm32f072xb.o
    0x20000730        -       0x00000400   Zero   RW            1    STACK               startup_stm32f072xb.o


==============================================================================

Image component sizes


      Code (inc. data)   RO Data    RW Data    ZI Data      Debug   Object Name

      1654        136          0          0        832       8549   main.o
       552        146          0          4         32       1890   sp100_adc_isr.o
       638        104          0          0          0       3763   sp100_airmix.o
      3080        438        168          8          0       8047   sp100_atc_ccu.o
       486        110          0          4          0       4664   sp100_blower.o
       416         20          0          0          0        841   sp100_ext_isr.o
         0          0          0         59          0       2710   sp100_global_variables.o
       220         14          0          0          0     493567   sp100_intake.o
      3740        340        130        274          0      16857   sp100_lcd.o
       378         78          0          0          0       2224   sp100_mode.o
       216         20          0          0          0       1820   sp100_tle94108es.o
        56         26        192          0       1536        648   startup_stm32f072xb.o
       128         26          0         12          0       8005   stm32f0xx_hal.o
      1338         56          0          0          0       8486   stm32f0xx_hal_adc.o
       184          0          0          0          0       1414   stm32f0xx_hal_adc_ex.o
       148         24          0          0          0      10365   stm32f0xx_hal_cortex.o
        72          0          0          0          0       2359   stm32f0xx_hal_dac.o
       240          4          0          0          0       3156   stm32f0xx_hal_dac_ex.o
       422         16          0          0          0       4203   stm32f0xx_hal_dma.o
       482         36          0          0          0       3398   stm32f0xx_hal_gpio.o
      1296         42          0          0          0      10494   stm32f0xx_hal_i2c.o
       146          0          0          0          0       1931   stm32f0xx_hal_i2c_ex.o
       864        108          0          0          0       5326   stm32f0xx_hal_msp.o
      1500         84          0          0          0       4378   stm32f0xx_hal_rcc.o
      1212          8          0          0          0       6397   stm32f0xx_hal_spi.o
      2122        150          0          0          0      17890   stm32f0xx_hal_tim.o
       100         12          0          0          0       2397   stm32f0xx_hal_tim_ex.o
       226         44          0          0          0       6452   stm32f0xx_it.o
         2          0         16          4          0       1147   system_stm32f0xx.o

    ----------------------------------------------------------------------
     21948       2042        538        368       2400     643378   Object Totals
         0          0         32          0          0          0   (incl. Generated)
        30          0          0          3          0          0   (incl. Padding)

    ----------------------------------------------------------------------

      Code (inc. data)   RO Data    RW Data    ZI Data      Debug   Library Member Name

        86          0          0          0          0          0   __dczerorl2.o
         8          0          0          0          0         68   __main.o
         0          0          0          0          0          0   __rtentry.o
        12          0          0          0          0          0   __rtentry2.o
         6          0          0          0          0          0   __rtentry4.o
        60          8          0          0          0          0   __scatter.o
        28          0          0          0          0          0   __scatter_zi.o
       346          0          0          0          0         92   aeabi_sdiv.o
        16          0          0          0          0         68   exit.o
         6          0          0          0          0        136   heapauxi.o
         0          0          0          0          0          0   indicate_semi.o
         2          0          0          0          0          0   libinit.o
         2          0          0          0          0          0   libinit2.o
         2          0          0          0          0          0   libshutdown.o
         2          0          0          0          0          0   libshutdown2.o
         8          4          0          0         96         68   libspace.o
       258          0          0          0          0         88   lludiv.o
        64          0          0          0          0        108   rt_memclr.o
        56          0          0          0          0         68   rt_memcpy.o
         2          0          0          0          0          0   rtexit.o
        10          0          0          0          0          0   rtexit2.o
        12          4          0          0          0         60   sys_exit.o
        62          0          0          0          0         80   sys_stackheap_outer.o
         2          0          0          0          0         68   use_no_semi.o
        46          0          0          0          0         60   cmpret.o
       124          4          0          0          0         72   d2f.o
       856         20          0          0          0        208   daddsub.o
       144          4          0          0          0         76   dcmpin.o
      1096         26        128          0          0        112   ddiv.o
       108         10          0          0          0         72   dfixi.o
        88          0          0          0          0         92   dflti.o
       584         26          0          0          0         84   dmul.o
        20          6          0          0          0         68   dnan2.o
       104          4          0          0          0        104   drlef.o
        84          4          0          0          0         60   f2d.o
       348          8          0          0          0        160   faddsub.o
       100          4          0          0          0         68   fcmpin.o
        76          0          0          0          0         68   ffixi.o
        94          0          0          0          0         92   fflti.o
        84          4          0          0          0         76   flef.o
       176          4          0          0          0         80   fmul.o
        16          6          0          0          0         68   fnan2.o
        88          4          0          0          0         76   frlef.o
        94          0          0          0          0         68   retnan.o
         0          0          0          0          0          0   usenofp.o
       200         20          0          0          0         76   ceil.o
       200         20          0          0          0         76   floor.o

    ----------------------------------------------------------------------
      5788        190        130          0         96       2820   Library Totals
         8          0          2          0          0          0   (incl. Padding)

    ----------------------------------------------------------------------

      Code (inc. data)   RO Data    RW Data    ZI Data      Debug   Library Name

      1050         16          0          0         96        904   c_p.l
      4330        134        128          0          0       1764   fz_ps.l
       400         40          0          0          0        152   m_ps.l

    ----------------------------------------------------------------------
      5788        190        130          0         96       2820   Library Totals

    ----------------------------------------------------------------------

==============================================================================


      Code (inc. data)   RO Data    RW Data    ZI Data      Debug   

     27736       2232        668        368       2496     637246   Grand Totals
     27736       2232        668        184       2496     637246   ELF Image Totals (compressed)
     27736       2232        668        184          0          0   ROM Totals

==============================================================================

    Total RO  Size (Code + RO Data)                28404 (  27.74kB)
    Total RW  Size (RW Data + ZI Data)              2864 (   2.80kB)
    Total ROM Size (Code + RO Data + RW Data)      28588 (  27.92kB)

==============================================================================

