../Core/Src/main.c:84:5:main	8	static
../Core/Src/main.c:139:6:SystemClock_Config	88	static
../Core/Src/main.c:177:13:MX_ADC_Init	24	static
../Core/Src/main.c:279:13:MX_DAC_Init	16	static
../Core/Src/main.c:319:13:MX_I2C2_Init	8	static
../Core/Src/main.c:367:13:MX_SPI1_Init	8	static
../Core/Src/main.c:407:13:MX_TIM1_Init	32	static
../Core/Src/main.c:453:13:MX_TIM2_Init	32	static
../Core/Src/main.c:498:13:MX_TIM3_Init	64	static
../Core/Src/main.c:557:13:MX_TIM6_Init	16	static
../Core/Src/main.c:595:13:MX_TIM7_Init	16	static
../Core/Src/main.c:633:13:MX_TIM14_Init	8	static
../Core/Src/main.c:664:13:MX_TIM15_Init	32	static
../Core/Src/main.c:708:13:MX_DMA_Init	16	static
../Core/Src/main.c:726:13:MX_GPIO_Init	56	static
../Core/Src/main.c:835:6:Error_Handler	8	static,ignoring_inline_asm
