Component: ARM Compiler 5.06 update 7 (build 960) Tool: armlink [4d3601]

==============================================================================

Section Cross References

    startup_stm32f072xb.o(STACK) refers (Special) to heapauxi.o(.text) for __use_two_region_memory
    startup_stm32f072xb.o(HEAP) refers (Special) to heapauxi.o(.text) for __use_two_region_memory
    startup_stm32f072xb.o(RESET) refers (Special) to heapauxi.o(.text) for __use_two_region_memory
    startup_stm32f072xb.o(RESET) refers to startup_stm32f072xb.o(STACK) for __initial_sp
    startup_stm32f072xb.o(RESET) refers to startup_stm32f072xb.o(.text) for Reset_Handler
    startup_stm32f072xb.o(RESET) refers to stm32f0xx_it.o(i.NMI_Handler) for NMI_Handler
    startup_stm32f072xb.o(RESET) refers to stm32f0xx_it.o(i.HardFault_Handler) for HardFault_Handler
    startup_stm32f072xb.o(RESET) refers to stm32f0xx_it.o(i.SVC_Handler) for SVC_Handler
    startup_stm32f072xb.o(RESET) refers to stm32f0xx_it.o(i.PendSV_Handler) for PendSV_Handler
    startup_stm32f072xb.o(RESET) refers to stm32f0xx_it.o(i.SysTick_Handler) for SysTick_Handler
    startup_stm32f072xb.o(RESET) refers to stm32f0xx_it.o(i.EXTI0_1_IRQHandler) for EXTI0_1_IRQHandler
    startup_stm32f072xb.o(RESET) refers to stm32f0xx_it.o(i.EXTI4_15_IRQHandler) for EXTI4_15_IRQHandler
    startup_stm32f072xb.o(RESET) refers to stm32f0xx_it.o(i.DMA1_Channel1_IRQHandler) for DMA1_Channel1_IRQHandler
    startup_stm32f072xb.o(RESET) refers to stm32f0xx_it.o(i.ADC1_COMP_IRQHandler) for ADC1_COMP_IRQHandler
    startup_stm32f072xb.o(RESET) refers to stm32f0xx_it.o(i.TIM2_IRQHandler) for TIM2_IRQHandler
    startup_stm32f072xb.o(RESET) refers to stm32f0xx_it.o(i.TIM6_DAC_IRQHandler) for TIM6_DAC_IRQHandler
    startup_stm32f072xb.o(RESET) refers to stm32f0xx_it.o(i.TIM7_IRQHandler) for TIM7_IRQHandler
    startup_stm32f072xb.o(RESET) refers to stm32f0xx_it.o(i.TIM14_IRQHandler) for TIM14_IRQHandler
    startup_stm32f072xb.o(RESET) refers to stm32f0xx_it.o(i.TIM15_IRQHandler) for TIM15_IRQHandler
    startup_stm32f072xb.o(.text) refers (Special) to heapauxi.o(.text) for __use_two_region_memory
    startup_stm32f072xb.o(.text) refers to system_stm32f0xx.o(i.SystemInit) for SystemInit
    startup_stm32f072xb.o(.text) refers to __main.o(!!!main) for __main
    startup_stm32f072xb.o(.text) refers to startup_stm32f072xb.o(HEAP) for Heap_Mem
    startup_stm32f072xb.o(.text) refers to startup_stm32f072xb.o(STACK) for Stack_Mem
    sp100_intake.o(i.SP100_Compressor_OFF) refers to sp100_tle94108es.o(i.SP100_TLE_Ctrl_Register_Read) for SP100_TLE_Ctrl_Register_Read
    sp100_intake.o(i.SP100_Compressor_OFF) refers to sp100_tle94108es.o(i.SP100_TLE_Ctrl_Register_Write) for SP100_TLE_Ctrl_Register_Write
    sp100_intake.o(i.SP100_Compressor_ON) refers to sp100_tle94108es.o(i.SP100_TLE_Ctrl_Register_Read) for SP100_TLE_Ctrl_Register_Read
    sp100_intake.o(i.SP100_Compressor_ON) refers to sp100_tle94108es.o(i.SP100_TLE_Ctrl_Register_Write) for SP100_TLE_Ctrl_Register_Write
    sp100_intake.o(i.SP100_Intake_Fresh) refers to sp100_tle94108es.o(i.SP100_TLE_Ctrl_Register_Read) for SP100_TLE_Ctrl_Register_Read
    sp100_intake.o(i.SP100_Intake_Fresh) refers to sp100_tle94108es.o(i.SP100_TLE_Ctrl_Register_Write) for SP100_TLE_Ctrl_Register_Write
    sp100_intake.o(i.SP100_Intake_Handler) refers to sp100_intake.o(i.SP100_Intake_Recycle) for SP100_Intake_Recycle
    sp100_intake.o(i.SP100_Intake_Handler) refers to stm32f0xx_hal_gpio.o(i.HAL_GPIO_WritePin) for HAL_GPIO_WritePin
    sp100_intake.o(i.SP100_Intake_Handler) refers to sp100_intake.o(i.SP100_Intake_Fresh) for SP100_Intake_Fresh
    sp100_intake.o(i.SP100_Intake_Recycle) refers to sp100_tle94108es.o(i.SP100_TLE_Ctrl_Register_Read) for SP100_TLE_Ctrl_Register_Read
    sp100_intake.o(i.SP100_Intake_Recycle) refers to sp100_tle94108es.o(i.SP100_TLE_Ctrl_Register_Write) for SP100_TLE_Ctrl_Register_Write
    sp100_intake.o(i.SP100_Intake_STP) refers to sp100_tle94108es.o(i.SP100_TLE_Ctrl_Register_Read) for SP100_TLE_Ctrl_Register_Read
    sp100_intake.o(i.SP100_Intake_STP) refers to sp100_tle94108es.o(i.SP100_TLE_Ctrl_Register_Write) for SP100_TLE_Ctrl_Register_Write
    sp100_intake.o(i.SP100_R_DEF_OFF) refers to sp100_tle94108es.o(i.SP100_TLE_Ctrl_Register_Read) for SP100_TLE_Ctrl_Register_Read
    sp100_intake.o(i.SP100_R_DEF_OFF) refers to sp100_tle94108es.o(i.SP100_TLE_Ctrl_Register_Write) for SP100_TLE_Ctrl_Register_Write
    sp100_intake.o(i.SP100_R_DEF_ON) refers to sp100_tle94108es.o(i.SP100_TLE_Ctrl_Register_Read) for SP100_TLE_Ctrl_Register_Read
    sp100_intake.o(i.SP100_R_DEF_ON) refers to sp100_tle94108es.o(i.SP100_TLE_Ctrl_Register_Write) for SP100_TLE_Ctrl_Register_Write
    sp100_tle94108es.o(i.SP100_TLE_Ctrl_Register_Read) refers to stm32f0xx_hal_gpio.o(i.HAL_GPIO_WritePin) for HAL_GPIO_WritePin
    sp100_tle94108es.o(i.SP100_TLE_Ctrl_Register_Read) refers to sp100_atc_ccu.o(i.SP100_Delay) for SP100_Delay
[...]
    x$fpl$fadd                               0x080066d0   Section      140  faddsub.o(x$fpl$fadd)
    _fadd1                                   0x080066dd   Thumb Code     0  faddsub.o(x$fpl$fadd)
    x$fpl$fmul                               0x0800675c   Section      176  fmul.o(x$fpl$fmul)
    x$fpl$fsub                               0x0800680c   Section      208  faddsub.o(x$fpl$fsub)
    _fsub1                                   0x08006819   Thumb Code     0  faddsub.o(x$fpl$fsub)
    .constdata                               0x080068dc   Section      130  sp100_lcd.o(.constdata)
    x$fpl$usenofp                            0x080068dc   Section        0  usenofp.o(x$fpl$usenofp)
    .constdata                               0x0800695e   Section       16  system_stm32f0xx.o(.constdata)
    .constdata                               0x0800696e   Section      128  ddiv.o(.constdata)
    ddiv_reciptbl                            0x0800696e   Data         128  ddiv.o(.constdata)
    .data                                    0x20000000   Section        4  sp100_blower.o(.data)
    .data                                    0x20000004   Section        4  sp100_atc_ccu.o(.data)
    .data                                    0x20000008   Section        1  sp100_global_variables.o(.data)
    .data                                    0x20000009   Section        1  sp100_global_variables.o(.data)
    .data                                    0x2000000a   Section        1  sp100_global_variables.o(.data)
    .data                                    0x2000000b   Section        1  sp100_global_variables.o(.data)
    .data                                    0x2000000c   Section        1  sp100_global_variables.o(.data)
    .data                                    0x2000000d   Section        1  sp100_global_variables.o(.data)
    .data                                    0x2000000e   Section        1  sp100_global_variables.o(.data)
    .data                                    0x2000000f   Section        1  sp100_global_variables.o(.data)
    .data                                    0x20000010   Section        1  sp100_global_variables.o(.data)
    .data                                    0x20000011   Section        1  sp100_global_variables.o(.data)
    .data                                    0x20000012   Section        1  sp100_global_variables.o(.data)
    .data                                    0x20000013   Section        1  sp100_global_variables.o(.data)
    .data                                    0x20000014   Section        1  sp100_global_variables.o(.data)
    .data                                    0x20000015   Section        1  sp100_global_variables.o(.data)
    .data                                    0x20000016   Section        1  sp100_global_variables.o(.data)
    .data                                    0x20000017   Section        1  sp100_global_variables.o(.data)
    .data                                    0x20000018   Section        1  sp100_global_variables.o(.data)
    .data                                    0x2000001c   Section        4  sp100_global_variables.o(.data)
    .data                                    0x20000020   Section        4  sp100_global_variables.o(.data)
    .data                                    0x20000024   Section        4  sp100_global_variables.o(.data)
    .data                                    0x20000028   Section        4  sp100_global_variables.o(.data)
    .data                                    0x2000002c   Section        4  sp100_global_variables.o(.data)
    .data                                    0x20000030   Section        4  sp100_global_variables.o(.data)
    .data                                    0x20000034   Section        4  sp100_global_variables.o(.data)
    .data                                    0x20000038   Section        4  sp100_global_variables.o(.data)
    .data                                    0x2000003c   Section        4  sp100_global_variables.o(.data)
    .data                                    0x20000040   Section        4  sp100_global_variables.o(.data)
    .data                                    0x20000044   Section      274  sp100_lcd.o(.data)
    .data                                    0x20000158   Section       12  stm32f0xx_hal.o(.data)
    .data                                    0x20000164   Section        4  system_stm32f0xx.o(.data)
    .bss                                     0x20000168   Section       14  sp100_adc_isr.o(.bss)
    .bss                                     0x20000178   Section      764  main.o(.bss)
    .bss                                     0x20000474   Section       68  main.o(.bss)
    .bss                                     0x200004b8   Section       96  libspace.o(.bss)
    HEAP                                     0x20000518   Section      512  startup_stm32f072xb.o(HEAP)
    Heap_Mem                                 0x20000518   Data         512  startup_stm32f072xb.o(HEAP)
    STACK                                    0x20000718   Section     1024  startup_stm32f072xb.o(STACK)
    Stack_Mem                                0x20000718   Data        1024  startup_stm32f072xb.o(STACK)
    __initial_sp                             0x20000b18   Data           0  startup_stm32f072xb.o(STACK)

    Global Symbols

    Symbol Name                              Value     Ov Type        Size  Object(Section)

    BuildAttributes$$THM_ISAv3M$S$PE$A:L22$X:L11$S22$IEEE1$IW$USESV6$~STKCKD$USESV7$~SHL$OTIME$ROPI$IEEEJ$EBA8$UX$STANDARDLIB$REQ8$PRES8$EABIv2 0x00000000   Number         0  anon$$obj.o ABSOLUTE
    __ARM_use_no_argv                        0x00000000   Number         0  main.o ABSOLUTE
    __ARM_exceptions_init                     - Undefined Weak Reference
    __alloca_initialize                       - Undefined Weak Reference
    __arm_fini_                               - Undefined Weak Reference
    __arm_preinit_                            - Undefined Weak Reference
    __cpp_initialize__aeabi_                  - Undefined Weak Reference
    __cxa_finalize                            - Undefined Weak Reference
    __rt_locale                               - Undefined Weak Reference
    __sigvec_lookup                           - Undefined Weak Reference
    _atexit_init                              - Undefined Weak Reference
    _call_atexit_fns                          - Undefined Weak Reference
    _clock_init                               - Undefined Weak Reference
    _fp_trap_init                             - Undefined Weak Reference
    _fp_trap_shutdown                         - Undefined Weak Reference
    _get_lc_collate                           - Undefined Weak Reference
    _get_lc_ctype                             - Undefined Weak Reference
    _get_lc_monetary                          - Undefined Weak Reference
    _get_lc_numeric                           - Undefined Weak Reference
    _get_lc_time                              - Undefined Weak Reference
    _getenv_init                              - Undefined Weak Reference
    _handle_redirection                       - Undefined Weak Reference
    _init_alloc                               - Undefined Weak Reference
    _init_user_alloc                          - Undefined Weak Reference
    _initio                                   - Undefined Weak Reference
    _rand_init                                - Undefined Weak Reference
    _signal_finish                            - Undefined Weak Reference
    _signal_init                              - Undefined Weak Reference
    _terminate_alloc                          - Undefined Weak Reference
    _terminate_user_alloc                     - Undefined Weak Reference
    _terminateio                              - Undefined Weak Reference
    __Vectors_Size                           0x000000c0   Number         0  startup_stm32f072xb.o ABSOLUTE
    __Vectors                                0x08000000   Data           4  startup_stm32f072xb.o(RESET)
    __Vectors_End                            0x080000c0   Data           0  startup_stm32f072xb.o(RESET)
    __main                                   0x080000c1   Thumb Code     8  __main.o(!!!main)
    __scatterload                            0x080000c9   Thumb Code     0  __scatter.o(!!!scatter)
    __scatterload_rt2                        0x080000c9   Thumb Code    52  __scatter.o(!!!scatter)
    __scatterload_rt2_thumb_only             0x080000c9   Thumb Code     0  __scatter.o(!!!scatter)
    __scatterload_null                       0x080000d9   Thumb Code     0  __scatter.o(!!!scatter)
    __scatterload_zeroinit                   0x08000105   Thumb Code    28  __scatter_zi.o(!!handler_zi)
    __rt_lib_init                            0x08000121   Thumb Code     0  libinit.o(.ARM.Collect$$libinit$$00000000)
    __rt_lib_init_alloca_1                   0x08000123   Thumb Code     0  libinit2.o(.ARM.Collect$$libinit$$0000002E)
    __rt_lib_init_argv_1                     0x08000123   Thumb Code     0  libinit2.o(.ARM.Collect$$libinit$$0000002C)
    __rt_lib_init_atexit_1                   0x08000123   Thumb Code     0  libinit2.o(.ARM.Collect$$libinit$$0000001B)
    __rt_lib_init_clock_1                    0x08000123   Thumb Code     0  libinit2.o(.ARM.Collect$$libinit$$00000021)
    __rt_lib_init_cpp_1                      0x08000123   Thumb Code     0  libinit2.o(.ARM.Collect$$libinit$$00000032)
    __rt_lib_init_exceptions_1               0x08000123   Thumb Code     0  libinit2.o(.ARM.Collect$$libinit$$00000030)
    __rt_lib_init_fp_1                       0x08000123   Thumb Code     0  libinit2.o(.ARM.Collect$$libinit$$00000002)
    __rt_lib_init_fp_trap_1                  0x08000123   Thumb Code     0  libinit2.o(.ARM.Collect$$libinit$$0000001F)
    __rt_lib_init_getenv_1                   0x08000123   Thumb Code     0  libinit2.o(.ARM.Collect$$libinit$$00000023)
    __rt_lib_init_heap_1                     0x08000123   Thumb Code     0  libinit2.o(.ARM.Collect$$libinit$$0000000A)
    __rt_lib_init_lc_collate_1               0x08000123   Thumb Code     0  libinit2.o(.ARM.Collect$$libinit$$00000011)
    __rt_lib_init_lc_ctype_1                 0x08000123   Thumb Code     0  libinit2.o(.ARM.Collect$$libinit$$00000013)
    __rt_lib_init_lc_monetary_1              0x08000123   Thumb Code     0  libinit2.o(.ARM.Collect$$libinit$$00000015)
    __rt_lib_init_lc_numeric_1               0x08000123   Thumb Code     0  libinit2.o(.ARM.Collect$$libinit$$00000017)
    __rt_lib_init_lc_time_1                  0x08000123   Thumb Code     0  libinit2.o(.ARM.Collect$$libinit$$00000019)
    __rt_lib_init_preinit_1                  0x08000123   Thumb Code     0  libinit2.o(.ARM.Collect$$libinit$$00000004)
    __rt_lib_init_rand_1                     0x08000123   Thumb Code     0  libinit2.o(.ARM.Collect$$libinit$$0000000E)
    __rt_lib_init_return                     0x08000123   Thumb Code     0  libinit2.o(.ARM.Collect$$libinit$$00000033)
    __rt_lib_init_signal_1                   0x08000123   Thumb Code     0  libinit2.o(.ARM.Collect$$libinit$$0000001D)
    __rt_lib_init_stdio_1                    0x08000123   Thumb Code     0  libinit2.o(.ARM.Collect$$libinit$$00000025)
    __rt_lib_init_user_alloc_1               0x08000123   Thumb Code     0  libinit2.o(.ARM.Collect$$libinit$$0000000C)
    __rt_lib_shutdown                        0x08000125   Thumb Code     0  libshutdown.o(.ARM.Collect$$libshutdown$$00000000)
    __rt_lib_shutdown_cpp_1                  0x08000127   Thumb Code     0  libshutdown2.o(.ARM.Collect$$libshutdown$$00000004)
    __rt_lib_shutdown_fini_1                 0x08000127   Thumb Code     0  libshutdown2.o(.ARM.Collect$$libshutdown$$00000002)
    __rt_lib_shutdown_fp_trap_1              0x08000127   Thumb Code     0  libshutdown2.o(.ARM.Collect$$libshutdown$$00000009)
    __rt_lib_shutdown_heap_1                 0x08000127   Thumb Code     0  libshutdown2.o(.ARM.Collect$$libshutdown$$00000011)
    __rt_lib_shutdown_return                 0x08000127   Thumb Code     0  libshutdown2.o(.ARM.Collect$$libshutdown$$00000012)
    __rt_lib_shutdown_signal_1               0x08000127   Thumb Code     0  libshutdown2.o(.ARM.Collect$$libshutdown$$0000000C)
    __rt_lib_shutdown_stdio_1                0x08000127   Thumb Code     0  libshutdown2.o(.ARM.Collect$$libshutdown$$00000006)
    __rt_lib_shutdown_user_alloc_1           0x08000127   Thumb Code     0  libshutdown2.o(.ARM.Collect$$libshutdown$$0000000E)
    __rt_entry                               0x08000129   Thumb Code     0  __rtentry.o(.ARM.Collect$$rtentry$$00000000)
    __rt_entry_presh_1                       0x08000129   Thumb Code     0  __rtentry2.o(.ARM.Collect$$rtentry$$00000002)
    __rt_entry_sh                            0x08000129   Thumb Code     0  __rtentry4.o(.ARM.Collect$$rtentry$$00000004)
    __rt_entry_li                            0x0800012f   Thumb Code     0  __rtentry2.o(.ARM.Collect$$rtentry$$0000000A)
    __rt_entry_postsh_1                      0x0800012f   Thumb Code     0  __rtentry2.o(.ARM.Collect$$rtentry$$00000009)
    __rt_entry_main                          0x08000133   Thumb Code     0  __rtentry2.o(.ARM.Collect$$rtentry$$0000000D)
    __rt_entry_postli_1                      0x08000133   Thumb Code     0  __rtentry2.o(.ARM.Collect$$rtentry$$0000000C)
    __rt_exit                                0x0800013b   Thumb Code     0  rtexit.o(.ARM.Collect$$rtexit$$00000000)
    __rt_exit_ls                             0x0800013d   Thumb Code     0  rtexit2.o(.ARM.Collect$$rtexit$$00000003)
    __rt_exit_prels_1                        0x0800013d   Thumb Code     0  rtexit2.o(.ARM.Collect$$rtexit$$00000002)
    __rt_exit_exit                           0x08000141   Thumb Code     0  rtexit2.o(.ARM.Collect$$rtexit$$00000004)
    Reset_Handler                            0x08000149   Thumb Code     8  startup_stm32f072xb.o(.text)
    CEC_CAN_IRQHandler                       0x0800015b   Thumb Code     0  startup_stm32f072xb.o(.text)
    DMA1_Channel2_3_IRQHandler               0x0800015b   Thumb Code     0  startup_stm32f072xb.o(.text)
    DMA1_Channel4_5_6_7_IRQHandler           0x0800015b   Thumb Code     0  startup_stm32f072xb.o(.text)
    EXTI2_3_IRQHandler                       0x0800015b   Thumb Code     0  startup_stm32f072xb.o(.text)
    FLASH_IRQHandler                         0x0800015b   Thumb Code     0  startup_stm32f072xb.o(.text)
    I2C1_IRQHandler                          0x0800015b   Thumb Code     0  startup_stm32f072xb.o(.text)
    I2C2_IRQHandler                          0x0800015b   Thumb Code     0  startup_stm32f072xb.o(.text)
    PVD_VDDIO2_IRQHandler                    0x0800015b   Thumb Code     0  startup_stm32f072xb.o(.text)
    RCC_CRS_IRQHandler                       0x0800015b   Thumb Code     0  startup_stm32f072xb.o(.text)
    RTC_IRQHandler                           0x0800015b   Thumb Code     0  startup_stm32f072xb.o(.text)
    SPI1_IRQHandler                          0x0800015b   Thumb Code     0  startup_stm32f072xb.o(.text)
    SPI2_IRQHandler                          0x0800015b   Thumb Code     0  startup_stm32f072xb.o(.text)
    TIM16_IRQHandler                         0x0800015b   Thumb Code     0  startup_stm32f072xb.o(.text)
    TIM17_IRQHandler                         0x0800015b   Thumb Code     0  startup_stm32f072xb.o(.text)
    TIM1_BRK_UP_TRG_COM_IRQHandler           0x0800015b   Thumb Code     0  startup_stm32f072xb.o(.text)
    TIM1_CC_IRQHandler                       0x0800015b   Thumb Code     0  startup_stm32f072xb.o(.text)
    TIM3_IRQHandler                          0x0800015b   Thumb Code     0  startup_stm32f072xb.o(.text)
    TSC_IRQHandler                           0x0800015b   Thumb Code     0  startup_stm32f072xb.o(.text)
    USART1_IRQHandler                        0x0800015b   Thumb Code     0  startup_stm32f072xb.o(.text)
    USART2_IRQHandler                        0x0800015b   Thumb Code     0  startup_stm32f072xb.o(.text)
    USART3_4_IRQHandler                      0x0800015b   Thumb Code     0  startup_stm32f072xb.o(.text)
    USB_IRQHandler                           0x0800015b   Thumb Code     0  startup_stm32f072xb.o(.text)
    WWDG_IRQHandler                          0x0800015b   Thumb Code     0  startup_stm32f072xb.o(.text)
    __user_initial_stackheap                 0x0800015d   Thumb Code     0  startup_stm32f072xb.o(.text)
    __aeabi_uldivmod                         0x08000181   Thumb Code   258  lludiv.o(.text)
    _ll_udiv                                 0x08000181   Thumb Code     0  lludiv.o(.text)
    _memset_w                                0x08000283   Thumb Code    26  rt_memclr.o(.text)
    _memset                                  0x0800029d   Thumb Code    30  rt_memclr.o(.text)
    __aeabi_memclr                           0x080002bb   Thumb Code     4  rt_memclr.o(.text)
    __rt_memclr                              0x080002bb   Thumb Code     0  rt_memclr.o(.text)
    __aeabi_memclr4                          0x080002bf   Thumb Code     0  rt_memclr.o(.text)
    __aeabi_memclr8                          0x080002bf   Thumb Code     0  rt_memclr.o(.text)
    __rt_memclr_w                            0x080002bf   Thumb Code     4  rt_memclr.o(.text)
    __aeabi_uidiv                            0x080002c3   Thumb Code     0  aeabi_sdiv.o(.text)
    __aeabi_uidivmod                         0x080002c3   Thumb Code    20  aeabi_sdiv.o(.text)
    __aeabi_idiv                             0x080002d7   Thumb Code     0  aeabi_sdiv.o(.text)
    __aeabi_idivmod                          0x080002d7   Thumb Code   326  aeabi_sdiv.o(.text)
    __use_two_region_memory                  0x0800041d   Thumb Code     2  heapauxi.o(.text)
    __rt_heap_escrow$2region                 0x0800041f   Thumb Code     2  heapauxi.o(.text)
    __rt_heap_expand$2region                 0x08000421   Thumb Code     2  heapauxi.o(.text)
    __aeabi_d2f                              0x08000425   Thumb Code     0  d2f.o(.text)
    _d2f                                     0x08000425   Thumb Code   120  d2f.o(.text)
    __aeabi_dadd                             0x08000799   Thumb Code     0  daddsub.o(.text)
    _dadd                                    0x08000799   Thumb Code    26  daddsub.o(.text)
    __aeabi_dsub                             0x080007b3   Thumb Code     0  daddsub.o(.text)
    _dsub                                    0x080007b3   Thumb Code    22  daddsub.o(.text)
    __aeabi_drsub                            0x080007c9   Thumb Code     0  daddsub.o(.text)
    _drsb                                    0x080007c9   Thumb Code    28  daddsub.o(.text)
    __aeabi_ddiv                             0x080007f9   Thumb Code     0  ddiv.o(.text)
    _ddiv                                    0x080007f9   Thumb Code  1072  ddiv.o(.text)
    _drdiv                                   0x08000c29   Thumb Code    20  ddiv.o(.text)
    __aeabi_d2iz                             0x08000c41   Thumb Code     0  dfixi.o(.text)
    _dfix                                    0x08000c41   Thumb Code    98  dfixi.o(.text)
    __aeabi_i2d_normalise                    0x08000cad   Thumb Code    66  dflti.o(.text)
    __aeabi_i2d                              0x08000cef   Thumb Code    16  dflti.o(.text)
    _dflt                                    0x08000cef   Thumb Code     0  dflti.o(.text)
    __aeabi_ui2d                             0x08000cff   Thumb Code     6  dflti.o(.text)
    _dfltu                                   0x08000cff   Thumb Code     0  dflti.o(.text)
    __aeabi_dmul                             0x08000d05   Thumb Code     0  dmul.o(.text)
    _dmul                                    0x08000d05   Thumb Code   558  dmul.o(.text)
    __aeabi_f2d                              0x08000f4d   Thumb Code     0  f2d.o(.text)
    _f2d                                     0x08000f4d   Thumb Code    80  f2d.o(.text)
    __aeabi_f2iz                             0x08000fa1   Thumb Code     0  ffixi.o(.text)
    _ffix                                    0x08000fa1   Thumb Code    76  ffixi.o(.text)
    __aeabi_i2f_normalise                    0x08000fed   Thumb Code    72  fflti.o(.text)
    __aeabi_i2f                              0x08001035   Thumb Code    16  fflti.o(.text)
    _fflt                                    0x08001035   Thumb Code     0  fflti.o(.text)
    __aeabi_ui2f                             0x08001045   Thumb Code     6  fflti.o(.text)
    _ffltu                                   0x08001045   Thumb Code     0  fflti.o(.text)
    __fpl_dcmp_InfNaN                        0x0800104d   Thumb Code   140  dcmpin.o(.text)
    __fpl_cmpreturn                          0x080010dd   Thumb Code    46  cmpret.o(.text)
    __fpl_dcheck_NaN2                        0x0800110d   Thumb Code    14  dnan2.o(.text)
    __user_setup_stackheap                   0x08001121   Thumb Code    62  sys_stackheap_outer.o(.text)
    exit                                     0x0800115f   Thumb Code    16  exit.o(.text)
    __fpl_return_NaN                         0x0800116f   Thumb Code    94  retnan.o(.text)
    __user_libspace                          0x080011cd   Thumb Code     8  libspace.o(.text)
    __user_perproc_libspace                  0x080011cd   Thumb Code     0  libspace.o(.text)
    __user_perthread_libspace                0x080011cd   Thumb Code     0  libspace.o(.text)
    _sys_exit                                0x080011d5   Thumb Code     8  sys_exit.o(.text)
    __I$use$semihosting                      0x080011e1   Thumb Code     0  use_no_semi.o(.text)
    __use_no_semihosting_swi                 0x080011e1   Thumb Code     2  use_no_semi.o(.text)
    __decompress                             0x080011e3   Thumb Code     0  __dczerorl2.o(.text)
    __decompress1                            0x080011e3   Thumb Code    86  __dczerorl2.o(.text)
    __semihosting_library_function           0x080011e3   Thumb Code     0  indicate_semi.o(.text)
    ADC1_COMP_IRQHandler                     0x08001239   Thumb Code    10  stm32f0xx_it.o(i.ADC1_COMP_IRQHandler)
    DMA1_Channel1_IRQHandler                 0x08001369   Thumb Code    10  stm32f0xx_it.o(i.DMA1_Channel1_IRQHandler)
    EXTI0_1_IRQHandler                       0x080013c5   Thumb Code    10  stm32f0xx_it.o(i.EXTI0_1_IRQHandler)
    EXTI4_15_IRQHandler                      0x080013cf   Thumb Code    86  stm32f0xx_it.o(i.EXTI4_15_IRQHandler)
    Error_Handler                            0x08001425   Thumb Code     4  main.o(i.Error_Handler)
    HAL_ADCEx_Calibration_Start              0x08001429   Thumb Code   184  stm32f0xx_hal_adc_ex.o(i.HAL_ADCEx_Calibration_Start)
    HAL_ADC_ConfigChannel                    0x080014e1   Thumb Code   284  stm32f0xx_hal_adc.o(i.HAL_ADC_ConfigChannel)
    HAL_ADC_ConvCpltCallback                 0x0800160d   Thumb Code   290  sp100_adc_isr.o(i.HAL_ADC_ConvCpltCallback)
    HAL_ADC_ConvHalfCpltCallback             0x08001799   Thumb Code     2  stm32f0xx_hal_adc.o(i.HAL_ADC_ConvHalfCpltCallback)
    HAL_ADC_ErrorCallback                    0x0800179b   Thumb Code     2  stm32f0xx_hal_adc.o(i.HAL_ADC_ErrorCallback)
    HAL_ADC_IRQHandler                       0x0800179d   Thumb Code   208  stm32f0xx_hal_adc.o(i.HAL_ADC_IRQHandler)
    HAL_ADC_Init                             0x0800186d   Thumb Code   366  stm32f0xx_hal_adc.o(i.HAL_ADC_Init)
    HAL_ADC_LevelOutOfWindowCallback         0x080019e5   Thumb Code     2  stm32f0xx_hal_adc.o(i.HAL_ADC_LevelOutOfWindowCallback)
    HAL_ADC_MspInit                          0x080019e9   Thumb Code   140  stm32f0xx_hal_msp.o(i.HAL_ADC_MspInit)
    HAL_ADC_Start_DMA                        0x08001a85   Thumb Code   144  stm32f0xx_hal_adc.o(i.HAL_ADC_Start_DMA)
    HAL_DACEx_DMAUnderrunCallbackCh2         0x08001b25   Thumb Code     2  stm32f0xx_hal_dac_ex.o(i.HAL_DACEx_DMAUnderrunCallbackCh2)
    HAL_DAC_ConfigChannel                    0x08001b29   Thumb Code    52  stm32f0xx_hal_dac_ex.o(i.HAL_DAC_ConfigChannel)
    HAL_DAC_DMAUnderrunCallbackCh1           0x08001b61   Thumb Code     2  stm32f0xx_hal_dac.o(i.HAL_DAC_DMAUnderrunCallbackCh1)
    HAL_DAC_IRQHandler                       0x08001b63   Thumb Code    98  stm32f0xx_hal_dac_ex.o(i.HAL_DAC_IRQHandler)
    HAL_DAC_Init                             0x08001bc5   Thumb Code    42  stm32f0xx_hal_dac.o(i.HAL_DAC_Init)
    HAL_DAC_MspInit                          0x08001bf1   Thumb Code    94  stm32f0xx_hal_msp.o(i.HAL_DAC_MspInit)
    HAL_DAC_SetValue                         0x08001c59   Thumb Code    28  stm32f0xx_hal_dac.o(i.HAL_DAC_SetValue)
    HAL_DAC_Start                            0x08001c75   Thumb Code    84  stm32f0xx_hal_dac_ex.o(i.HAL_DAC_Start)
    HAL_DMA_IRQHandler                       0x08001cc9   Thumb Code   156  stm32f0xx_hal_dma.o(i.HAL_DMA_IRQHandler)
    HAL_DMA_Init                             0x08001d65   Thumb Code    78  stm32f0xx_hal_dma.o(i.HAL_DMA_Init)
    HAL_DMA_Start_IT                         0x08001db9   Thumb Code   106  stm32f0xx_hal_dma.o(i.HAL_DMA_Start_IT)
    HAL_GPIO_EXTI_Callback                   0x08001e25   Thumb Code   418  sp100_ext_isr.o(i.HAL_GPIO_EXTI_Callback)
    HAL_GPIO_EXTI_IRQHandler                 0x08001fe1   Thumb Code    18  stm32f0xx_hal_gpio.o(i.HAL_GPIO_EXTI_IRQHandler)
    HAL_GPIO_Init                            0x08001ff9   Thumb Code   406  stm32f0xx_hal_gpio.o(i.HAL_GPIO_Init)
    HAL_GPIO_ReadPin                         0x080021ad   Thumb Code    10  stm32f0xx_hal_gpio.o(i.HAL_GPIO_ReadPin)
    HAL_GPIO_WritePin                        0x080021b7   Thumb Code    12  stm32f0xx_hal_gpio.o(i.HAL_GPIO_WritePin)
    HAL_GetTick                              0x080021c5   Thumb Code     6  stm32f0xx_hal.o(i.HAL_GetTick)
    HAL_I2CEx_ConfigAnalogFilter             0x080021d1   Thumb Code    74  stm32f0xx_hal_i2c_ex.o(i.HAL_I2CEx_ConfigAnalogFilter)
    HAL_I2CEx_ConfigDigitalFilter            0x0800221b   Thumb Code    72  stm32f0xx_hal_i2c_ex.o(i.HAL_I2CEx_ConfigDigitalFilter)
    HAL_I2C_Init                             0x08002265   Thumb Code   176  stm32f0xx_hal_i2c.o(i.HAL_I2C_Init)
    HAL_I2C_Master_Receive                   0x08002319   Thumb Code   262  stm32f0xx_hal_i2c.o(i.HAL_I2C_Master_Receive)
    HAL_I2C_Master_Transmit                  0x08002429   Thumb Code   262  stm32f0xx_hal_i2c.o(i.HAL_I2C_Master_Transmit)
    HAL_I2C_MspInit                          0x08002539   Thumb Code    90  stm32f0xx_hal_msp.o(i.HAL_I2C_MspInit)
    HAL_IncTick                              0x080025a1   Thumb Code    12  stm32f0xx_hal.o(i.HAL_IncTick)
    HAL_Init                                 0x080025b1   Thumb Code    26  stm32f0xx_hal.o(i.HAL_Init)
    HAL_InitTick                             0x080025d1   Thumb Code    58  stm32f0xx_hal.o(i.HAL_InitTick)
    HAL_MspInit                              0x08002615   Thumb Code    34  stm32f0xx_hal_msp.o(i.HAL_MspInit)
    HAL_NVIC_EnableIRQ                       0x0800263d   Thumb Code    18  stm32f0xx_hal_cortex.o(i.HAL_NVIC_EnableIRQ)
    HAL_NVIC_SetPriority                     0x08002655   Thumb Code     8  stm32f0xx_hal_cortex.o(i.HAL_NVIC_SetPriority)
    HAL_RCC_ClockConfig                      0x0800265d   Thumb Code   254  stm32f0xx_hal_rcc.o(i.HAL_RCC_ClockConfig)
    HAL_RCC_GetSysClockFreq                  0x08002771   Thumb Code   102  stm32f0xx_hal_rcc.o(i.HAL_RCC_GetSysClockFreq)
    HAL_RCC_OscConfig                        0x08002805   Thumb Code  1028  stm32f0xx_hal_rcc.o(i.HAL_RCC_OscConfig)
    HAL_SPI_Init                             0x08002c09   Thumb Code   238  stm32f0xx_hal_spi.o(i.HAL_SPI_Init)
    HAL_SPI_MspInit                          0x08002cf9   Thumb Code    82  stm32f0xx_hal_msp.o(i.HAL_SPI_MspInit)
    HAL_SPI_TransmitReceive                  0x08002d59   Thumb Code   498  stm32f0xx_hal_spi.o(i.HAL_SPI_TransmitReceive)
    HAL_SYSTICK_Config                       0x08002f4d   Thumb Code    38  stm32f0xx_hal_cortex.o(i.HAL_SYSTICK_Config)
    HAL_TIMEx_BreakCallback                  0x08002f7d   Thumb Code     2  stm32f0xx_hal_tim_ex.o(i.HAL_TIMEx_BreakCallback)
    HAL_TIMEx_CommutCallback                 0x08002f7f   Thumb Code     2  stm32f0xx_hal_tim_ex.o(i.HAL_TIMEx_CommutCallback)
    HAL_TIMEx_MasterConfigSynchronization    0x08002f81   Thumb Code    84  stm32f0xx_hal_tim_ex.o(i.HAL_TIMEx_MasterConfigSynchronization)
    HAL_TIM_Base_Init                        0x08002fe1   Thumb Code    72  stm32f0xx_hal_tim.o(i.HAL_TIM_Base_Init)
    HAL_TIM_Base_MspInit                     0x08003029   Thumb Code   224  stm32f0xx_hal_msp.o(i.HAL_TIM_Base_MspInit)
    HAL_TIM_Base_Start                       0x08003125   Thumb Code    66  stm32f0xx_hal_tim.o(i.HAL_TIM_Base_Start)
    HAL_TIM_Base_Start_IT                    0x08003175   Thumb Code    74  stm32f0xx_hal_tim.o(i.HAL_TIM_Base_Start_IT)
    HAL_TIM_Base_Stop_IT                     0x080031cd   Thumb Code    46  stm32f0xx_hal_tim.o(i.HAL_TIM_Base_Stop_IT)
    HAL_TIM_ConfigClockSource                0x08003201   Thumb Code   220  stm32f0xx_hal_tim.o(i.HAL_TIM_ConfigClockSource)
    HAL_TIM_IC_CaptureCallback               0x080032dd   Thumb Code     2  stm32f0xx_hal_tim.o(i.HAL_TIM_IC_CaptureCallback)
    HAL_TIM_IRQHandler                       0x080032df   Thumb Code   354  stm32f0xx_hal_tim.o(i.HAL_TIM_IRQHandler)
    HAL_TIM_MspPostInit                      0x08003441   Thumb Code    66  stm32f0xx_hal_msp.o(i.HAL_TIM_MspPostInit)
    HAL_TIM_OC_DelayElapsedCallback          0x08003491   Thumb Code     2  stm32f0xx_hal_tim.o(i.HAL_TIM_OC_DelayElapsedCallback)
    HAL_TIM_PWM_ConfigChannel                0x08003493   Thumb Code   208  stm32f0xx_hal_tim.o(i.HAL_TIM_PWM_ConfigChannel)
    HAL_TIM_PWM_Init                         0x08003563   Thumb Code    72  stm32f0xx_hal_tim.o(i.HAL_TIM_PWM_Init)
    HAL_TIM_PWM_MspInit                      0x080035ab   Thumb Code     2  stm32f0xx_hal_tim.o(i.HAL_TIM_PWM_MspInit)
    HAL_TIM_PWM_PulseFinishedCallback        0x080035ad   Thumb Code     2  stm32f0xx_hal_tim.o(i.HAL_TIM_PWM_PulseFinishedCallback)
    HAL_TIM_PWM_Start                        0x080035b1   Thumb Code   154  stm32f0xx_hal_tim.o(i.HAL_TIM_PWM_Start)
    HAL_TIM_PeriodElapsedCallback            0x08003661   Thumb Code     2  stm32f0xx_hal_tim.o(i.HAL_TIM_PeriodElapsedCallback)
    HAL_TIM_TriggerCallback                  0x08003663   Thumb Code     2  stm32f0xx_hal_tim.o(i.HAL_TIM_TriggerCallback)
    HardFault_Handler                        0x08003665   Thumb Code     2  stm32f0xx_it.o(i.HardFault_Handler)
    NMI_Handler                              0x08003da5   Thumb Code     2  stm32f0xx_it.o(i.NMI_Handler)
    PendSV_Handler                           0x08003da7   Thumb Code     2  stm32f0xx_it.o(i.PendSV_Handler)
    SP100_ADC_Init                           0x08003da9   Thumb Code    26  sp100_adc_isr.o(i.SP100_ADC_Init)
    SP100_Airmix_Auto_Calculate              0x08003dd1   Thumb Code   520  sp100_atc_ccu.o(i.SP100_Airmix_Auto_Calculate)
    SP100_Airmix_FWD                         0x08004005   Thumb Code    36  sp100_airmix.o(i.SP100_Airmix_FWD)
    SP100_Airmix_Handler                     0x08004029   Thumb Code   292  sp100_airmix.o(i.SP100_Airmix_Handler)
    SP100_Airmix_RVS                         0x0800419d   Thumb Code    36  sp100_airmix.o(i.SP100_Airmix_RVS)
    SP100_Airmix_STP                         0x080041c1   Thumb Code    30  sp100_airmix.o(i.SP100_Airmix_STP)
    SP100_Blower_Down                        0x080041e1   Thumb Code    40  sp100_blower.o(i.SP100_Blower_Down)
    SP100_Blower_Get_State_Num               0x08004211   Thumb Code    62  sp100_blower.o(i.SP100_Blower_Get_State_Num)
    SP100_Blower_Handler                     0x08004251   Thumb Code    92  sp100_blower.o(i.SP100_Blower_Handler)
    SP100_Blower_Init                        0x080042bd   Thumb Code    30  sp100_blower.o(i.SP100_Blower_Init)
    SP100_Blower_OFF                         0x080042e5   Thumb Code    48  sp100_blower.o(i.SP100_Blower_OFF)
    SP100_Blower_State_Down                  0x08004321   Thumb Code    56  sp100_blower.o(i.SP100_Blower_State_Down)
    SP100_Blower_State_Up                    0x0800435d   Thumb Code    56  sp100_blower.o(i.SP100_Blower_State_Up)
    SP100_Blower_Up                          0x08004399   Thumb Code    40  sp100_blower.o(i.SP100_Blower_Up)
    SP100_CCU_Auto_Calculations              0x080043c9   Thumb Code   608  sp100_atc_ccu.o(i.SP100_CCU_Auto_Calculations)
    SP100_CCU_Infinite_Loop                  0x08004699   Thumb Code   374  sp100_atc_ccu.o(i.SP100_CCU_Infinite_Loop)
    SP100_CCU_Init                           0x0800483d   Thumb Code    42  sp100_atc_ccu.o(i.SP100_CCU_Init)
    SP100_CCU_State_Updater                  0x08004871   Thumb Code    12  sp100_atc_ccu.o(i.SP100_CCU_State_Updater)
    SP100_CCU_Switch_Handler                 0x08004885   Thumb Code   740  sp100_atc_ccu.o(i.SP100_CCU_Switch_Handler)
    SP100_Compressor_OFF                     0x08004ba5   Thumb Code    20  sp100_intake.o(i.SP100_Compressor_OFF)
    SP100_Compressor_ON                      0x08004bb9   Thumb Code    20  sp100_intake.o(i.SP100_Compressor_ON)
    SP100_Delay                              0x08004bcd   Thumb Code    12  sp100_atc_ccu.o(i.SP100_Delay)
    SP100_Intake_Fresh                       0x08004bd9   Thumb Code    32  sp100_intake.o(i.SP100_Intake_Fresh)
    SP100_Intake_Handler                     0x08004bf9   Thumb Code    40  sp100_intake.o(i.SP100_Intake_Handler)
    SP100_Intake_Recycle                     0x08004c25   Thumb Code    32  sp100_intake.o(i.SP100_Intake_Recycle)
    SP100_LCD_AC_Handler                     0x08004c45   Thumb Code    54  sp100_lcd.o(i.SP100_LCD_AC_Handler)
    SP100_LCD_ALL_SEG                        0x08004c81   Thumb Code    78  sp100_lcd.o(i.SP100_LCD_ALL_SEG)
    SP100_LCD_Auto_Handler                   0x08004cd9   Thumb Code    38  sp100_lcd.o(i.SP100_LCD_Auto_Handler)
    SP100_LCD_Backlight                      0x08004d0d   Thumb Code     8  sp100_lcd.o(i.SP100_LCD_Backlight)
    SP100_LCD_Blower_Handler                 0x08004d19   Thumb Code  1036  sp100_lcd.o(i.SP100_LCD_Blower_Handler)
    SP100_LCD_Command                        0x08005125   Thumb Code    24  sp100_lcd.o(i.SP100_LCD_Command)
    SP100_LCD_Init                           0x08005141   Thumb Code    60  sp100_lcd.o(i.SP100_LCD_Init)
    SP100_LCD_Mode_Handler                   0x08005185   Thumb Code   144  sp100_lcd.o(i.SP100_LCD_Mode_Handler)
    SP100_LCD_OFF_State                      0x08005219   Thumb Code   408  sp100_lcd.o(i.SP100_LCD_OFF_State)
    SP100_LCD_Print_Out_Temp                 0x080053c1   Thumb Code   304  sp100_lcd.o(i.SP100_LCD_Print_Out_Temp)
    SP100_LCD_Print_Temp                     0x08005531   Thumb Code   478  sp100_lcd.o(i.SP100_LCD_Print_Temp)
    SP100_LCD_R_DEF_Handler                  0x0800576d   Thumb Code    54  sp100_lcd.o(i.SP100_LCD_R_DEF_Handler)
    SP100_LCD_SEG_OFF                        0x080057a9   Thumb Code    40  sp100_lcd.o(i.SP100_LCD_SEG_OFF)
    SP100_LCD_SEG_ON                         0x080057d5   Thumb Code    38  sp100_lcd.o(i.SP100_LCD_SEG_ON)
    SP100_LCD_SEG_Read                       0x08005801   Thumb Code    42  sp100_lcd.o(i.SP100_LCD_SEG_Read)
    SP100_LCD_SetPoint_High                  0x08005831   Thumb Code   186  sp100_lcd.o(i.SP100_LCD_SetPoint_High)
    SP100_LCD_SetPoint_Low                   0x080058f1   Thumb Code   186  sp100_lcd.o(i.SP100_LCD_SetPoint_Low)
    SP100_LCD_Show_Out_Temp                  0x080059b1   Thumb Code    52  sp100_lcd.o(i.SP100_LCD_Show_Out_Temp)
    SP100_LCD_Show_Set_Point                 0x080059ed   Thumb Code    48  sp100_lcd.o(i.SP100_LCD_Show_Set_Point)
    SP100_LCD_Update                         0x08005a29   Thumb Code   120  sp100_lcd.o(i.SP100_LCD_Update)
    SP100_Mode_FWD                           0x08005abd   Thumb Code    66  sp100_mode.o(i.SP100_Mode_FWD)
    SP100_Mode_Handler                       0x08005b09   Thumb Code    96  sp100_mode.o(i.SP100_Mode_Handler)
    SP100_Mode_RVS                           0x08005b95   Thumb Code    66  sp100_mode.o(i.SP100_Mode_RVS)
    SP100_Mode_STP                           0x08005be1   Thumb Code    54  sp100_mode.o(i.SP100_Mode_STP)
    SP100_R_DEF_OFF                          0x08005c1d   Thumb Code    20  sp100_intake.o(i.SP100_R_DEF_OFF)
    SP100_R_DEF_ON                           0x08005c31   Thumb Code    20  sp100_intake.o(i.SP100_R_DEF_ON)
    SP100_TLE_Ctrl_Register_Read             0x08005c45   Thumb Code    84  sp100_tle94108es.o(i.SP100_TLE_Ctrl_Register_Read)
    SP100_TLE_Ctrl_Register_Write            0x08005ca1   Thumb Code    84  sp100_tle94108es.o(i.SP100_TLE_Ctrl_Register_Write)
    SP100_TLE_Init                           0x08005cf9   Thumb Code    28  sp100_tle94108es.o(i.SP100_TLE_Init)
    SVC_Handler                              0x08005ef9   Thumb Code     2  stm32f0xx_it.o(i.SVC_Handler)
    SysTick_Handler                          0x08005efb   Thumb Code     8  stm32f0xx_it.o(i.SysTick_Handler)
    SystemClock_Config                       0x08005f03   Thumb Code    86  main.o(i.SystemClock_Config)
    SystemInit                               0x08005f59   Thumb Code     2  system_stm32f0xx.o(i.SystemInit)
    TIM14_IRQHandler                         0x08005f5d   Thumb Code    10  stm32f0xx_it.o(i.TIM14_IRQHandler)
    TIM15_IRQHandler                         0x08005f6d   Thumb Code    10  stm32f0xx_it.o(i.TIM15_IRQHandler)
    TIM2_IRQHandler                          0x08005f7d   Thumb Code    10  stm32f0xx_it.o(i.TIM2_IRQHandler)
    TIM6_DAC_IRQHandler                      0x08005f8d   Thumb Code    16  stm32f0xx_it.o(i.TIM6_DAC_IRQHandler)
    TIM7_IRQHandler                          0x08005fa5   Thumb Code    10  stm32f0xx_it.o(i.TIM7_IRQHandler)
    TIM_Base_SetConfig                       0x08005fb5   Thumb Code   124  stm32f0xx_hal_tim.o(i.TIM_Base_SetConfig)
    TIM_CCxChannelCmd                        0x08006049   Thumb Code    26  stm32f0xx_hal_tim.o(i.TIM_CCxChannelCmd)
    TIM_ETR_SetConfig                        0x08006063   Thumb Code    22  stm32f0xx_hal_tim.o(i.TIM_ETR_SetConfig)
    TIM_OC2_SetConfig                        0x08006111   Thumb Code   110  stm32f0xx_hal_tim.o(i.TIM_OC2_SetConfig)
    __ARM_common_ll_muluu                    0x080062c9   Thumb Code    48  stm32f0xx_hal_rcc.o(i.__ARM_common_ll_muluu)
    __ARM_common_switch8                     0x080062f9   Thumb Code    26  sp100_mode.o(i.__ARM_common_switch8)
    ceil                                     0x08006359   Thumb Code   180  ceil.o(i.ceil)
    floor                                    0x08006421   Thumb Code   180  floor.o(i.floor)
    main                                     0x080064e9   Thumb Code   248  main.o(i.main)
    __aeabi_cdcmple                          0x08006605   Thumb Code     0  dlef.o(x$fpl$dleqf)
    _dcmple                                  0x08006605   Thumb Code    94  dlef.o(x$fpl$dleqf)
    __aeabi_cdrcmple                         0x08006669   Thumb Code     0  drlef.o(x$fpl$drleqf)
    _drcmple                                 0x08006669   Thumb Code   100  drlef.o(x$fpl$drleqf)
    __aeabi_fadd                             0x080066d1   Thumb Code     0  faddsub.o(x$fpl$fadd)
    _fadd                                    0x080066d1   Thumb Code   134  faddsub.o(x$fpl$fadd)
    __aeabi_fmul                             0x0800675d   Thumb Code     0  fmul.o(x$fpl$fmul)
    _fmul                                    0x0800675d   Thumb Code   172  fmul.o(x$fpl$fmul)
    __aeabi_fsub                             0x0800680d   Thumb Code     0  faddsub.o(x$fpl$fsub)
    _fsub                                    0x0800680d   Thumb Code   204  faddsub.o(x$fpl$fsub)
    AUTO                                     0x080068dc   Data           2  sp100_lcd.o(.constdata)
    __I$use$fp                               0x080068dc   Number         0  usenofp.o(x$fpl$usenofp)
    DEF                                      0x080068de   Data           2  sp100_lcd.o(.constdata)
    R_DEF                                    0x080068e0   Data           2  sp100_lcd.o(.constdata)
    AC                                       0x080068e2   Data           2  sp100_lcd.o(.constdata)
    PAX                                      0x080068e4   Data           2  sp100_lcd.o(.constdata)
    Face                                     0x080068e6   Data           2  sp100_lcd.o(.constdata)
    Foot                                     0x080068e8   Data           2  sp100_lcd.o(.constdata)
    Def                                      0x080068ea   Data           2  sp100_lcd.o(.constdata)
    Fan                                      0x080068ec   Data           2  sp100_lcd.o(.constdata)
    Fan_BLI1                                 0x080068ee   Data           2  sp100_lcd.o(.constdata)
    Fan_BLI2                                 0x080068f0   Data           2  sp100_lcd.o(.constdata)
    Fan_BLI3                                 0x080068f2   Data           2  sp100_lcd.o(.constdata)
    Fan_BLI4                                 0x080068f4   Data           2  sp100_lcd.o(.constdata)
    Fan_BLI5                                 0x080068f6   Data           2  sp100_lcd.o(.constdata)
    Fan_BLI6                                 0x080068f8   Data           2  sp100_lcd.o(.constdata)
    Fan_BLI7                                 0x080068fa   Data           2  sp100_lcd.o(.constdata)
    Fan_BLI8                                 0x080068fc   Data           2  sp100_lcd.o(.constdata)
    Fan_BLO1                                 0x080068fe   Data           2  sp100_lcd.o(.constdata)
    Fan_BLO2                                 0x08006900   Data           2  sp100_lcd.o(.constdata)
    Fan_BLO3                                 0x08006902   Data           2  sp100_lcd.o(.constdata)
    Fan_BLO4                                 0x08006904   Data           2  sp100_lcd.o(.constdata)
    Fan_BLO5                                 0x08006906   Data           2  sp100_lcd.o(.constdata)
    Fan_BLO6                                 0x08006908   Data           2  sp100_lcd.o(.constdata)
    Fan_BLO7                                 0x0800690a   Data           2  sp100_lcd.o(.constdata)
    Fan_BLO8                                 0x0800690c   Data           2  sp100_lcd.o(.constdata)
    SP_Degree                                0x0800690e   Data           2  sp100_lcd.o(.constdata)
    SP_Point                                 0x08006910   Data           2  sp100_lcd.o(.constdata)
    SP_Frst_Seg_A                            0x08006912   Data           2  sp100_lcd.o(.constdata)
    SP_Frst_Seg_B                            0x08006914   Data           2  sp100_lcd.o(.constdata)
    SP_Frst_Seg_C                            0x08006916   Data           2  sp100_lcd.o(.constdata)
    SP_Frst_Seg_D                            0x08006918   Data           2  sp100_lcd.o(.constdata)
    SP_Frst_Seg_E                            0x0800691a   Data           2  sp100_lcd.o(.constdata)
    SP_Frst_Seg_F                            0x0800691c   Data           2  sp100_lcd.o(.constdata)
    SP_Frst_Seg_G                            0x0800691e   Data           2  sp100_lcd.o(.constdata)
    SP_Scnd_Seg_A                            0x08006920   Data           2  sp100_lcd.o(.constdata)
    SP_Scnd_Seg_B                            0x08006922   Data           2  sp100_lcd.o(.constdata)
    SP_Scnd_Seg_C                            0x08006924   Data           2  sp100_lcd.o(.constdata)
    SP_Scnd_Seg_D                            0x08006926   Data           2  sp100_lcd.o(.constdata)
    SP_Scnd_Seg_E                            0x08006928   Data           2  sp100_lcd.o(.constdata)
    SP_Scnd_Seg_F                            0x0800692a   Data           2  sp100_lcd.o(.constdata)
    SP_Scnd_Seg_G                            0x0800692c   Data           2  sp100_lcd.o(.constdata)
    SP_Thrd_Seg_A                            0x0800692e   Data           2  sp100_lcd.o(.constdata)
    SP_Thrd_Seg_B                            0x08006930   Data           2  sp100_lcd.o(.constdata)
    SP_Thrd_Seg_C                            0x08006932   Data           2  sp100_lcd.o(.constdata)
    SP_Thrd_Seg_D                            0x08006934   Data           2  sp100_lcd.o(.constdata)
    SP_Thrd_Seg_E                            0x08006936   Data           2  sp100_lcd.o(.constdata)
    SP_Thrd_Seg_F                            0x08006938   Data           2  sp100_lcd.o(.constdata)
    SP_Thrd_Seg_G                            0x0800693a   Data           2  sp100_lcd.o(.constdata)
    Out_Temp                                 0x0800693c   Data           2  sp100_lcd.o(.constdata)
    OT_Degree                                0x0800693e   Data           2  sp100_lcd.o(.constdata)
    OT_Minus                                 0x08006940   Data           2  sp100_lcd.o(.constdata)
    OT_Frst_Seg_A                            0x08006942   Data           2  sp100_lcd.o(.constdata)
    OT_Frst_Seg_B                            0x08006944   Data           2  sp100_lcd.o(.constdata)
    OT_Frst_Seg_C                            0x08006946   Data           2  sp100_lcd.o(.constdata)
    OT_Frst_Seg_D                            0x08006948   Data           2  sp100_lcd.o(.constdata)
    OT_Frst_Seg_E                            0x0800694a   Data           2  sp100_lcd.o(.constdata)
    OT_Frst_Seg_F                            0x0800694c   Data           2  sp100_lcd.o(.constdata)
    OT_Frst_Seg_G                            0x0800694e   Data           2  sp100_lcd.o(.constdata)
    OT_Scnd_Seg_A                            0x08006950   Data           2  sp100_lcd.o(.constdata)
    OT_Scnd_Seg_B                            0x08006952   Data           2  sp100_lcd.o(.constdata)
    OT_Scnd_Seg_C                            0x08006954   Data           2  sp100_lcd.o(.constdata)
    OT_Scnd_Seg_D                            0x08006956   Data           2  sp100_lcd.o(.constdata)
    OT_Scnd_Seg_E                            0x08006958   Data           2  sp100_lcd.o(.constdata)
    OT_Scnd_Seg_F                            0x0800695a   Data           2  sp100_lcd.o(.constdata)
    OT_Scnd_Seg_G                            0x0800695c   Data           2  sp100_lcd.o(.constdata)
    AHBPrescTable                            0x0800695e   Data          16  system_stm32f0xx.o(.constdata)
    Region$$Table$$Base                      0x080069f0   Number         0  anon$$obj.o(Region$$Table)
    Region$$Table$$Limit                     0x08006a10   Number         0  anon$$obj.o(Region$$Table)
    dacVal                                   0x20000000   Data           4  sp100_blower.o(.data)
    auto_cnt                                 0x20000004   Data           4  sp100_atc_ccu.o(.data)
    SP100_CCU_preState                       0x20000008   Data           1  sp100_global_variables.o(.data)
    SP100_CCU_State                          0x20000009   Data           1  sp100_global_variables.o(.data)
    SP100_Intake_State                       0x2000000a   Data           1  sp100_global_variables.o(.data)
    SP100_Mode_State                         0x2000000b   Data           1  sp100_global_variables.o(.data)
    SP100_Airmix_State                       0x2000000c   Data           1  sp100_global_variables.o(.data)
    SP100_Blower_State                       0x2000000d   Data           1  sp100_global_variables.o(.data)
    SP100_AC_State                           0x2000000e   Data           1  sp100_global_variables.o(.data)
    SP100_R_DEF_State                        0x2000000f   Data           1  sp100_global_variables.o(.data)
    Intake_Auto_Ctrl_State                   0x20000010   Data           1  sp100_global_variables.o(.data)
    Mode_Auto_Ctrl_State                     0x20000011   Data           1  sp100_global_variables.o(.data)
    Blower_Auto_Ctrl_State                   0x20000012   Data           1  sp100_global_variables.o(.data)
    AC_Auto_Ctrl_State                       0x20000013   Data           1  sp100_global_variables.o(.data)
    Mode_MA_Lock_State                       0x20000014   Data           1  sp100_global_variables.o(.data)
    Airmix_MA_Pot_State                      0x20000015   Data           1  sp100_global_variables.o(.data)
    Mode_MA_Pot_State                        0x20000016   Data           1  sp100_global_variables.o(.data)
    SP100_AUTO_Blink_State                   0x20000017   Data           1  sp100_global_variables.o(.data)
    SP100_Mode_SEG_State                     0x20000018   Data           1  sp100_global_variables.o(.data)
    SP100_Set_Point                          0x2000001c   Data           4  sp100_global_variables.o(.data)
    secCounter                               0x20000020   Data           4  sp100_global_variables.o(.data)
    minCounter                               0x20000024   Data           4  sp100_global_variables.o(.data)
    SP100_Evap_Sensor                        0x20000028   Data           4  sp100_global_variables.o(.data)
    SP100_Cabin_Sensor                       0x2000002c   Data           4  sp100_global_variables.o(.data)
    SP100_Water_Sensor                       0x20000030   Data           4  sp100_global_variables.o(.data)
    SP100_Ambient_Sensor                     0x20000034   Data           4  sp100_global_variables.o(.data)
    SP100_Airmix_FB                          0x20000038   Data           4  sp100_global_variables.o(.data)
    SP100_Mode_FB                            0x2000003c   Data           4  sp100_global_variables.o(.data)
    SP100_Blower_VOLT                        0x20000040   Data           4  sp100_global_variables.o(.data)
    seg_cnt                                  0x20000044   Data           4  sp100_lcd.o(.data)
    All_Segments                             0x20000048   Data         200  sp100_lcd.o(.data)
    Number_Segment                           0x20000110   Data          70  sp100_lcd.o(.data)
    uwTickFreq                               0x20000158   Data           1  stm32f0xx_hal.o(.data)
    uwTickPrio                               0x2000015c   Data           4  stm32f0xx_hal.o(.data)
    uwTick                                   0x20000160   Data           4  stm32f0xx_hal.o(.data)
    SystemCoreClock                          0x20000164   Data           4  system_stm32f0xx.o(.data)
    adcVal                                   0x20000168   Data          14  sp100_adc_isr.o(.bss)
    hadc                                     0x20000178   Data          64  main.o(.bss)
    hdac                                     0x200001b8   Data          20  main.o(.bss)
    hi2c2                                    0x200001cc   Data          76  main.o(.bss)
    hspi1                                    0x20000218   Data         100  main.o(.bss)
    htim1                                    0x2000027c   Data          72  main.o(.bss)
    htim2                                    0x200002c4   Data          72  main.o(.bss)
    htim3                                    0x2000030c   Data          72  main.o(.bss)
    htim6                                    0x20000354   Data          72  main.o(.bss)
    htim7                                    0x2000039c   Data          72  main.o(.bss)
    htim14                                   0x200003e4   Data          72  main.o(.bss)
    htim15                                   0x2000042c   Data          72  main.o(.bss)
    hdma_adc                                 0x20000474   Data          68  main.o(.bss)
    __libspace_start                         0x200004b8   Data          96  libspace.o(.bss)
    __temporary_stack_top$libspace           0x20000518   Data           0  libspace.o(.bss)



==============================================================================

Memory Map of the image

  Image Entry point : 0x080000c1

  Load Region LR_IROM1 (Base: 0x08000000, Size: 0x00006b78, Max: 0x00020000, ABSOLUTE, COMPRESSED[0x00006ac0])

    Execution Region ER_IROM1 (Exec base: 0x08000000, Load base: 0x08000000, Size: 0x00006a10, Max: 0x00020000, ABSOLUTE)

    Exec Addr    Load Addr    Size         Type   Attr      Idx    E Section Name        Object

    0x08000000   0x08000000   0x000000c0   Data   RO            3    RESET               startup_stm32f072xb.o
    0x080000c0   0x080000c0   0x00000008   Code   RO         4384  * !!!main             c_p.l(__main.o)
    0x080000c8   0x080000c8   0x0000003c   Code   RO         4609    !!!scatter          c_p.l(__scatter.o)
    0x08000104   0x08000104   0x0000001c   Code   RO         4611    !!handler_zi        c_p.l(__scatter_zi.o)
    0x08000120   0x08000120   0x00000002   Code   RO         4472    .ARM.Collect$$libinit$$00000000  c_p.l(libinit.o)
    0x08000122   0x08000122   0x00000000   Code   RO         4488    .ARM.Collect$$libinit$$00000002  c_p.l(libinit2.o)
    0x08000122   0x08000122   0x00000000   Code   RO         4490    .ARM.Collect$$libinit$$00000004  c_p.l(libinit2.o)
    0x08000122   0x08000122   0x00000000   Code   RO         4493    .ARM.Collect$$libinit$$0000000A  c_p.l(libinit2.o)
    0x08000122   0x08000122   0x00000000   Code   RO         4495    .ARM.Collect$$libinit$$0000000C  c_p.l(libinit2.o)
    0x08000122   0x08000122   0x00000000   Code   RO         4497    .ARM.Collect$$libinit$$0000000E  c_p.l(libinit2.o)
    0x08000122   0x08000122   0x00000000   Code   RO         4500    .ARM.Collect$$libinit$$00000011  c_p.l(libinit2.o)
    0x08000122   0x08000122   0x00000000   Code   RO         4502    .ARM.Collect$$libinit$$00000013  c_p.l(libinit2.o)
    0x08000122   0x08000122   0x00000000   Code   RO         4504    .ARM.Collect$$libinit$$00000015  c_p.l(libinit2.o)
    0x08000122   0x08000122   0x00000000   Code   RO         4506    .ARM.Collect$$libinit$$00000017  c_p.l(libinit2.o)
    0x08000122   0x08000122   0x00000000   Code   RO         4508    .ARM.Collect$$libinit$$00000019  c_p.l(libinit2.o)
    0x08000122   0x08000122   0x00000000   Code   RO         4510    .ARM.Collect$$libinit$$0000001B  c_p.l(libinit2.o)
    0x08000122   0x08000122   0x00000000   Code   RO         4512    .ARM.Collect$$libinit$$0000001D  c_p.l(libinit2.o)
    0x08000122   0x08000122   0x00000000   Code   RO         4514    .ARM.Collect$$libinit$$0000001F  c_p.l(libinit2.o)
    0x08000122   0x08000122   0x00000000   Code   RO         4516    .ARM.Collect$$libinit$$00000021  c_p.l(libinit2.o)
    0x08000122   0x08000122   0x00000000   Code   RO         4518    .ARM.Collect$$libinit$$00000023  c_p.l(libinit2.o)
    0x08000122   0x08000122   0x00000000   Code   RO         4520    .ARM.Collect$$libinit$$00000025  c_p.l(libinit2.o)
    0x08000122   0x08000122   0x00000000   Code   RO         4524    .ARM.Collect$$libinit$$0000002C  c_p.l(libinit2.o)
    0x08000122   0x08000122   0x00000000   Code   RO         4526    .ARM.Collect$$libinit$$0000002E  c_p.l(libinit2.o)
    0x08000122   0x08000122   0x00000000   Code   RO         4528    .ARM.Collect$$libinit$$00000030  c_p.l(libinit2.o)
    0x08000122   0x08000122   0x00000000   Code   RO         4530    .ARM.Collect$$libinit$$00000032  c_p.l(libinit2.o)
    0x08000122   0x08000122   0x00000002   Code   RO         4531    .ARM.Collect$$libinit$$00000033  c_p.l(libinit2.o)
    0x08000124   0x08000124   0x00000002   Code   RO         4562    .ARM.Collect$$libshutdown$$00000000  c_p.l(libshutdown.o)
    0x08000126   0x08000126   0x00000000   Code   RO         4588    .ARM.Collect$$libshutdown$$00000002  c_p.l(libshutdown2.o)
    0x08000126   0x08000126   0x00000000   Code   RO         4590    .ARM.Collect$$libshutdown$$00000004  c_p.l(libshutdown2.o)
    0x08000126   0x08000126   0x00000000   Code   RO         4592    .ARM.Collect$$libshutdown$$00000006  c_p.l(libshutdown2.o)
    0x08000126   0x08000126   0x00000000   Code   RO         4595    .ARM.Collect$$libshutdown$$00000009  c_p.l(libshutdown2.o)
    0x08000126   0x08000126   0x00000000   Code   RO         4598    .ARM.Collect$$libshutdown$$0000000C  c_p.l(libshutdown2.o)
    0x08000126   0x08000126   0x00000000   Code   RO         4600    .ARM.Collect$$libshutdown$$0000000E  c_p.l(libshutdown2.o)
    0x08000126   0x08000126   0x00000000   Code   RO         4603    .ARM.Collect$$libshutdown$$00000011  c_p.l(libshutdown2.o)
    0x08000126   0x08000126   0x00000002   Code   RO         4604    .ARM.Collect$$libshutdown$$00000012  c_p.l(libshutdown2.o)
    0x08000128   0x08000128   0x00000000   Code   RO         4423    .ARM.Collect$$rtentry$$00000000  c_p.l(__rtentry.o)
    0x08000128   0x08000128   0x00000000   Code   RO         4438    .ARM.Collect$$rtentry$$00000002  c_p.l(__rtentry2.o)
    0x08000128   0x08000128   0x00000006   Code   RO         4450    .ARM.Collect$$rtentry$$00000004  c_p.l(__rtentry4.o)
    0x0800012e   0x0800012e   0x00000000   Code   RO         4440    .ARM.Collect$$rtentry$$00000009  c_p.l(__rtentry2.o)
    0x0800012e   0x0800012e   0x00000004   Code   RO         4441    .ARM.Collect$$rtentry$$0000000A  c_p.l(__rtentry2.o)
    0x08000132   0x08000132   0x00000000   Code   RO         4443    .ARM.Collect$$rtentry$$0000000C  c_p.l(__rtentry2.o)
    0x08000132   0x08000132   0x00000008   Code   RO         4444    .ARM.Collect$$rtentry$$0000000D  c_p.l(__rtentry2.o)
    0x0800013a   0x0800013a   0x00000002   Code   RO         4479    .ARM.Collect$$rtexit$$00000000  c_p.l(rtexit.o)
    0x0800013c   0x0800013c   0x00000000   Code   RO         4535    .ARM.Collect$$rtexit$$00000002  c_p.l(rtexit2.o)
    0x0800013c   0x0800013c   0x00000004   Code   RO         4536    .ARM.Collect$$rtexit$$00000003  c_p.l(rtexit2.o)
    0x08000140   0x08000140   0x00000006   Code   RO         4537    .ARM.Collect$$rtexit$$00000004  c_p.l(rtexit2.o)
    0x08000146   0x08000146   0x00000002   PAD
    0x08000148   0x08000148   0x00000038   Code   RO            4    .text               startup_stm32f072xb.o
    0x08000180   0x08000180   0x00000102   Code   RO         4374    .text               c_p.l(lludiv.o)
    0x08000282   0x08000282   0x00000040   Code   RO         4376    .text               c_p.l(rt_memclr.o)
    0x080002c2   0x080002c2   0x0000015a   Code   RO         4378    .text               c_p.l(aeabi_sdiv.o)
    0x0800041c   0x0800041c   0x00000006   Code   RO         4382    .text               c_p.l(heapauxi.o)
    0x08000422   0x08000422   0x00000002   PAD
    0x08000424   0x08000424   0x0000007c   Code   RO         4386    .text               fz_ps.l(d2f.o)
    0x080004a0   0x080004a0   0x00000358   Code   RO         4388    .text               fz_ps.l(daddsub.o)
    0x080007f8   0x080007f8   0x00000448   Code   RO         4390    .text               fz_ps.l(ddiv.o)
    0x08000c40   0x08000c40   0x0000006c   Code   RO         4393    .text               fz_ps.l(dfixi.o)
    0x08000cac   0x08000cac   0x00000058   Code   RO         4395    .text               fz_ps.l(dflti.o)
    0x08000d04   0x08000d04   0x00000248   Code   RO         4399    .text               fz_ps.l(dmul.o)
    0x08000f4c   0x08000f4c   0x00000054   Code   RO         4401    .text               fz_ps.l(f2d.o)
    0x08000fa0   0x08000fa0   0x0000004c   Code   RO         4409    .text               fz_ps.l(ffixi.o)
    0x08000fec   0x08000fec   0x0000005e   Code   RO         4411    .text               fz_ps.l(fflti.o)
    0x0800104a   0x0800104a   0x00000002   PAD
    0x0800104c   0x0800104c   0x00000090   Code   RO         4432    .text               fz_ps.l(dcmpin.o)
    0x080010dc   0x080010dc   0x0000002e   Code   RO         4454    .text               fz_ps.l(cmpret.o)
    0x0800110a   0x0800110a   0x00000002   PAD
    0x0800110c   0x0800110c   0x00000014   Code   RO         4456    .text               fz_ps.l(dnan2.o)
    0x08001120   0x08001120   0x0000003e   Code   RO         4458    .text               c_p.l(sys_stackheap_outer.o)
    0x0800115e   0x0800115e   0x00000010   Code   RO         4461    .text               c_p.l(exit.o)
    0x0800116e   0x0800116e   0x0000005e   Code   RO         4473    .text               fz_ps.l(retnan.o)
    0x080011cc   0x080011cc   0x00000008   Code   RO         4475    .text               c_p.l(libspace.o)
    0x080011d4   0x080011d4   0x0000000c   Code   RO         4532    .text               c_p.l(sys_exit.o)
    0x080011e0   0x080011e0   0x00000002   Code   RO         4551    .text               c_p.l(use_no_semi.o)
    0x080011e2   0x080011e2   0x00000000   Code   RO         4553    .text               c_p.l(indicate_semi.o)
    0x080011e2   0x080011e2   0x00000056   Code   RO         4607    .text               c_p.l(__dczerorl2.o)
    0x08001238   0x08001238   0x00000010   Code   RO          898    i.ADC1_COMP_IRQHandler  stm32f0xx_it.o
    0x08001248   0x08001248   0x0000006c   Code   RO         1088    i.ADC_DMAConvCplt   stm32f0xx_hal_adc.o
    0x080012b4   0x080012b4   0x0000001a   Code   RO         1089    i.ADC_DMAError      stm32f0xx_hal_adc.o
    0x080012ce   0x080012ce   0x0000000a   Code   RO         1090    i.ADC_DMAHalfConvCplt  stm32f0xx_hal_adc.o
    0x080012d8   0x080012d8   0x00000090   Code   RO         1092    i.ADC_Enable        stm32f0xx_hal_adc.o
    0x08001368   0x08001368   0x00000010   Code   RO          899    i.DMA1_Channel1_IRQHandler  stm32f0xx_it.o
    0x08001378   0x08001378   0x00000024   Code   RO         2191    i.DMA_CalcBaseAndBitshift  stm32f0xx_hal_dma.o
    0x0800139c   0x0800139c   0x00000028   Code   RO         2192    i.DMA_SetConfig     stm32f0xx_hal_dma.o
    0x080013c4   0x080013c4   0x0000000a   Code   RO          900    i.EXTI0_1_IRQHandler  stm32f0xx_it.o
    0x080013ce   0x080013ce   0x00000056   Code   RO          901    i.EXTI4_15_IRQHandler  stm32f0xx_it.o
    0x08001424   0x08001424   0x00000004   Code   RO          817    i.Error_Handler     main.o
    0x08001428   0x08001428   0x000000b8   Code   RO         1263    i.HAL_ADCEx_Calibration_Start  stm32f0xx_hal_adc_ex.o
    0x080014e0   0x080014e0   0x0000012c   Code   RO         1094    i.HAL_ADC_ConfigChannel  stm32f0xx_hal_adc.o
    0x0800160c   0x0800160c   0x0000018c   Code   RO          391    i.HAL_ADC_ConvCpltCallback  sp100_adc_isr.o
    0x08001798   0x08001798   0x00000002   Code   RO         1096    i.HAL_ADC_ConvHalfCpltCallback  stm32f0xx_hal_adc.o
    0x0800179a   0x0800179a   0x00000002   Code   RO         1098    i.HAL_ADC_ErrorCallback  stm32f0xx_hal_adc.o
    0x0800179c   0x0800179c   0x000000d0   Code   RO         1102    i.HAL_ADC_IRQHandler  stm32f0xx_hal_adc.o
    0x0800186c   0x0800186c   0x00000178   Code   RO         1103    i.HAL_ADC_Init      stm32f0xx_hal_adc.o
    0x080019e4   0x080019e4   0x00000002   Code   RO         1104    i.HAL_ADC_LevelOutOfWindowCallback  stm32f0xx_hal_adc.o
    0x080019e6   0x080019e6   0x00000002   PAD
    0x080019e8   0x080019e8   0x0000009c   Code   RO         1001    i.HAL_ADC_MspInit   stm32f0xx_hal_msp.o
    0x08001a84   0x08001a84   0x000000a0   Code   RO         1110    i.HAL_ADC_Start_DMA  stm32f0xx_hal_adc.o
    0x08001b24   0x08001b24   0x00000002   Code   RO         2913    i.HAL_DACEx_DMAUnderrunCallbackCh2  stm32f0xx_hal_dac_ex.o
    0x08001b26   0x08001b26   0x00000002   PAD
    0x08001b28   0x08001b28   0x00000038   Code   RO         2919    i.HAL_DAC_ConfigChannel  stm32f0xx_hal_dac_ex.o
    0x08001b60   0x08001b60   0x00000002   Code   RO         2786    i.HAL_DAC_DMAUnderrunCallbackCh1  stm32f0xx_hal_dac.o
    0x08001b62   0x08001b62   0x00000062   Code   RO         2921    i.HAL_DAC_IRQHandler  stm32f0xx_hal_dac_ex.o
    0x08001bc4   0x08001bc4   0x0000002a   Code   RO         2793    i.HAL_DAC_Init      stm32f0xx_hal_dac.o
    0x08001bee   0x08001bee   0x00000002   PAD
    0x08001bf0   0x08001bf0   0x00000068   Code   RO         1003    i.HAL_DAC_MspInit   stm32f0xx_hal_msp.o
    0x08001c58   0x08001c58   0x0000001c   Code   RO         2796    i.HAL_DAC_SetValue  stm32f0xx_hal_dac.o
    0x08001c74   0x08001c74   0x00000054   Code   RO         2922    i.HAL_DAC_Start     stm32f0xx_hal_dac_ex.o
    0x08001cc8   0x08001cc8   0x0000009c   Code   RO         2198    i.HAL_DMA_IRQHandler  stm32f0xx_hal_dma.o
    0x08001d64   0x08001d64   0x00000054   Code   RO         2199    i.HAL_DMA_Init      stm32f0xx_hal_dma.o
    0x08001db8   0x08001db8   0x0000006a   Code   RO         2203    i.HAL_DMA_Start_IT  stm32f0xx_hal_dma.o
    0x08001e22   0x08001e22   0x00000002   PAD
    0x08001e24   0x08001e24   0x000001bc   Code   RO          506    i.HAL_GPIO_EXTI_Callback  sp100_ext_isr.o
    0x08001fe0   0x08001fe0   0x00000018   Code   RO         2131    i.HAL_GPIO_EXTI_IRQHandler  stm32f0xx_hal_gpio.o
    0x08001ff8   0x08001ff8   0x000001b4   Code   RO         2132    i.HAL_GPIO_Init     stm32f0xx_hal_gpio.o
    0x080021ac   0x080021ac   0x0000000a   Code   RO         2134    i.HAL_GPIO_ReadPin  stm32f0xx_hal_gpio.o
    0x080021b6   0x080021b6   0x0000000c   Code   RO         2136    i.HAL_GPIO_WritePin  stm32f0xx_hal_gpio.o
    0x080021c2   0x080021c2   0x00000002   PAD
    0x080021c4   0x080021c4   0x0000000c   Code   RO         1472    i.HAL_GetTick       stm32f0xx_hal.o
    0x080021d0   0x080021d0   0x0000004a   Code   RO         2079    i.HAL_I2CEx_ConfigAnalogFilter  stm32f0xx_hal_i2c_ex.o
    0x0800221a   0x0800221a   0x00000048   Code   RO         2080    i.HAL_I2CEx_ConfigDigitalFilter  stm32f0xx_hal_i2c_ex.o
    0x08002262   0x08002262   0x00000002   PAD
    0x08002264   0x08002264   0x000000b4   Code   RO         1632    i.HAL_I2C_Init      stm32f0xx_hal_i2c.o
    0x08002318   0x08002318   0x00000110   Code   RO         1638    i.HAL_I2C_Master_Receive  stm32f0xx_hal_i2c.o
    0x08002428   0x08002428   0x00000110   Code   RO         1645    i.HAL_I2C_Master_Transmit  stm32f0xx_hal_i2c.o
    0x08002538   0x08002538   0x00000068   Code   RO         1005    i.HAL_I2C_MspInit   stm32f0xx_hal_msp.o
    0x080025a0   0x080025a0   0x00000010   Code   RO         1478    i.HAL_IncTick       stm32f0xx_hal.o
    0x080025b0   0x080025b0   0x00000020   Code   RO         1479    i.HAL_Init          stm32f0xx_hal.o
    0x080025d0   0x080025d0   0x00000044   Code   RO         1480    i.HAL_InitTick      stm32f0xx_hal.o
    0x08002614   0x08002614   0x00000028   Code   RO         1006    i.HAL_MspInit       stm32f0xx_hal_msp.o
    0x0800263c   0x0800263c   0x00000018   Code   RO         2289    i.HAL_NVIC_EnableIRQ  stm32f0xx_hal_cortex.o
    0x08002654   0x08002654   0x00000008   Code   RO         2293    i.HAL_NVIC_SetPriority  stm32f0xx_hal_cortex.o
    0x0800265c   0x0800265c   0x00000114   Code   RO         1284    i.HAL_RCC_ClockConfig  stm32f0xx_hal_rcc.o
    0x08002770   0x08002770   0x00000094   Code   RO         1292    i.HAL_RCC_GetSysClockFreq  stm32f0xx_hal_rcc.o
    0x08002804   0x08002804   0x00000404   Code   RO         1295    i.HAL_RCC_OscConfig  stm32f0xx_hal_rcc.o
    0x08002c08   0x08002c08   0x000000ee   Code   RO         3041    i.HAL_SPI_Init      stm32f0xx_hal_spi.o
    0x08002cf6   0x08002cf6   0x00000002   PAD
    0x08002cf8   0x08002cf8   0x00000060   Code   RO         1008    i.HAL_SPI_MspInit   stm32f0xx_hal_msp.o
    0x08002d58   0x08002d58   0x000001f2   Code   RO         3050    i.HAL_SPI_TransmitReceive  stm32f0xx_hal_spi.o
    0x08002f4a   0x08002f4a   0x00000002   PAD
    0x08002f4c   0x08002f4c   0x00000030   Code   RO         2297    i.HAL_SYSTICK_Config  stm32f0xx_hal_cortex.o
    0x08002f7c   0x08002f7c   0x00000002   Code   RO         4075    i.HAL_TIMEx_BreakCallback  stm32f0xx_hal_tim_ex.o
    0x08002f7e   0x08002f7e   0x00000002   Code   RO         4076    i.HAL_TIMEx_CommutCallback  stm32f0xx_hal_tim_ex.o
    0x08002f80   0x08002f80   0x00000060   Code   RO         4094    i.HAL_TIMEx_MasterConfigSynchronization  stm32f0xx_hal_tim_ex.o
    0x08002fe0   0x08002fe0   0x00000048   Code   RO         3375    i.HAL_TIM_Base_Init  stm32f0xx_hal_tim.o
    0x08003028   0x08003028   0x000000fc   Code   RO         1010    i.HAL_TIM_Base_MspInit  stm32f0xx_hal_msp.o
    0x08003124   0x08003124   0x00000050   Code   RO         3378    i.HAL_TIM_Base_Start  stm32f0xx_hal_tim.o
    0x08003174   0x08003174   0x00000058   Code   RO         3380    i.HAL_TIM_Base_Start_IT  stm32f0xx_hal_tim.o
    0x080031cc   0x080031cc   0x00000034   Code   RO         3383    i.HAL_TIM_Base_Stop_IT  stm32f0xx_hal_tim.o
    0x08003200   0x08003200   0x000000dc   Code   RO         3384    i.HAL_TIM_ConfigClockSource  stm32f0xx_hal_tim.o
    0x080032dc   0x080032dc   0x00000002   Code   RO         3409    i.HAL_TIM_IC_CaptureCallback  stm32f0xx_hal_tim.o
    0x080032de   0x080032de   0x00000162   Code   RO         3423    i.HAL_TIM_IRQHandler  stm32f0xx_hal_tim.o
    0x08003440   0x08003440   0x00000050   Code   RO         1011    i.HAL_TIM_MspPostInit  stm32f0xx_hal_msp.o
    0x08003490   0x08003490   0x00000002   Code   RO         3426    i.HAL_TIM_OC_DelayElapsedCallback  stm32f0xx_hal_tim.o
    0x08003492   0x08003492   0x000000d0   Code   RO         3447    i.HAL_TIM_PWM_ConfigChannel  stm32f0xx_hal_tim.o
    0x08003562   0x08003562   0x00000048   Code   RO         3450    i.HAL_TIM_PWM_Init  stm32f0xx_hal_tim.o
    0x080035aa   0x080035aa   0x00000002   Code   RO         3452    i.HAL_TIM_PWM_MspInit  stm32f0xx_hal_tim.o
    0x080035ac   0x080035ac   0x00000002   Code   RO         3453    i.HAL_TIM_PWM_PulseFinishedCallback  stm32f0xx_hal_tim.o
    0x080035ae   0x080035ae   0x00000002   PAD
    0x080035b0   0x080035b0   0x000000b0   Code   RO         3455    i.HAL_TIM_PWM_Start  stm32f0xx_hal_tim.o
    0x08003660   0x08003660   0x00000002   Code   RO         3461    i.HAL_TIM_PeriodElapsedCallback  stm32f0xx_hal_tim.o
    0x08003662   0x08003662   0x00000002   Code   RO         3466    i.HAL_TIM_TriggerCallback  stm32f0xx_hal_tim.o
    0x08003664   0x08003664   0x00000002   Code   RO          902    i.HardFault_Handler  stm32f0xx_it.o
    0x08003666   0x08003666   0x00000022   Code   RO         1679    i.I2C_Flush_TXDR    stm32f0xx_hal_i2c.o
    0x08003688   0x08003688   0x00000088   Code   RO         1687    i.I2C_IsAcknowledgeFailed  stm32f0xx_hal_i2c.o
    0x08003710   0x08003710   0x00000028   Code   RO         1694    i.I2C_TransferConfig  stm32f0xx_hal_i2c.o
    0x08003738   0x08003738   0x0000004e   Code   RO         1696    i.I2C_WaitOnFlagUntilTimeout  stm32f0xx_hal_i2c.o
    0x08003786   0x08003786   0x00000002   PAD
    0x08003788   0x08003788   0x00000080   Code   RO         1697    i.I2C_WaitOnRXNEFlagUntilTimeout  stm32f0xx_hal_i2c.o
    0x08003808   0x08003808   0x0000004c   Code   RO         1698    i.I2C_WaitOnSTOPFlagUntilTimeout  stm32f0xx_hal_i2c.o
    0x08003854   0x08003854   0x00000050   Code   RO         1699    i.I2C_WaitOnTXISFlagUntilTimeout  stm32f0xx_hal_i2c.o
    0x080038a4   0x080038a4   0x000000dc   Code   RO          818    i.MX_ADC_Init       main.o
    0x08003980   0x08003980   0x00000028   Code   RO          819    i.MX_DMA_Init       main.o
    0x080039a8   0x080039a8   0x00000168   Code   RO          820    i.MX_GPIO_Init      main.o
    0x08003b10   0x08003b10   0x00000058   Code   RO          821    i.MX_I2C2_Init      main.o
    0x08003b68   0x08003b68   0x0000004c   Code   RO          822    i.MX_SPI1_Init      main.o
    0x08003bb4   0x08003bb4   0x00000070   Code   RO          823    i.MX_TIM15_Init     main.o
    0x08003c24   0x08003c24   0x00000070   Code   RO          824    i.MX_TIM1_Init      main.o
    0x08003c94   0x08003c94   0x00000070   Code   RO          825    i.MX_TIM2_Init      main.o
    0x08003d04   0x08003d04   0x000000a0   Code   RO          826    i.MX_TIM3_Init      main.o
    0x08003da4   0x08003da4   0x00000002   Code   RO          903    i.NMI_Handler       stm32f0xx_it.o
    0x08003da6   0x08003da6   0x00000002   Code   RO          904    i.PendSV_Handler    stm32f0xx_it.o
    0x08003da8   0x08003da8   0x00000028   Code   RO          393    i.SP100_ADC_Init    sp100_adc_isr.o
    0x08003dd0   0x08003dd0   0x00000234   Code   RO          430    i.SP100_Airmix_Auto_Calculate  sp100_atc_ccu.o
    0x08004004   0x08004004   0x00000024   Code   RO          283    i.SP100_Airmix_FWD  sp100_airmix.o
    0x08004028   0x08004028   0x00000174   Code   RO          284    i.SP100_Airmix_Handler  sp100_airmix.o
    0x0800419c   0x0800419c   0x00000024   Code   RO          285    i.SP100_Airmix_RVS  sp100_airmix.o
    0x080041c0   0x080041c0   0x0000001e   Code   RO          286    i.SP100_Airmix_STP  sp100_airmix.o
    0x080041de   0x080041de   0x00000002   PAD
    0x080041e0   0x080041e0   0x00000030   Code   RO          322    i.SP100_Blower_Down  sp100_blower.o
    0x08004210   0x08004210   0x0000003e   Code   RO          323    i.SP100_Blower_Get_State_Num  sp100_blower.o
    0x0800424e   0x0800424e   0x00000002   PAD
    0x08004250   0x08004250   0x0000006c   Code   RO          324    i.SP100_Blower_Handler  sp100_blower.o
    0x080042bc   0x080042bc   0x00000028   Code   RO          325    i.SP100_Blower_Init  sp100_blower.o
    0x080042e4   0x080042e4   0x0000003c   Code   RO          326    i.SP100_Blower_OFF  sp100_blower.o
    0x08004320   0x08004320   0x0000003c   Code   RO          327    i.SP100_Blower_State_Down  sp100_blower.o
    0x0800435c   0x0800435c   0x0000003c   Code   RO          328    i.SP100_Blower_State_Up  sp100_blower.o
    0x08004398   0x08004398   0x00000030   Code   RO          329    i.SP100_Blower_Up   sp100_blower.o
    0x080043c8   0x080043c8   0x000002d0   Code   RO          431    i.SP100_CCU_Auto_Calculations  sp100_atc_ccu.o
    0x08004698   0x08004698   0x000001a4   Code   RO          432    i.SP100_CCU_Infinite_Loop  sp100_atc_ccu.o
    0x0800483c   0x0800483c   0x00000034   Code   RO          433    i.SP100_CCU_Init    sp100_atc_ccu.o
    0x08004870   0x08004870   0x00000014   Code   RO          434    i.SP100_CCU_State_Updater  sp100_atc_ccu.o
    0x08004884   0x08004884   0x00000320   Code   RO          435    i.SP100_CCU_Switch_Handler  sp100_atc_ccu.o
    0x08004ba4   0x08004ba4   0x00000014   Code   RO           12    i.SP100_Compressor_OFF  sp100_intake.o
    0x08004bb8   0x08004bb8   0x00000014   Code   RO           13    i.SP100_Compressor_ON  sp100_intake.o
    0x08004bcc   0x08004bcc   0x0000000c   Code   RO          436    i.SP100_Delay       sp100_atc_ccu.o
    0x08004bd8   0x08004bd8   0x00000020   Code   RO           14    i.SP100_Intake_Fresh  sp100_intake.o
    0x08004bf8   0x08004bf8   0x0000002c   Code   RO           15    i.SP100_Intake_Handler  sp100_intake.o
    0x08004c24   0x08004c24   0x00000020   Code   RO           16    i.SP100_Intake_Recycle  sp100_intake.o
    0x08004c44   0x08004c44   0x0000003c   Code   RO          576    i.SP100_LCD_AC_Handler  sp100_lcd.o
    0x08004c80   0x08004c80   0x00000058   Code   RO          577    i.SP100_LCD_ALL_SEG  sp100_lcd.o
    0x08004cd8   0x08004cd8   0x00000034   Code   RO          580    i.SP100_LCD_Auto_Handler  sp100_lcd.o
    0x08004d0c   0x08004d0c   0x0000000c   Code   RO          581    i.SP100_LCD_Backlight  sp100_lcd.o
    0x08004d18   0x08004d18   0x0000040c   Code   RO          582    i.SP100_LCD_Blower_Handler  sp100_lcd.o
    0x08005124   0x08005124   0x0000001c   Code   RO          584    i.SP100_LCD_Command  sp100_lcd.o
    0x08005140   0x08005140   0x00000044   Code   RO          587    i.SP100_LCD_Init    sp100_lcd.o
    0x08005184   0x08005184   0x00000094   Code   RO          588    i.SP100_LCD_Mode_Handler  sp100_lcd.o
    0x08005218   0x08005218   0x000001a8   Code   RO          590    i.SP100_LCD_OFF_State  sp100_lcd.o
    0x080053c0   0x080053c0   0x00000170   Code   RO          595    i.SP100_LCD_Print_Out_Temp  sp100_lcd.o
    0x08005530   0x08005530   0x0000023c   Code   RO          596    i.SP100_LCD_Print_Temp  sp100_lcd.o
    0x0800576c   0x0800576c   0x0000003c   Code   RO          597    i.SP100_LCD_R_DEF_Handler  sp100_lcd.o
    0x080057a8   0x080057a8   0x0000002c   Code   RO          598    i.SP100_LCD_SEG_OFF  sp100_lcd.o
    0x080057d4   0x080057d4   0x0000002c   Code   RO          599    i.SP100_LCD_SEG_ON  sp100_lcd.o
    0x08005800   0x08005800   0x00000030   Code   RO          600    i.SP100_LCD_SEG_Read  sp100_lcd.o
    0x08005830   0x08005830   0x000000c0   Code   RO          601    i.SP100_LCD_SetPoint_High  sp100_lcd.o
    0x080058f0   0x080058f0   0x000000c0   Code   RO          602    i.SP100_LCD_SetPoint_Low  sp100_lcd.o
    0x080059b0   0x080059b0   0x0000003c   Code   RO          607    i.SP100_LCD_Show_Out_Temp  sp100_lcd.o
    0x080059ec   0x080059ec   0x0000003c   Code   RO          608    i.SP100_LCD_Show_Set_Point  sp100_lcd.o
    0x08005a28   0x08005a28   0x00000094   Code   RO          612    i.SP100_LCD_Update  sp100_lcd.o
    0x08005abc   0x08005abc   0x0000004c   Code   RO          239    i.SP100_Mode_FWD    sp100_mode.o
    0x08005b08   0x08005b08   0x0000008c   Code   RO          240    i.SP100_Mode_Handler  sp100_mode.o
    0x08005b94   0x08005b94   0x0000004c   Code   RO          241    i.SP100_Mode_RVS    sp100_mode.o
    0x08005be0   0x08005be0   0x0000003c   Code   RO          242    i.SP100_Mode_STP    sp100_mode.o
    0x08005c1c   0x08005c1c   0x00000014   Code   RO           18    i.SP100_R_DEF_OFF   sp100_intake.o
    0x08005c30   0x08005c30   0x00000014   Code   RO           19    i.SP100_R_DEF_ON    sp100_intake.o
    0x08005c44   0x08005c44   0x0000005c   Code   RO          200    i.SP100_TLE_Ctrl_Register_Read  sp100_tle94108es.o
    0x08005ca0   0x08005ca0   0x00000058   Code   RO          201    i.SP100_TLE_Ctrl_Register_Write  sp100_tle94108es.o
    0x08005cf8   0x08005cf8   0x00000024   Code   RO          203    i.SP100_TLE_Init    sp100_tle94108es.o
    0x08005d1c   0x08005d1c   0x0000004c   Code   RO         3079    i.SPI_EndRxTxTransaction  stm32f0xx_hal_spi.o
    0x08005d68   0x08005d68   0x000000d8   Code   RO         3084    i.SPI_WaitFifoStateUntilTimeout  stm32f0xx_hal_spi.o
    0x08005e40   0x08005e40   0x000000b8   Code   RO         3085    i.SPI_WaitFlagStateUntilTimeout  stm32f0xx_hal_spi.o
    0x08005ef8   0x08005ef8   0x00000002   Code   RO          905    i.SVC_Handler       stm32f0xx_it.o
    0x08005efa   0x08005efa   0x00000008   Code   RO          906    i.SysTick_Handler   stm32f0xx_it.o
    0x08005f02   0x08005f02   0x00000056   Code   RO          827    i.SystemClock_Config  main.o
    0x08005f58   0x08005f58   0x00000002   Code   RO         4339    i.SystemInit        system_stm32f0xx.o
    0x08005f5a   0x08005f5a   0x00000002   PAD
    0x08005f5c   0x08005f5c   0x00000010   Code   RO          907    i.TIM14_IRQHandler  stm32f0xx_it.o
    0x08005f6c   0x08005f6c   0x00000010   Code   RO          908    i.TIM15_IRQHandler  stm32f0xx_it.o
    0x08005f7c   0x08005f7c   0x00000010   Code   RO          909    i.TIM2_IRQHandler   stm32f0xx_it.o
    0x08005f8c   0x08005f8c   0x00000018   Code   RO          910    i.TIM6_DAC_IRQHandler  stm32f0xx_it.o
    0x08005fa4   0x08005fa4   0x00000010   Code   RO          911    i.TIM7_IRQHandler   stm32f0xx_it.o
    0x08005fb4   0x08005fb4   0x00000094   Code   RO         3468    i.TIM_Base_SetConfig  stm32f0xx_hal_tim.o
    0x08006048   0x08006048   0x0000001a   Code   RO         3469    i.TIM_CCxChannelCmd  stm32f0xx_hal_tim.o
    0x08006062   0x08006062   0x00000016   Code   RO         3479    i.TIM_ETR_SetConfig  stm32f0xx_hal_tim.o
    0x08006078   0x08006078   0x00000010   Code   RO         3480    i.TIM_ITRx_SetConfig  stm32f0xx_hal_tim.o
    0x08006088   0x08006088   0x00000088   Code   RO         3481    i.TIM_OC1_SetConfig  stm32f0xx_hal_tim.o
    0x08006110   0x08006110   0x00000080   Code   RO         3482    i.TIM_OC2_SetConfig  stm32f0xx_hal_tim.o
    0x08006190   0x08006190   0x00000084   Code   RO         3483    i.TIM_OC3_SetConfig  stm32f0xx_hal_tim.o
    0x08006214   0x08006214   0x0000006c   Code   RO         3484    i.TIM_OC4_SetConfig  stm32f0xx_hal_tim.o
    0x08006280   0x08006280   0x00000022   Code   RO         3486    i.TIM_TI1_ConfigInputStage  stm32f0xx_hal_tim.o
    0x080062a2   0x080062a2   0x00000026   Code   RO         3488    i.TIM_TI2_ConfigInputStage  stm32f0xx_hal_tim.o
    0x080062c8   0x080062c8   0x00000030   Code   RO         1369    i.__ARM_common_ll_muluu  stm32f0xx_hal_rcc.o
    0x080062f8   0x080062f8   0x0000001a   Code   RO          272    i.__ARM_common_switch8  sp100_mode.o
    0x08006312   0x08006312   0x00000002   PAD
    0x08006314   0x08006314   0x00000044   Code   RO         2299    i.__NVIC_SetPriority  stm32f0xx_hal_cortex.o
    0x08006358   0x08006358   0x000000c8   Code   RO         4416    i.ceil              m_ps.l(ceil.o)
    0x08006420   0x08006420   0x000000c8   Code   RO         4420    i.floor             m_ps.l(floor.o)
    0x080064e8   0x080064e8   0x0000011c   Code   RO          828    i.main              main.o
    0x08006604   0x08006604   0x00000064   Code   RO         4397    x$fpl$dleqf         fz_ps.l(dlef.o)
    0x08006668   0x08006668   0x00000068   Code   RO         4434    x$fpl$drleqf        fz_ps.l(drlef.o)
    0x080066d0   0x080066d0   0x0000008c   Code   RO         4403    x$fpl$fadd          fz_ps.l(faddsub.o)
    0x0800675c   0x0800675c   0x000000b0   Code   RO         4413    x$fpl$fmul          fz_ps.l(fmul.o)
    0x0800680c   0x0800680c   0x000000d0   Code   RO         4405    x$fpl$fsub          fz_ps.l(faddsub.o)
    0x080068dc   0x080068dc   0x00000000   Code   RO         4436    x$fpl$usenofp       fz_ps.l(usenofp.o)
    0x080068dc   0x080068dc   0x00000082   Data   RO          613    .constdata          sp100_lcd.o
    0x0800695e   0x0800695e   0x00000010   Data   RO         4340    .constdata          system_stm32f0xx.o
    0x0800696e   0x0800696e   0x00000080   Data   RO         4391    .constdata          fz_ps.l(ddiv.o)
    0x080069ee   0x080069ee   0x00000002   PAD
    0x080069f0   0x080069f0   0x00000020   Data   RO         4605    Region$$Table       anon$$obj.o


    Execution Region RW_IRAM1 (Exec base: 0x20000000, Load base: 0x08006a10, Size: 0x00000b18, Max: 0x00004000, ABSOLUTE, COMPRESSED[0x000000b0])

    Exec Addr    Load Addr    Size         Type   Attr      Idx    E Section Name        Object

    0x20000000   COMPRESSED   0x00000004   Data   RW          330    .data               sp100_blower.o
    0x20000004   COMPRESSED   0x00000004   Data   RW          438    .data               sp100_atc_ccu.o
    0x20000008   COMPRESSED   0x00000001   Data   RW          524    .data               sp100_global_variables.o
    0x20000009   COMPRESSED   0x00000001   Data   RW          525    .data               sp100_global_variables.o
    0x2000000a   COMPRESSED   0x00000001   Data   RW          526    .data               sp100_global_variables.o
    0x2000000b   COMPRESSED   0x00000001   Data   RW          527    .data               sp100_global_variables.o
    0x2000000c   COMPRESSED   0x00000001   Data   RW          528    .data               sp100_global_variables.o
    0x2000000d   COMPRESSED   0x00000001   Data   RW          529    .data               sp100_global_variables.o
    0x2000000e   COMPRESSED   0x00000001   Data   RW          530    .data               sp100_global_variables.o
    0x2000000f   COMPRESSED   0x00000001   Data   RW          532    .data               sp100_global_variables.o
    0x20000010   COMPRESSED   0x00000001   Data   RW          537    .data               sp100_global_variables.o
    0x20000011   COMPRESSED   0x00000001   Data   RW          538    .data               sp100_global_variables.o
    0x20000012   COMPRESSED   0x00000001   Data   RW          539    .data               sp100_global_variables.o
    0x20000013   COMPRESSED   0x00000001   Data   RW          540    .data               sp100_global_variables.o
    0x20000014   COMPRESSED   0x00000001   Data   RW          546    .data               sp100_global_variables.o
    0x20000015   COMPRESSED   0x00000001   Data   RW          547    .data               sp100_global_variables.o
    0x20000016   COMPRESSED   0x00000001   Data   RW          548    .data               sp100_global_variables.o
    0x20000017   COMPRESSED   0x00000001   Data   RW          550    .data               sp100_global_variables.o
    0x20000018   COMPRESSED   0x00000001   Data   RW          551    .data               sp100_global_variables.o
    0x20000019   COMPRESSED   0x00000003   PAD
    0x2000001c   COMPRESSED   0x00000004   Data   RW          556    .data               sp100_global_variables.o
    0x20000020   COMPRESSED   0x00000004   Data   RW          557    .data               sp100_global_variables.o
    0x20000024   COMPRESSED   0x00000004   Data   RW          558    .data               sp100_global_variables.o
    0x20000028   COMPRESSED   0x00000004   Data   RW          559    .data               sp100_global_variables.o
    0x2000002c   COMPRESSED   0x00000004   Data   RW          560    .data               sp100_global_variables.o
    0x20000030   COMPRESSED   0x00000004   Data   RW          561    .data               sp100_global_variables.o
    0x20000034   COMPRESSED   0x00000004   Data   RW          562    .data               sp100_global_variables.o
    0x20000038   COMPRESSED   0x00000004   Data   RW          563    .data               sp100_global_variables.o
    0x2000003c   COMPRESSED   0x00000004   Data   RW          564    .data               sp100_global_variables.o
    0x20000040   COMPRESSED   0x00000004   Data   RW          565    .data               sp100_global_variables.o
    0x20000044   COMPRESSED   0x00000112   Data   RW          614    .data               sp100_lcd.o
    0x20000156   COMPRESSED   0x00000002   PAD
    0x20000158   COMPRESSED   0x0000000c   Data   RW         1486    .data               stm32f0xx_hal.o
    0x20000164   COMPRESSED   0x00000004   Data   RW         4342    .data               system_stm32f0xx.o
    0x20000168        -       0x0000000e   Zero   RW          394    .bss                sp100_adc_isr.o
    0x20000176   COMPRESSED   0x00000002   PAD
    0x20000178        -       0x000002fc   Zero   RW          829    .bss                main.o
    0x20000474        -       0x00000044   Zero   RW          830    .bss                main.o
    0x200004b8        -       0x00000060   Zero   RW         4476    .bss                c_p.l(libspace.o)
    0x20000518        -       0x00000200   Zero   RW            2    HEAP                startup_stm32f072xb.o
    0x20000718        -       0x00000400   Zero   RW            1    STACK               startup_stm32f072xb.o


==============================================================================

Image component sizes


      Code (inc. data)   RO Data    RW Data    ZI Data      Debug   Object Name

      1654        136          0          0        832       8541   main.o
       436        120          0          0         14       1754   sp100_adc_isr.o
       474        104          0          0          0       2742   sp100_airmix.o
      2588        328          0          4          0       7049   sp100_atc_ccu.o
       486        110          0          4          0       4664   sp100_blower.o
       444         26          0          0          0        881   sp100_ext_isr.o
         0          0          0         57          0       2541   sp100_global_variables.o
       188          4          0          0          0     493573   sp100_intake.o
      3704        330        130        274          0      16869   sp100_lcd.o
       378         78          0          0          0       2240   sp100_mode.o
       216         20          0          0          0       1828   sp100_tle94108es.o
        56         26        192          0       1536        652   startup_stm32f072xb.o
       128         26          0         12          0       8013   stm32f0xx_hal.o
      1338         56          0          0          0       8510   stm32f0xx_hal_adc.o
       184          0          0          0          0       1414   stm32f0xx_hal_adc_ex.o
       148         24          0          0          0      10377   stm32f0xx_hal_cortex.o
        72          0          0          0          0       2371   stm32f0xx_hal_dac.o
       240          4          0          0          0       3168   stm32f0xx_hal_dac_ex.o
       422         16          0          0          0       4207   stm32f0xx_hal_dma.o
       482         36          0          0          0       3406   stm32f0xx_hal_gpio.o
      1296         42          0          0          0      10506   stm32f0xx_hal_i2c.o
       146          0          0          0          0       1943   stm32f0xx_hal_i2c_ex.o
       832        102          0          0          0       5302   stm32f0xx_hal_msp.o
      1500         84          0          0          0       4382   stm32f0xx_hal_rcc.o
      1212          8          0          0          0       6401   stm32f0xx_hal_spi.o
      2122        150          0          0          0      17970   stm32f0xx_hal_tim.o
       100         12          0          0          0       2409   stm32f0xx_hal_tim_ex.o
       232         44          0          0          0       6488   stm32f0xx_it.o
         2          0         16          4          0       1155   system_stm32f0xx.o

    ----------------------------------------------------------------------
     21108       1886        370        360       2384     641356   Object Totals
         0          0         32          0          0          0   (incl. Generated)
        28          0          0          5          2          0   (incl. Padding)

    ----------------------------------------------------------------------

      Code (inc. data)   RO Data    RW Data    ZI Data      Debug   Library Member Name

        86          0          0          0          0          0   __dczerorl2.o
         8          0          0          0          0         68   __main.o
         0          0          0          0          0          0   __rtentry.o
        12          0          0          0          0          0   __rtentry2.o
         6          0          0          0          0          0   __rtentry4.o
        60          8          0          0          0          0   __scatter.o
        28          0          0          0          0          0   __scatter_zi.o
       346          0          0          0          0         92   aeabi_sdiv.o
        16          0          0          0          0         68   exit.o
         6          0          0          0          0        136   heapauxi.o
         0          0          0          0          0          0   indicate_semi.o
         2          0          0          0          0          0   libinit.o
         2          0          0          0          0          0   libinit2.o
         2          0          0          0          0          0   libshutdown.o
         2          0          0          0          0          0   libshutdown2.o
         8          4          0          0         96         68   libspace.o
       258          0          0          0          0         88   lludiv.o
        64          0          0          0          0        108   rt_memclr.o
         2          0          0          0          0          0   rtexit.o
        10          0          0          0          0          0   rtexit2.o
        12          4          0          0          0         60   sys_exit.o
        62          0          0          0          0         80   sys_stackheap_outer.o
         2          0          0          0          0         68   use_no_semi.o
        46          0          0          0          0         60   cmpret.o
       124          4          0          0          0         72   d2f.o
       856         20          0          0          0        208   daddsub.o
       144          4          0          0          0         76   dcmpin.o
      1096         26        128          0          0        112   ddiv.o
       108         10          0          0          0         72   dfixi.o
        88          0          0          0          0         92   dflti.o
       100          4          0          0          0         92   dlef.o
       584         26          0          0          0         84   dmul.o
        20          6          0          0          0         68   dnan2.o
       104          4          0          0          0        104   drlef.o
        84          4          0          0          0         60   f2d.o
       348          8          0          0          0        160   faddsub.o
        76          0          0          0          0         68   ffixi.o
        94          0          0          0          0         92   fflti.o
       176          4          0          0          0         80   fmul.o
        94          0          0          0          0         68   retnan.o
         0          0          0          0          0          0   usenofp.o
       200         20          0          0          0         76   ceil.o
       200         20          0          0          0         76   floor.o

    ----------------------------------------------------------------------
      5544        176        130          0         96       2556   Library Totals
         8          0          2          0          0          0   (incl. Padding)

    ----------------------------------------------------------------------

      Code (inc. data)   RO Data    RW Data    ZI Data      Debug   Library Name

       994         16          0          0         96        836   c_p.l
      4142        120        128          0          0       1568   fz_ps.l
       400         40          0          0          0        152   m_ps.l

    ----------------------------------------------------------------------
      5544        176        130          0         96       2556   Library Totals

    ----------------------------------------------------------------------

==============================================================================


      Code (inc. data)   RO Data    RW Data    ZI Data      Debug   

     26652       2062        500        360       2480     635196   Grand Totals
     26652       2062        500        176       2480     635196   ELF Image Totals (compressed)
     26652       2062        500        176          0          0   ROM Totals

==============================================================================

    Total RO  Size (Code + RO Data)                27152 (  26.52kB)
    Total RW  Size (RW Data + ZI Data)              2840 (   2.77kB)
    Total ROM Size (Code + RO Data + RW Data)      27328 (  26.69kB)

==============================================================================

